Archive member included because of file (symbol)

c:/program files (x86)/atmel/atmel toolchain/avr8 gcc/native/3.4.1061/avr8-gnu-toolchain/bin/../lib/gcc/avr/4.8.1/../../../../avr/lib/avr5\libm.a(atan2.o)
                              lab2demo.o (atan2)
c:/program files (x86)/atmel/atmel toolchain/avr8 gcc/native/3.4.1061/avr8-gnu-toolchain/bin/../lib/gcc/avr/4.8.1/../../../../avr/lib/avr5\libm.a(atan.o)
                              c:/program files (x86)/atmel/atmel toolchain/avr8 gcc/native/3.4.1061/avr8-gnu-toolchain/bin/../lib/gcc/avr/4.8.1/../../../../avr/lib/avr5\libm.a(atan2.o) (atan)
c:/program files (x86)/atmel/atmel toolchain/avr8 gcc/native/3.4.1061/avr8-gnu-toolchain/bin/../lib/gcc/avr/4.8.1/../../../../avr/lib/avr5\libm.a(divsf3.o)
                              lab2demo.o (__divsf3)
c:/program files (x86)/atmel/atmel toolchain/avr8 gcc/native/3.4.1061/avr8-gnu-toolchain/bin/../lib/gcc/avr/4.8.1/../../../../avr/lib/avr5\libm.a(divsf3x.o)
                              c:/program files (x86)/atmel/atmel toolchain/avr8 gcc/native/3.4.1061/avr8-gnu-toolchain/bin/../lib/gcc/avr/4.8.1/../../../../avr/lib/avr5\libm.a(divsf3.o) (__divsf3x)
c:/program files (x86)/atmel/atmel toolchain/avr8 gcc/native/3.4.1061/avr8-gnu-toolchain/bin/../lib/gcc/avr/4.8.1/../../../../avr/lib/avr5\libm.a(fixsfsi.o)
                              lab2demo.o (__fixsfsi)
c:/program files (x86)/atmel/atmel toolchain/avr8 gcc/native/3.4.1061/avr8-gnu-toolchain/bin/../lib/gcc/avr/4.8.1/../../../../avr/lib/avr5\libm.a(fixunssfsi.o)
                              c:/program files (x86)/atmel/atmel toolchain/avr8 gcc/native/3.4.1061/avr8-gnu-toolchain/bin/../lib/gcc/avr/4.8.1/../../../../avr/lib/avr5\libm.a(fixsfsi.o) (__fixunssfsi)
c:/program files (x86)/atmel/atmel toolchain/avr8 gcc/native/3.4.1061/avr8-gnu-toolchain/bin/../lib/gcc/avr/4.8.1/../../../../avr/lib/avr5\libm.a(floatsisf.o)
                              lab2demo.o (__floatsisf)
c:/program files (x86)/atmel/atmel toolchain/avr8 gcc/native/3.4.1061/avr8-gnu-toolchain/bin/../lib/gcc/avr/4.8.1/../../../../avr/lib/avr5\libm.a(fp_inf.o)
                              c:/program files (x86)/atmel/atmel toolchain/avr8 gcc/native/3.4.1061/avr8-gnu-toolchain/bin/../lib/gcc/avr/4.8.1/../../../../avr/lib/avr5\libm.a(divsf3x.o) (__fp_inf)
c:/program files (x86)/atmel/atmel toolchain/avr8 gcc/native/3.4.1061/avr8-gnu-toolchain/bin/../lib/gcc/avr/4.8.1/../../../../avr/lib/avr5\libm.a(fp_nan.o)
                              c:/program files (x86)/atmel/atmel toolchain/avr8 gcc/native/3.4.1061/avr8-gnu-toolchain/bin/../lib/gcc/avr/4.8.1/../../../../avr/lib/avr5\libm.a(atan2.o) (__fp_nan)
c:/program files (x86)/atmel/atmel toolchain/avr8 gcc/native/3.4.1061/avr8-gnu-toolchain/bin/../lib/gcc/avr/4.8.1/../../../../avr/lib/avr5\libm.a(fp_powser.o)
                              c:/program files (x86)/atmel/atmel toolchain/avr8 gcc/native/3.4.1061/avr8-gnu-toolchain/bin/../lib/gcc/avr/4.8.1/../../../../avr/lib/avr5\libm.a(atan.o) (__fp_powser)
c:/program files (x86)/atmel/atmel toolchain/avr8 gcc/native/3.4.1061/avr8-gnu-toolchain/bin/../lib/gcc/avr/4.8.1/../../../../avr/lib/avr5\libm.a(fp_pscA.o)
                              c:/program files (x86)/atmel/atmel toolchain/avr8 gcc/native/3.4.1061/avr8-gnu-toolchain/bin/../lib/gcc/avr/4.8.1/../../../../avr/lib/avr5\libm.a(atan2.o) (__fp_pscA)
c:/program files (x86)/atmel/atmel toolchain/avr8 gcc/native/3.4.1061/avr8-gnu-toolchain/bin/../lib/gcc/avr/4.8.1/../../../../avr/lib/avr5\libm.a(fp_pscB.o)
                              c:/program files (x86)/atmel/atmel toolchain/avr8 gcc/native/3.4.1061/avr8-gnu-toolchain/bin/../lib/gcc/avr/4.8.1/../../../../avr/lib/avr5\libm.a(atan2.o) (__fp_pscB)
c:/program files (x86)/atmel/atmel toolchain/avr8 gcc/native/3.4.1061/avr8-gnu-toolchain/bin/../lib/gcc/avr/4.8.1/../../../../avr/lib/avr5\libm.a(fp_round.o)
                              c:/program files (x86)/atmel/atmel toolchain/avr8 gcc/native/3.4.1061/avr8-gnu-toolchain/bin/../lib/gcc/avr/4.8.1/../../../../avr/lib/avr5\libm.a(atan2.o) (__fp_round)
c:/program files (x86)/atmel/atmel toolchain/avr8 gcc/native/3.4.1061/avr8-gnu-toolchain/bin/../lib/gcc/avr/4.8.1/../../../../avr/lib/avr5\libm.a(fp_split3.o)
                              c:/program files (x86)/atmel/atmel toolchain/avr8 gcc/native/3.4.1061/avr8-gnu-toolchain/bin/../lib/gcc/avr/4.8.1/../../../../avr/lib/avr5\libm.a(atan2.o) (__fp_split3)
c:/program files (x86)/atmel/atmel toolchain/avr8 gcc/native/3.4.1061/avr8-gnu-toolchain/bin/../lib/gcc/avr/4.8.1/../../../../avr/lib/avr5\libm.a(fp_zero.o)
                              c:/program files (x86)/atmel/atmel toolchain/avr8 gcc/native/3.4.1061/avr8-gnu-toolchain/bin/../lib/gcc/avr/4.8.1/../../../../avr/lib/avr5\libm.a(atan2.o) (__fp_zero)
c:/program files (x86)/atmel/atmel toolchain/avr8 gcc/native/3.4.1061/avr8-gnu-toolchain/bin/../lib/gcc/avr/4.8.1/../../../../avr/lib/avr5\libm.a(hypot.o)
                              lab2demo.o (hypot)
[...]
Memory Configuration

Name             Origin             Length             Attributes
text             0x00000000         0x00020000         xr
data             0x00800060         0x0000ffa0         rw !x
eeprom           0x00810000         0x00010000         rw !x
fuse             0x00820000         0x00000400         rw !x
lock             0x00830000         0x00000400         rw !x
signature        0x00840000         0x00000400         rw !x
user_signatures  0x00850000         0x00000400         rw !x
*default*        0x00000000         0xffffffff

Linker script and memory map

Address of section .data set to 0x800100
LOAD c:/program files (x86)/atmel/atmel toolchain/avr8 gcc/native/3.4.1061/avr8-gnu-toolchain/bin/../lib/gcc/avr/4.8.1/../../../../avr/lib/avr5/crtm324p.o
LOAD lab2demo.o
START GROUP
LOAD c:/program files (x86)/atmel/atmel toolchain/avr8 gcc/native/3.4.1061/avr8-gnu-toolchain/bin/../lib/gcc/avr/4.8.1/../../../../avr/lib/avr5\libm.a
LOAD c:/program files (x86)/atmel/atmel toolchain/avr8 gcc/native/3.4.1061/avr8-gnu-toolchain/bin/../lib/gcc/avr/4.8.1/../../../../avr/lib/avr5\libm.a
LOAD ../../../../../../Software/libraries/libcapi324v221\libcapi324v221.a
LOAD c:/program files (x86)/atmel/atmel toolchain/avr8 gcc/native/3.4.1061/avr8-gnu-toolchain/bin/../lib/gcc/avr/4.8.1/../../../../avr/lib/avr5\libprintf_flt.a
END GROUP
START GROUP
LOAD c:/program files (x86)/atmel/atmel toolchain/avr8 gcc/native/3.4.1061/avr8-gnu-toolchain/bin/../lib/gcc/avr/4.8.1/avr5\libgcc.a
LOAD c:/program files (x86)/atmel/atmel toolchain/avr8 gcc/native/3.4.1061/avr8-gnu-toolchain/bin/../lib/gcc/avr/4.8.1/../../../../avr/lib/avr5\libm.a
LOAD c:/program files (x86)/atmel/atmel toolchain/avr8 gcc/native/3.4.1061/avr8-gnu-toolchain/bin/../lib/gcc/avr/4.8.1/../../../../avr/lib/avr5\libc.a
END GROUP

.hash
 *(.hash)

.dynsym
 *(.dynsym)

.dynstr
 *(.dynstr)

.gnu.version
 *(.gnu.version)

.gnu.version_d
 *(.gnu.version_d)

.gnu.version_r
 *(.gnu.version_r)

.rel.init
 *(.rel.init)

.rela.init
 *(.rela.init)

.rel.text
 *(.rel.text)
 *(.rel.text.*)
 *(.rel.gnu.linkonce.t*)

.rela.text
 *(.rela.text)
 *(.rela.text.*)
 *(.rela.gnu.linkonce.t*)

.rel.fini
 *(.rel.fini)

.rela.fini
 *(.rela.fini)

.rel.rodata
 *(.rel.rodata)
 *(.rel.rodata.*)
 *(.rel.gnu.linkonce.r*)

.rela.rodata
 *(.rela.rodata)
 *(.rela.rodata.*)
 *(.rela.gnu.linkonce.r*)

.rel.data
 *(.rel.data)
 *(.rel.data.*)
 *(.rel.gnu.linkonce.d*)

.rela.data
 *(.rela.data)
 *(.rela.data.*)
 *(.rela.gnu.linkonce.d*)

.rel.ctors
 *(.rel.ctors)

.rela.ctors
 *(.rela.ctors)

.rel.dtors
 *(.rel.dtors)

.rela.dtors
 *(.rela.dtors)

.rel.got
 *(.rel.got)

.rela.got
 *(.rela.got)

.rel.bss
 *(.rel.bss)

.rela.bss
 *(.rela.bss)

.rel.plt
 *(.rel.plt)

.rela.plt
 *(.rela.plt)

.text           0x00000000     0x4498
 *(.vectors)
 .vectors       0x00000000       0x7c c:/program files (x86)/atmel/atmel toolchain/avr8 gcc/native/3.4.1061/avr8-gnu-toolchain/bin/../lib/gcc/avr/4.8.1/../../../../avr/lib/avr5/crtm324p.o
                0x00000000                __vector_default
                0x00000000                __vectors
 *(.vectors)
 *(.progmem.gcc*)
 .progmem.gcc_fplib
                0x0000007c       0x2d c:/program files (x86)/atmel/atmel toolchain/avr8 gcc/native/3.4.1061/avr8-gnu-toolchain/bin/../lib/gcc/avr/4.8.1/../../../../avr/lib/avr5\libm.a(atan.o)
 *fill*         0x000000a9        0x1 
 .progmem.gcc_sw_table
                0x000000aa       0x26 ../../../../../../Software/libraries/libcapi324v221\libcapi324v221.a(SYS_get_state.o)
 .progmem.gcc_sw_table
                0x000000d0       0x26 ../../../../../../Software/libraries/libcapi324v221\libcapi324v221.a(SYS_set_state.o)
 .progmem.gcc_fplib
                0x000000f6       0x28 c:/program files (x86)/atmel/atmel toolchain/avr8 gcc/native/3.4.1061/avr8-gnu-toolchain/bin/../lib/gcc/avr/4.8.1/../../../../avr/lib/avr5\libm.a(exp.o)
 .progmem.gcc_fplib
                0x0000011e       0x5a c:/program files (x86)/atmel/atmel toolchain/avr8 gcc/native/3.4.1061/avr8-gnu-toolchain/bin/../lib/gcc/avr/4.8.1/../../../../avr/lib/avr5\libm.a(log.o)
                0x00000178                . = ALIGN (0x2)
                0x00000178                __trampolines_start = .
 *(.trampolines)
 .trampolines   0x00000178        0x0 linker stubs
 *(.trampolines*)
                0x00000178                __trampolines_end = .
 *(.progmem*)
 .progmem.data  0x00000178      0x415 ../../../../../../Software/libraries/libcapi324v221\libcapi324v221.a(LCD_globals.o)
                0x00000178                char_bitmap
                0x0000038d                CEENBoT_Inc_logo_bitmap
 .progmem.data  0x0000058d        0x8 c:/program files (x86)/atmel/atmel toolchain/avr8 gcc/native/3.4.1061/avr8-gnu-toolchain/bin/../lib/gcc/avr/4.8.1/../../../../avr/lib/avr5\libprintf_flt.a(vfprintf_flt.o)
 .progmem.data  0x00000595       0xfa c:/program files (x86)/atmel/atmel toolchain/avr8 gcc/native/3.4.1061/avr8-gnu-toolchain/bin/../lib/gcc/avr/4.8.1/../../../../avr/lib/avr5\libc.a(ftoa_engine.o)
                0x00000690                . = ALIGN (0x2)
 *fill*         0x0000068f        0x1 
 *(.jumptables)
 *(.jumptables*)
 *(.lowtext)
 *(.lowtext*)
                0x00000690                __ctors_start = .
 *(.ctors)
                0x00000690                __ctors_end = .
                0x00000690                __dtors_start = .
 *(.dtors)
                0x00000690                __dtors_end = .
 SORT(*)(.ctors)
 SORT(*)(.dtors)
 *(.init0)
 .init0         0x00000690        0x0 c:/program files (x86)/atmel/atmel toolchain/avr8 gcc/native/3.4.1061/avr8-gnu-toolchain/bin/../lib/gcc/avr/4.8.1/../../../../avr/lib/avr5/crtm324p.o
                0x00000690                __init
 *(.init0)
 *(.init1)
 *(.init1)
 *(.init2)
 .init2         0x00000690        0xc c:/program files (x86)/atmel/atmel toolchain/avr8 gcc/native/3.4.1061/avr8-gnu-toolchain/bin/../lib/gcc/avr/4.8.1/../../../../avr/lib/avr5/crtm324p.o
 *(.init2)
 *(.init3)
 *(.init3)
 *(.init4)
 .init4         0x0000069c       0x16 c:/program files (x86)/atmel/atmel toolchain/avr8 gcc/native/3.4.1061/avr8-gnu-toolchain/bin/../lib/gcc/avr/4.8.1/avr5\libgcc.a(_copy_data.o)
                0x0000069c                __do_copy_data
 .init4         0x000006b2       0x10 c:/program files (x86)/atmel/atmel toolchain/avr8 gcc/native/3.4.1061/avr8-gnu-toolchain/bin/../lib/gcc/avr/4.8.1/avr5\libgcc.a(_clear_bss.o)
                0x000006b2                __do_clear_bss
 *(.init4)
 *(.init5)
 *(.init5)
 *(.init6)
 *(.init6)
 *(.init7)
 *(.init7)
 *(.init8)
 *(.init8)
 *(.init9)
 .init9         0x000006c2        0x8 c:/program files (x86)/atmel/atmel toolchain/avr8 gcc/native/3.4.1061/avr8-gnu-toolchain/bin/../lib/gcc/avr/4.8.1/../../../../avr/lib/avr5/crtm324p.o
 *(.init9)
 *(.text)
 .text          0x000006ca        0x4 c:/program files (x86)/atmel/atmel toolchain/avr8 gcc/native/3.4.1061/avr8-gnu-toolchain/bin/../lib/gcc/avr/4.8.1/../../../../avr/lib/avr5/crtm324p.o
                0x000006ca                __vector_22
                0x000006ca                __vector_28
                0x000006ca                __vector_1
                0x000006ca                __vector_24
                0x000006ca                __bad_interrupt
                0x000006ca                __vector_3
                0x000006ca                __vector_23
                0x000006ca                __vector_30
                0x000006ca                __vector_25
                0x000006ca                __vector_19
                0x000006ca                __vector_27
                0x000006ca                __vector_2
                0x000006ca                __vector_21
                0x000006ca                __vector_29
                0x000006ca                __vector_8
                0x000006ca                __vector_26
                0x000006ca                __vector_20
 .text          0x000006ce       0x12 ../../../../../../Software/libraries/libcapi324v221\libcapi324v221.a(CBOT_main.o)
                0x000006ce                main
 .text          0x000006e0       0x3a ../../../../../../Software/libraries/libcapi324v221\libcapi324v221.a(LCD_clear.o)
                0x000006e0                LCD_clear
 .text          0x0000071a      0x102 ../../../../../../Software/libraries/libcapi324v221\libcapi324v221.a(LCD_open.o)
                0x0000071a                LCD_open
 .text          0x0000081c       0x42 ../../../../../../Software/libraries/libcapi324v221\libcapi324v221.a(LCD_set_backlight.o)
                0x0000081c                LCD_set_backlight
 .text          0x0000085e        0xe ../../../../../../Software/libraries/libcapi324v221\libcapi324v221.a(LCD_set_next_PGC.o)
                0x0000085e                LCD_set_next_PGC
 .text          0x0000086c       0x32 ../../../../../../Software/libraries/libcapi324v221\libcapi324v221.a(LCD_set_PGC_addr.o)
                0x0000086c                LCD_set_PGC_addr
 .text          0x0000089e       0x36 ../../../../../../Software/libraries/libcapi324v221\libcapi324v221.a(LCD_write.o)
                0x0000089e                LCD_write
 .text          0x000008d4       0xa2 ../../../../../../Software/libraries/libcapi324v221\libcapi324v221.a(SPI_set_slave_addr.o)
                0x000008d4                SPI_set_slave_addr
 .text          0x00000976       0x1e ../../../../../../Software/libraries/libcapi324v221\libcapi324v221.a(SPI_transmit.o)
                0x00000976                SPI_transmit
 .text          0x00000994       0x1c ../../../../../../Software/libraries/libcapi324v221\libcapi324v221.a(STEPPER_close.o)
                0x00000994                STEPPER_close
 .text          0x000009b0      0x2c8 ../../../../../../Software/libraries/libcapi324v221\libcapi324v221.a(STEPPER_move.o)
                0x00000b2a                STEPPER_move
 .text          0x00000c78       0xae ../../../../../../Software/libraries/libcapi324v221\libcapi324v221.a(STEPPER_open.o)
                0x00000c78                STEPPER_open
 .text          0x00000d26       0x2e ../../../../../../Software/libraries/libcapi324v221\libcapi324v221.a(STEPPER_run.o)
                0x00000d26                STEPPER_run
 .text          0x00000d54       0x44 ../../../../../../Software/libraries/libcapi324v221\libcapi324v221.a(STEPPER_set_accel.o)
                0x00000d54                STEPPER_set_accel
 .text          0x00000d98       0x2a ../../../../../../Software/libraries/libcapi324v221\libcapi324v221.a(STEPPER_set_dir.o)
                0x00000d98                STEPPER_set_dir
 .text          0x00000dc2       0x2a ../../../../../../Software/libraries/libcapi324v221\libcapi324v221.a(STEPPER_set_mode.o)
                0x00000dc2                STEPPER_set_mode
 .text          0x00000dec       0x44 ../../../../../../Software/libraries/libcapi324v221\libcapi324v221.a(STEPPER_set_speed.o)
                0x00000dec                STEPPER_set_speed
 .text          0x00000e30      0x118 ../../../../../../Software/libraries/libcapi324v221\libcapi324v221.a(STEPPER_step.o)
                0x00000e30                STEPPER_step
 .text          0x00000f48       0x4a ../../../../../../Software/libraries/libcapi324v221\libcapi324v221.a(STEPPER_stop.o)
                0x00000f48                STEPPER_stop
 .text          0x00000f92       0x9c ../../../../../../Software/libraries/libcapi324v221\libcapi324v221.a(STEPPER_wait_and_then.o)
                0x00000f92                STEPPER_wait_and_then
 .text          0x0000102e       0x90 ../../../../../../Software/libraries/libcapi324v221\libcapi324v221.a(SYS_get_state.o)
                0x0000102e                SYS_get_state
 .text          0x000010be       0x8e ../../../../../../Software/libraries/libcapi324v221\libcapi324v221.a(SYS_set_state.o)
                0x000010be                SYS_set_state
 .text          0x0000114c       0x9c ../../../../../../Software/libraries/libcapi324v221\libcapi324v221.a(ATTINY_get_SW_state.o)
                0x0000114c                ATTINY_get_SW_state
 .text          0x000011e8       0x9e ../../../../../../Software/libraries/libcapi324v221\libcapi324v221.a(ATTINY_open.o)
                0x000011e8                ATTINY_open
 .text          0x00001286       0x42 ../../../../../../Software/libraries/libcapi324v221\libcapi324v221.a(TMRSRVC_delay.o)
                0x00001286                TMRSRVC_delay
 .text          0x000012c8       0x7c ../../../../../../Software/libraries/libcapi324v221\libcapi324v221.a(TMRSRVC_new.o)
                0x000012c8                TMRSRVC_new
 .text          0x00001344       0x1c ../../../../../../Software/libraries/libcapi324v221\libcapi324v221.a(CBOT_init.o)
                0x00001344                CBOT_init
 .text          0x00001360      0x480 ../../../../../../Software/libraries/libcapi324v221\libcapi324v221.a(CBOT_isr.o)
                0x00001360                CBOT_ISR_init
                0x00001364                __vector_16
                0x000013b6                __vector_17
                0x00001408                __vector_18
                0x0000145a                __vector_9
                0x000014ac                __vector_10
                0x000014fe                __vector_11
                0x00001550                __vector_13
                0x000015a2                __vector_14
                0x000015f4                __vector_12
                0x00001646                __vector_15
                0x00001698                __vector_4
                0x000016ea                __vector_5
                0x0000173c                __vector_6
                0x0000178e                __vector_7
 .text          0x000017e0       0x28 ../../../../../../Software/libraries/libcapi324v221\libcapi324v221.a(ISR_open.o)
                0x000017e0                ISR_open
 .text          0x00001808        0x4 ../../../../../../Software/libraries/libcapi324v221\libcapi324v221.a(__LCD_init.o)
                0x00001808                __LCD_init
 .text          0x0000180c      0x15a ../../../../../../Software/libraries/libcapi324v221\libcapi324v221.a(__LCD_putchar.o)
                0x0000180c                __LCD_putchar
 .text          0x00001966       0x24 ../../../../../../Software/libraries/libcapi324v221\libcapi324v221.a(ATMEGA_open.o)
                0x00001966                ATMEGA_open
 .text          0x0000198a       0xa6 ../../../../../../Software/libraries/libcapi324v221\libcapi324v221.a(ATMEGA_set_clk_mode.o)
                0x0000198a                ATMEGA_set_clk_mode
 .text          0x00001a30       0x72 ../../../../../../Software/libraries/libcapi324v221\libcapi324v221.a(SPI_open.o)
                0x00001a30                SPI_open
 .text          0x00001aa2       0x12 ../../../../../../Software/libraries/libcapi324v221\libcapi324v221.a(SPI_set_config_func.o)
                0x00001aa2                SPI_set_config_func
 .text          0x00001ab4       0x72 ../../../../../../Software/libraries/libcapi324v221\libcapi324v221.a(SPKR_close.o)
                0x00001ab4                __SPKR_close_beep_mode
                0x00001ad0                __SPKR_close_tone_mode
                0x00001b12                SPKR_close
 .text          0x00001b26      0x13c ../../../../../../Software/libraries/libcapi324v221\libcapi324v221.a(SPKR_open.o)
                0x00001b26                __SPKR_set_up_freq_LUT
                0x00001bc4                __SPKR_open_beep_mode
                0x00001bf0                __SPKR_open_tone_mode
                0x00001c48                SPKR_open
 .text          0x00001c62       0x9a ../../../../../../Software/libraries/libcapi324v221\libcapi324v221.a(SPKR_play_beep.o)
                0x00001c62                SPKR_play_beep
 .text          0x00001cfc        0xc ../../../../../../Software/libraries/libcapi324v221\libcapi324v221.a(__SPKR_stop.o)
                0x00001cfc                __SPKR_stop
 .text          0x00001d08       0x14 ../../../../../../Software/libraries/libcapi324v221\libcapi324v221.a(__STEPPER_close.o)
                0x00001d08                __STEPPER_close
 .text          0x00001d1c       0x2a ../../../../../../Software/libraries/libcapi324v221\libcapi324v221.a(STEPPER_go.o)
                0x00001d1c                STEPPER_go
 .text          0x00001d46       0x14 ../../../../../../Software/libraries/libcapi324v221\libcapi324v221.a(__STEPPER_init.o)
                0x00001d46                __STEPPER_init
 .text          0x00001d5a       0x36 ../../../../../../Software/libraries/libcapi324v221\libcapi324v221.a(STEPPER_set_steps.o)
                0x00001d5a                STEPPER_set_steps
 .text          0x00001d90       0x2a ../../../../../../Software/libraries/libcapi324v221\libcapi324v221.a(STEPPER_set_stop_mode.o)
                0x00001d90                STEPPER_set_stop_mode
 .text          0x00001dba       0x7a ../../../../../../Software/libraries/libcapi324v221\libcapi324v221.a(STEPPER_setup_decels.o)
                0x00001dba                STEPPER_setup_decels
 .text          0x00001e34       0x46 ../../../../../../Software/libraries/libcapi324v221\libcapi324v221.a(SYS_init.o)
                0x00001e34                SYS_init
 .text          0x00001e7a       0x62 ../../../../../../Software/libraries/libcapi324v221\libcapi324v221.a(ATTINY_get_sensors.o)
                0x00001e7a                ATTINY_get_sensors
 .text          0x00001edc       0xd2 ../../../../../../Software/libraries/libcapi324v221\libcapi324v221.a(__TMRSRVC_insert.o)
                0x00001edc                TMRSRVC_insert
 .text          0x00001fae       0x3e ../../../../../../Software/libraries/libcapi324v221\libcapi324v221.a(TMRSRVC_open.o)
                0x00001fae                TMRSRVC_open
 .text          0x00001fec        0xc ../../../../../../Software/libraries/libcapi324v221\libcapi324v221.a(__TMRSRVC_start.o)
                0x00001fec                __TMRSRVC_start
 .text          0x00001ff8        0x8 ../../../../../../Software/libraries/libcapi324v221\libcapi324v221.a(TMRSRVC_start.o)
                0x00001ff8                TMRSRVC_start
 .text          0x00002000       0x22 ../../../../../../Software/libraries/libcapi324v221\libcapi324v221.a(__ISR_attach.o)
                0x00002000                __ISR_attach
 .text          0x00002022       0x28 ../../../../../../Software/libraries/libcapi324v221\libcapi324v221.a(ISR_attach.o)
                0x00002022                ISR_attach
 .text          0x0000204a        0x6 ../../../../../../Software/libraries/libcapi324v221\libcapi324v221.a(__ATMEGA_init.o)
                0x0000204a                __ATMEGA_init
 .text          0x00002050       0x52 ../../../../../../Software/libraries/libcapi324v221\libcapi324v221.a(SPI_cfgrs.o)
                0x00002050                SPI_default_config
                0x00002060                SPI_ATtiny0_config
                0x00002070                SPI_PSXC_config
                0x00002080                SPI_LCD_config
                0x00002090                SPI_FLASH_config
 .text          0x000020a2        0xe ../../../../../../Software/libraries/libcapi324v221\libcapi324v221.a(__SPI_init.o)
                0x000020a2                __SPI_init
 .text          0x000020b0       0x24 ../../../../../../Software/libraries/libcapi324v221\libcapi324v221.a(SPI_receive.o)
                0x000020b0                SPI_receive
 .text          0x000020d4        0x6 ../../../../../../Software/libraries/libcapi324v221\libcapi324v221.a(ISR__SPKR__TIMER1_COMPA_vect.o)
                0x000020d4                __SPKR_TIMER1_COMPA_vect
 .text          0x000020da       0x2e ../../../../../../Software/libraries/libcapi324v221\libcapi324v221.a(SPKR_beep.o)
                0x000020da                SPKR_beep
 .text          0x00002108       0x82 ../../../../../../Software/libraries/libcapi324v221\libcapi324v221.a(SPKR_clk.o)
                0x00002108                SPKR_clk
 .text          0x0000218a       0x38 ../../../../../../Software/libraries/libcapi324v221\libcapi324v221.a(__SPKR_close.o)
                0x0000218a                __SPKR_close
 .text          0x000021c2       0x54 ../../../../../../Software/libraries/libcapi324v221\libcapi324v221.a(__SPKR_init.o)
                0x000021c2                __SPKR_init
 .text          0x00002216       0xda ../../../../../../Software/libraries/libcapi324v221\libcapi324v221.a(STEPPER_set_decel_step_values.o)
                0x00002216                STEPPER_set_decel_step_values
 .text          0x000022f0        0xe ../../../../../../Software/libraries/libcapi324v221\libcapi324v221.a(ISR__TIMER0_COMPA_vect.o)
                0x000022f0                __TIMER0_COMPA_vect
 .text          0x000022fe       0x12 ../../../../../../Software/libraries/libcapi324v221\libcapi324v221.a(__TMRSRVC_init.o)
                0x000022fe                __TMRSRVC_init
 .text          0x00002310       0x32 ../../../../../../Software/libraries/libcapi324v221\libcapi324v221.a(TMRSRVC_tick.o)
                0x00002310                TMRSRVC_tick
 .text          0x00002342       0x4e ../../../../../../Software/libraries/libcapi324v221\libcapi324v221.a(SPKR_beep_clk.o)
                0x00002342                SPKR_beep_clk
 .text          0x00002390      0x162 ../../../../../../Software/libraries/libcapi324v221\libcapi324v221.a(STEPPER_clk.o)
                0x00002390                STEPPER_clk
 .text          0x000024f2       0x8a ../../../../../../Software/libraries/libcapi324v221\libcapi324v221.a(STEPPER_process_accel.o)
                0x000024f2                STEPPER_process_accel
 .text          0x0000257c      0x206 ../../../../../../Software/libraries/libcapi324v221\libcapi324v221.a(STEPPER_process_run_mode.o)
                0x0000257c                STEPPER_process_run_mode
 .text          0x00002782       0xa8 ../../../../../../Software/libraries/libcapi324v221\libcapi324v221.a(STEPPER_process_step_mode.o)
                0x00002782                STEPPER_process_step_mode
 .text          0x0000282a       0xd6 ../../../../../../Software/libraries/libcapi324v221\libcapi324v221.a(TMRSRVC_process.o)
                0x0000282a                TMRSRVC_process
 .text          0x00002900        0x6 ../../../../../../Software/libraries/libcapi324v221\libcapi324v221.a(TMRSRVC_stop.o)
                0x00002900                TMRSRVC_stop
 .text          0x00002906      0x130 ../../../../../../Software/libraries/libcapi324v221\libcapi324v221.a(STEPPER_process_pwm.o)
                0x00002906                STEPPER_process_pwm
                0x00002a36                . = ALIGN (0x2)
 *(.text.*)
 .text.moveForward
                0x00002a36       0x94 lab2demo.o
                0x00002a36                moveForward
 .text.go2Angle
                0x00002aca      0x14c lab2demo.o
                0x00002aca                go2Angle
 .text.go2Point
                0x00002c16       0xf6 lab2demo.o
                0x00002c16                go2Point
 .text.CBOT_main
                0x00002d0c       0x90 lab2demo.o
                0x00002d0c                CBOT_main
 .text.avr-libc.fplib
                0x00002d9c       0x74 c:/program files (x86)/atmel/atmel toolchain/avr8 gcc/native/3.4.1061/avr8-gnu-toolchain/bin/../lib/gcc/avr/4.8.1/../../../../avr/lib/avr5\libm.a(atan2.o)
                0x00002dba                atan2
 .text.avr-libc.fplib
                0x00002e10       0x50 c:/program files (x86)/atmel/atmel toolchain/avr8 gcc/native/3.4.1061/avr8-gnu-toolchain/bin/../lib/gcc/avr/4.8.1/../../../../avr/lib/avr5\libm.a(atan.o)
                0x00002e10                atan
 .text.avr-libc.fplib
                0x00002e60        0x4 c:/program files (x86)/atmel/atmel toolchain/avr8 gcc/native/3.4.1061/avr8-gnu-toolchain/bin/../lib/gcc/avr/4.8.1/../../../../avr/lib/avr5\libm.a(divsf3.o)
                0x00002e60                __divsf3
 .text.avr-libc.fplib
                0x00002e64       0xcc c:/program files (x86)/atmel/atmel toolchain/avr8 gcc/native/3.4.1061/avr8-gnu-toolchain/bin/../lib/gcc/avr/4.8.1/../../../../avr/lib/avr5\libm.a(divsf3x.o)
                0x00002e7a                __divsf3x
                0x00002e7e                __divsf3_pse
 .text.avr-libc.fplib
                0x00002f30        0xa c:/program files (x86)/atmel/atmel toolchain/avr8 gcc/native/3.4.1061/avr8-gnu-toolchain/bin/../lib/gcc/avr/4.8.1/../../../../avr/lib/avr5\libm.a(fixsfsi.o)
                0x00002f30                __fixsfsi
 .text.avr-libc.fplib
                0x00002f3a       0x58 c:/program files (x86)/atmel/atmel toolchain/avr8 gcc/native/3.4.1061/avr8-gnu-toolchain/bin/../lib/gcc/avr/4.8.1/../../../../avr/lib/avr5\libm.a(fixunssfsi.o)
                0x00002f3a                __fixunssfsi
 .text.avr-libc.fplib
                0x00002f92       0x7a c:/program files (x86)/atmel/atmel toolchain/avr8 gcc/native/3.4.1061/avr8-gnu-toolchain/bin/../lib/gcc/avr/4.8.1/../../../../avr/lib/avr5\libm.a(floatsisf.o)
                0x00002f92                __floatunsisf
                0x00002f96                __floatsisf
 .text.avr-libc.fplib
                0x0000300c        0xc c:/program files (x86)/atmel/atmel toolchain/avr8 gcc/native/3.4.1061/avr8-gnu-toolchain/bin/../lib/gcc/avr/4.8.1/../../../../avr/lib/avr5\libm.a(fp_inf.o)
                0x0000300c                __fp_inf
 .text.avr-libc.fplib
                0x00003018        0x6 c:/program files (x86)/atmel/atmel toolchain/avr8 gcc/native/3.4.1061/avr8-gnu-toolchain/bin/../lib/gcc/avr/4.8.1/../../../../avr/lib/avr5\libm.a(fp_nan.o)
                0x00003018                __fp_nan
 .text.avr-libc.fplib
                0x0000301e       0x4a c:/program files (x86)/atmel/atmel toolchain/avr8 gcc/native/3.4.1061/avr8-gnu-toolchain/bin/../lib/gcc/avr/4.8.1/../../../../avr/lib/avr5\libm.a(fp_powser.o)
                0x0000301e                __fp_powser
 .text.avr-libc.fplib
                0x00003068        0xe c:/program files (x86)/atmel/atmel toolchain/avr8 gcc/native/3.4.1061/avr8-gnu-toolchain/bin/../lib/gcc/avr/4.8.1/../../../../avr/lib/avr5\libm.a(fp_pscA.o)
                0x00003068                __fp_pscA
 .text.avr-libc.fplib
                0x00003076        0xe c:/program files (x86)/atmel/atmel toolchain/avr8 gcc/native/3.4.1061/avr8-gnu-toolchain/bin/../lib/gcc/avr/4.8.1/../../../../avr/lib/avr5\libm.a(fp_pscB.o)
                0x00003076                __fp_pscB
 .text.avr-libc.fplib
                0x00003084       0x22 c:/program files (x86)/atmel/atmel toolchain/avr8 gcc/native/3.4.1061/avr8-gnu-toolchain/bin/../lib/gcc/avr/4.8.1/../../../../avr/lib/avr5\libm.a(fp_round.o)
                0x00003084                __fp_round
 .text.avr-libc.fplib
                0x000030a6       0x44 c:/program files (x86)/atmel/atmel toolchain/avr8 gcc/native/3.4.1061/avr8-gnu-toolchain/bin/../lib/gcc/avr/4.8.1/../../../../avr/lib/avr5\libm.a(fp_split3.o)
                0x000030a6                __fp_split3
                0x000030b6                __fp_splitA
 .text.avr-libc.fplib
                0x000030ea        0xe c:/program files (x86)/atmel/atmel toolchain/avr8 gcc/native/3.4.1061/avr8-gnu-toolchain/bin/../lib/gcc/avr/4.8.1/../../../../avr/lib/avr5\libm.a(fp_zero.o)
                0x000030ea                __fp_zero
                0x000030ec                __fp_szero
 .text.avr-libc.fplib
                0x000030f8       0xc2 c:/program files (x86)/atmel/atmel toolchain/avr8 gcc/native/3.4.1061/avr8-gnu-toolchain/bin/../lib/gcc/avr/4.8.1/../../../../avr/lib/avr5\libm.a(hypot.o)
                0x0000310a                hypot
 .text.avr-libc.fplib
                0x000031ba        0xe c:/program files (x86)/atmel/atmel toolchain/avr8 gcc/native/3.4.1061/avr8-gnu-toolchain/bin/../lib/gcc/avr/4.8.1/../../../../avr/lib/avr5\libm.a(inverse.o)
                0x000031ba                inverse
 .text.avr-libc.fplib
                0x000031c8       0x6c c:/program files (x86)/atmel/atmel toolchain/avr8 gcc/native/3.4.1061/avr8-gnu-toolchain/bin/../lib/gcc/avr/4.8.1/../../../../avr/lib/avr5\libm.a(ldexp.o)
                0x000031cc                ldexp
 .text.avr-libc.fplib
                0x00003234        0x4 c:/program files (x86)/atmel/atmel toolchain/avr8 gcc/native/3.4.1061/avr8-gnu-toolchain/bin/../lib/gcc/avr/4.8.1/../../../../avr/lib/avr5\libm.a(mulsf3.o)
                0x00003234                __mulsf3
 .text.avr-libc.fplib
                0x00003238       0xc2 c:/program files (x86)/atmel/atmel toolchain/avr8 gcc/native/3.4.1061/avr8-gnu-toolchain/bin/../lib/gcc/avr/4.8.1/../../../../avr/lib/avr5\libm.a(mulsf3x.o)
                0x0000324c                __mulsf3x
                0x00003250                __mulsf3_pse
 .text.avr-libc.fplib
                0x000032fa       0x84 c:/program files (x86)/atmel/atmel toolchain/avr8 gcc/native/3.4.1061/avr8-gnu-toolchain/bin/../lib/gcc/avr/4.8.1/../../../../avr/lib/avr5\libm.a(sqrt.o)
                0x00003302                sqrt
 .text.avr-libc.fplib
                0x0000337e        0x6 c:/program files (x86)/atmel/atmel toolchain/avr8 gcc/native/3.4.1061/avr8-gnu-toolchain/bin/../lib/gcc/avr/4.8.1/../../../../avr/lib/avr5\libm.a(square.o)
                0x0000337e                square
 .text.avr-libc.fplib
                0x00003384        0xa c:/program files (x86)/atmel/atmel toolchain/avr8 gcc/native/3.4.1061/avr8-gnu-toolchain/bin/../lib/gcc/avr/4.8.1/../../../../avr/lib/avr5\libm.a(addsf3.o)
                0x00003384                __subsf3
                0x00003386                __addsf3
 .text.avr-libc.fplib
                0x0000338e       0xc0 c:/program files (x86)/atmel/atmel toolchain/avr8 gcc/native/3.4.1061/avr8-gnu-toolchain/bin/../lib/gcc/avr/4.8.1/../../../../avr/lib/avr5\libm.a(addsf3x.o)
                0x000033a8                __addsf3x
 .text.avr-libc.fplib
                0x0000344e       0x1c c:/program files (x86)/atmel/atmel toolchain/avr8 gcc/native/3.4.1061/avr8-gnu-toolchain/bin/../lib/gcc/avr/4.8.1/../../../../avr/lib/avr5\libm.a(fp_mpack.o)
                0x0000344e                __fp_mpack
                0x00003452                __fp_mpack_finite
 .text.avr-libc.fplib
                0x0000346a        0xe c:/program files (x86)/atmel/atmel toolchain/avr8 gcc/native/3.4.1061/avr8-gnu-toolchain/bin/../lib/gcc/avr/4.8.1/../../../../avr/lib/avr5\libm.a(fp_norm2.o)
                0x0000346a                __fp_norm2
 .text.avr-libc
                0x00003478      0x6f6 c:/program files (x86)/atmel/atmel toolchain/avr8 gcc/native/3.4.1061/avr8-gnu-toolchain/bin/../lib/gcc/avr/4.8.1/../../../../avr/lib/avr5\libprintf_flt.a(vfprintf_flt.o)
                0x00003478                vfprintf
 .text.avr-libc.fplib
                0x00003b6e       0x74 c:/program files (x86)/atmel/atmel toolchain/avr8 gcc/native/3.4.1061/avr8-gnu-toolchain/bin/../lib/gcc/avr/4.8.1/../../../../avr/lib/avr5\libm.a(lrint.o)
                0x00003b6e                lrint
 .text.avr-libc.fplib
                0x00003be2       0x98 c:/program files (x86)/atmel/atmel toolchain/avr8 gcc/native/3.4.1061/avr8-gnu-toolchain/bin/../lib/gcc/avr/4.8.1/../../../../avr/lib/avr5\libm.a(pow.o)
                0x00003be2                pow
 .text.avr-libc.fplib
                0x00003c7a       0x62 c:/program files (x86)/atmel/atmel toolchain/avr8 gcc/native/3.4.1061/avr8-gnu-toolchain/bin/../lib/gcc/avr/4.8.1/../../../../avr/lib/avr5\libm.a(exp.o)
                0x00003c84                exp
 .text.avr-libc.fplib
                0x00003cdc       0x8a c:/program files (x86)/atmel/atmel toolchain/avr8 gcc/native/3.4.1061/avr8-gnu-toolchain/bin/../lib/gcc/avr/4.8.1/../../../../avr/lib/avr5\libm.a(log.o)
                0x00003ce6                log
 .text.avr-libc.fplib
                0x00003d66       0x66 c:/program files (x86)/atmel/atmel toolchain/avr8 gcc/native/3.4.1061/avr8-gnu-toolchain/bin/../lib/gcc/avr/4.8.1/../../../../avr/lib/avr5\libm.a(modf.o)
                0x00003d66                modf
                0x00003d66                modff
 .text.libgcc.mul
                0x00003dcc       0x20 c:/program files (x86)/atmel/atmel toolchain/avr8 gcc/native/3.4.1061/avr8-gnu-toolchain/bin/../lib/gcc/avr/4.8.1/avr5\libgcc.a(_mulsi3.o)
                0x00003dcc                __mulsi3
 .text.libgcc.div
                0x00003dec       0x28 c:/program files (x86)/atmel/atmel toolchain/avr8 gcc/native/3.4.1061/avr8-gnu-toolchain/bin/../lib/gcc/avr/4.8.1/avr5\libgcc.a(_divmodhi4.o)
                0x00003dec                _div
                0x00003dec                __divmodhi4
 .text.libgcc.div
                0x00003e14       0x44 c:/program files (x86)/atmel/atmel toolchain/avr8 gcc/native/3.4.1061/avr8-gnu-toolchain/bin/../lib/gcc/avr/4.8.1/avr5\libgcc.a(_udivmodsi4.o)
                0x00003e14                __udivmodsi4
 .text.libgcc.mul
                0x00003e58       0x16 c:/program files (x86)/atmel/atmel toolchain/avr8 gcc/native/3.4.1061/avr8-gnu-toolchain/bin/../lib/gcc/avr/4.8.1/avr5\libgcc.a(_muluhisi3.o)
                0x00003e58                __muluhisi3
 .text.libgcc.prologue
                0x00003e6e       0x38 c:/program files (x86)/atmel/atmel toolchain/avr8 gcc/native/3.4.1061/avr8-gnu-toolchain/bin/../lib/gcc/avr/4.8.1/avr5\libgcc.a(_prologue.o)
                0x00003e6e                __prologue_saves__
 .text.libgcc.prologue
                0x00003ea6       0x36 c:/program files (x86)/atmel/atmel toolchain/avr8 gcc/native/3.4.1061/avr8-gnu-toolchain/bin/../lib/gcc/avr/4.8.1/avr5\libgcc.a(_epilogue.o)
                0x00003ea6                __epilogue_restores__
 .text.libgcc.div
                0x00003edc       0x28 c:/program files (x86)/atmel/atmel toolchain/avr8 gcc/native/3.4.1061/avr8-gnu-toolchain/bin/../lib/gcc/avr/4.8.1/avr5\libgcc.a(_udivmodhi4.o)
                0x00003edc                __udivmodhi4
 .text.libgcc.mul
                0x00003f04       0x1e c:/program files (x86)/atmel/atmel toolchain/avr8 gcc/native/3.4.1061/avr8-gnu-toolchain/bin/../lib/gcc/avr/4.8.1/avr5\libgcc.a(_umulhisi3.o)
                0x00003f04                __umulhisi3
 .text.avr-libc
                0x00003f22      0x24e c:/program files (x86)/atmel/atmel toolchain/avr8 gcc/native/3.4.1061/avr8-gnu-toolchain/bin/../lib/gcc/avr/4.8.1/../../../../avr/lib/avr5\libc.a(malloc.o)
                0x00003f22                malloc
                0x00004052                free
 .text.avr-libc
                0x00004170      0x1b0 c:/program files (x86)/atmel/atmel toolchain/avr8 gcc/native/3.4.1061/avr8-gnu-toolchain/bin/../lib/gcc/avr/4.8.1/../../../../avr/lib/avr5\libc.a(ftoa_engine.o)
                0x00004170                __ftoa_engine
 .text.avr-libc
                0x00004320       0x16 c:/program files (x86)/atmel/atmel toolchain/avr8 gcc/native/3.4.1061/avr8-gnu-toolchain/bin/../lib/gcc/avr/4.8.1/../../../../avr/lib/avr5\libc.a(strnlen_P.o)
                0x00004320                strnlen_P
 .text.avr-libc
                0x00004336       0x16 c:/program files (x86)/atmel/atmel toolchain/avr8 gcc/native/3.4.1061/avr8-gnu-toolchain/bin/../lib/gcc/avr/4.8.1/../../../../avr/lib/avr5\libc.a(strnlen.o)
                0x00004336                strnlen
 .text.avr-libc
                0x0000434c       0x64 c:/program files (x86)/atmel/atmel toolchain/avr8 gcc/native/3.4.1061/avr8-gnu-toolchain/bin/../lib/gcc/avr/4.8.1/../../../../avr/lib/avr5\libc.a(fputc.o)
                0x0000434c                fputc
 .text.avr-libc
                0x000043b0       0x28 c:/program files (x86)/atmel/atmel toolchain/avr8 gcc/native/3.4.1061/avr8-gnu-toolchain/bin/../lib/gcc/avr/4.8.1/../../../../avr/lib/avr5\libc.a(printf.o)
                0x000043b0                printf
 .text.avr-libc
                0x000043d8       0xbc c:/program files (x86)/atmel/atmel toolchain/avr8 gcc/native/3.4.1061/avr8-gnu-toolchain/bin/../lib/gcc/avr/4.8.1/../../../../avr/lib/avr5\libc.a(ultoa_invert.o)
                0x000043d8                __ultoa_invert
                0x00004494                . = ALIGN (0x2)
 *(.fini9)
 .fini9         0x00004494        0x0 c:/program files (x86)/atmel/atmel toolchain/avr8 gcc/native/3.4.1061/avr8-gnu-toolchain/bin/../lib/gcc/avr/4.8.1/avr5\libgcc.a(_exit.o)
                0x00004494                _exit
                0x00004494                exit
 *(.fini9)
 *(.fini8)
 *(.fini8)
 *(.fini7)
 *(.fini7)
 *(.fini6)
 *(.fini6)
 *(.fini5)
 *(.fini5)
 *(.fini4)
 *(.fini4)
 *(.fini3)
 *(.fini3)
 *(.fini2)
 *(.fini2)
 *(.fini1)
 *(.fini1)
 *(.fini0)
 .fini0         0x00004494        0x4 c:/program files (x86)/atmel/atmel toolchain/avr8 gcc/native/3.4.1061/avr8-gnu-toolchain/bin/../lib/gcc/avr/4.8.1/avr5\libgcc.a(_exit.o)
 *(.fini0)
                0x00004498                _etext = .

.data           0x00800100       0x94 load address 0x00004498
                0x00800100                PROVIDE (__data_start, .)
 *(.data)
 .data          0x00800100        0x8 ../../../../../../Software/libraries/libcapi324v221\libcapi324v221.a(STEPPER_globals.o)
                0x00800100                Motor_L_LUT
                0x00800104                Motor_R_LUT
 .data          0x00800108        0x6 ../../../../../../Software/libraries/libcapi324v221\libcapi324v221.a(ATTINY_get_SW_state.o)
 .data          0x0080010e        0xe ../../../../../../Software/libraries/libcapi324v221\libcapi324v221.a(LCD_globals.o)
                0x0080010e                LCD_stdout
 .data          0x0080011c        0x6 c:/program files (x86)/atmel/atmel toolchain/avr8 gcc/native/3.4.1061/avr8-gnu-toolchain/bin/../lib/gcc/avr/4.8.1/../../../../avr/lib/avr5\libc.a(malloc.o)
                0x0080011c                __malloc_heap_end
                0x0080011e                __malloc_heap_start
                0x00800120                __malloc_margin
 *(.data*)
 *(.rodata)
 *(.rodata*)
 .rodata.str1.1
                0x00800122       0x72 lab2demo.o
 *(.gnu.linkonce.d*)
                0x00800194                . = ALIGN (0x2)
                0x00800194                _edata = .
                0x00800194                PROVIDE (__data_end, .)

.bss            0x00800194       0xf8
                0x00800194                PROVIDE (__bss_start, .)
 *(.bss)
 .bss           0x00800194        0x2 ../../../../../../Software/libraries/libcapi324v221\libcapi324v221.a(STEPPER_step.o)
 .bss           0x00800196        0xe ../../../../../../Software/libraries/libcapi324v221\libcapi324v221.a(ATTINY_get_SW_state.o)
 .bss           0x008001a4       0x40 ../../../../../../Software/libraries/libcapi324v221\libcapi324v221.a(ISR_globals.o)
                0x008001a4                CBOT_ISR_vtable
 .bss           0x008001e4       0x10 ../../../../../../Software/libraries/libcapi324v221\libcapi324v221.a(SPI_globals.o)
                0x008001e4                spi_config_func_LUT
 .bss           0x008001f4       0x10 ../../../../../../Software/libraries/libcapi324v221\libcapi324v221.a(SPKR_globals.o)
                0x008001f4                tone_mode_active
                0x008001f5                beep_mode_active
                0x008001f6                spkr_accum32
                0x008001fa                spkr_freq
                0x008001fe                beep_accum16
                0x00800200                beep_freq
                0x00800202                p_Freq_LUT
 .bss           0x00800204        0x2 ../../../../../../Software/libraries/libcapi324v221\libcapi324v221.a(TMRSRVC_globals.o)
                0x00800204                timer_busy_status
                0x00800205                timer_run_status
 .bss           0x00800206        0x1 ../../../../../../Software/libraries/libcapi324v221\libcapi324v221.a(STEPPER_process_run_mode.o)
 .bss           0x00800207        0x4 ../../../../../../Software/libraries/libcapi324v221\libcapi324v221.a(STEPPER_process_pwm.o)
 *(.bss*)
 .bss.thetao    0x0080020b        0x2 lab2demo.o
                0x0080020b                thetao
 .bss.yo        0x0080020d        0x1 lab2demo.o
                0x0080020d                yo
 .bss.xo        0x0080020e        0x1 lab2demo.o
                0x0080020e                xo
 *(COMMON)
 COMMON         0x0080020f       0x39 ../../../../../../Software/libraries/libcapi324v221\libcapi324v221.a(STEPPER_globals.o)
                0x0080020f                STEPPER_params
                0x00800246                step_done
 COMMON         0x00800248       0x13 ../../../../../../Software/libraries/libcapi324v221\libcapi324v221.a(SYS_globals.o)
                0x00800248                CBOT_system
 COMMON         0x0080025b        0x5 ../../../../../../Software/libraries/libcapi324v221\libcapi324v221.a(LCD_globals.o)
                0x0080025b                LCD_params
 COMMON         0x00800260        0x1 ../../../../../../Software/libraries/libcapi324v221\libcapi324v221.a(SPI_globals.o)
                0x00800260                curr_spi_addr
 COMMON         0x00800261       0x1e ../../../../../../Software/libraries/libcapi324v221\libcapi324v221.a(ATTINY_globals.o)
                0x00800261                ATTINY_params
 COMMON         0x0080027f        0x3 ../../../../../../Software/libraries/libcapi324v221\libcapi324v221.a(TMRSRVC_globals.o)
                0x0080027f                tmrNodes
 COMMON         0x00800282        0x4 c:/program files (x86)/atmel/atmel toolchain/avr8 gcc/native/3.4.1061/avr8-gnu-toolchain/bin/../lib/gcc/avr/4.8.1/../../../../avr/lib/avr5\libc.a(malloc.o)
                0x00800282                __brkval
                0x00800284                __flp
 COMMON         0x00800286        0x6 c:/program files (x86)/atmel/atmel toolchain/avr8 gcc/native/3.4.1061/avr8-gnu-toolchain/bin/../lib/gcc/avr/4.8.1/../../../../avr/lib/avr5\libc.a(iob.o)
                0x00800286                __iob
                0x0080028c                PROVIDE (__bss_end, .)
                0x00004498                __data_load_start = LOADADDR (.data)
                0x0000452c                __data_load_end = (__data_load_start + SIZEOF (.data))

.noinit         0x0080028c        0x0
                0x0080028c                PROVIDE (__noinit_start, .)
 *(.noinit*)
                0x0080028c                PROVIDE (__noinit_end, .)
                0x0080028c                _end = .
                0x0080028c                PROVIDE (__heap_start, .)

.eeprom         0x00810000        0x0
 *(.eeprom*)
                0x00810000                __eeprom_end = .

.fuse
 *(.fuse)
 *(.lfuse)
 *(.hfuse)
 *(.efuse)

.lock
 *(.lock*)

.signature
 *(.signature*)

.user_signatures
 *(.user_signatures*)

.stab
 *(.stab)

.stabstr
 *(.stabstr)

.stab.excl
 *(.stab.excl)

.stab.exclstr
 *(.stab.exclstr)

.stab.index
 *(.stab.index)

.stab.indexstr
 *(.stab.indexstr)

.comment        0x00000000       0x5c
 *(.comment)
 .comment       0x00000000       0x30 lab2demo.o
                                 0x31 (size before relaxing)
 .comment       0x00000030       0x2c c:/program files (x86)/atmel/atmel toolchain/avr8 gcc/native/3.4.1061/avr8-gnu-toolchain/bin/../lib/gcc/avr/4.8.1/../../../../avr/lib/avr5\libprintf_flt.a(vfprintf_flt.o)
                                 0x2d (size before relaxing)
 .comment       0x00000000       0x31 c:/program files (x86)/atmel/atmel toolchain/avr8 gcc/native/3.4.1061/avr8-gnu-toolchain/bin/../lib/gcc/avr/4.8.1/../../../../avr/lib/avr5\libc.a(malloc.o)
 .comment       0x00000000       0x31 c:/program files (x86)/atmel/atmel toolchain/avr8 gcc/native/3.4.1061/avr8-gnu-toolchain/bin/../lib/gcc/avr/4.8.1/../../../../avr/lib/avr5\libc.a(fputc.o)
 .comment       0x00000000       0x31 c:/program files (x86)/atmel/atmel toolchain/avr8 gcc/native/3.4.1061/avr8-gnu-toolchain/bin/../lib/gcc/avr/4.8.1/../../../../avr/lib/avr5\libc.a(iob.o)
 .comment       0x00000000       0x31 c:/program files (x86)/atmel/atmel toolchain/avr8 gcc/native/3.4.1061/avr8-gnu-toolchain/bin/../lib/gcc/avr/4.8.1/../../../../avr/lib/avr5\libc.a(printf.o)

.note.gnu.build-id
 *(.note.gnu.build-id)

.debug
 *(.debug)

.line
 *(.line)

.debug_srcinfo
 *(.debug_srcinfo)

.debug_sfnames
 *(.debug_sfnames)

.debug_aranges  0x00000000       0x38
 *(.debug_aranges)
 .debug_aranges
                0x00000000       0x38 lab2demo.o

.debug_pubnames
 *(.debug_pubnames)

.debug_info     0x00000000      0x6d7
 *(.debug_info .gnu.linkonce.wi.*)
 .debug_info    0x00000000      0x6d7 lab2demo.o

.debug_abbrev   0x00000000      0x1f6
 *(.debug_abbrev)
 .debug_abbrev  0x00000000      0x1f6 lab2demo.o

.debug_line     0x00000000      0x1ba
 *(.debug_line .debug_line.* .debug_line_end)
 .debug_line    0x00000000      0x1ba lab2demo.o

.debug_frame    0x00000000      0x1b0
 *(.debug_frame)
 .debug_frame   0x00000000      0x1b0 lab2demo.o

.debug_str      0x00000000      0x5a7
 *(.debug_str)
 .debug_str     0x00000000      0x5a7 lab2demo.o
                                0x5e6 (size before relaxing)

.debug_loc      0x00000000      0x630
 *(.debug_loc)
 .debug_loc     0x00000000      0x630 lab2demo.o

.debug_macinfo
 *(.debug_macinfo)

.debug_weaknames
 *(.debug_weaknames)

.debug_funcnames
 *(.debug_funcnames)

.debug_typenames
 *(.debug_typenames)

.debug_varnames
 *(.debug_varnames)

.debug_pubtypes
 *(.debug_pubtypes)

.debug_ranges   0x00000000       0x28
 *(.debug_ranges)
 .debug_ranges  0x00000000       0x28 lab2demo.o

.debug_macro
 *(.debug_macro)
OUTPUT(lab2demo.elf elf32-avr)
LOAD linker stubs
