Archive member included because of file (symbol)

c:/program files (x86)/atmel/atmel toolchain/avr8 gcc/native/3.4.1061/avr8-gnu-toolchain/bin/../lib/gcc/avr/4.8.1/../../../../avr/lib/avr5\libm.a(addsf3.o)
                              lab3demo.o (__subsf3)
c:/program files (x86)/atmel/atmel toolchain/avr8 gcc/native/3.4.1061/avr8-gnu-toolchain/bin/../lib/gcc/avr/4.8.1/../../../../avr/lib/avr5\libm.a(addsf3x.o)
                              c:/program files (x86)/atmel/atmel toolchain/avr8 gcc/native/3.4.1061/avr8-gnu-toolchain/bin/../lib/gcc/avr/4.8.1/../../../../avr/lib/avr5\libm.a(addsf3.o) (__addsf3x)
c:/program files (x86)/atmel/atmel toolchain/avr8 gcc/native/3.4.1061/avr8-gnu-toolchain/bin/../lib/gcc/avr/4.8.1/../../../../avr/lib/avr5\libm.a(divsf3.o)
                              lab3demo.o (__divsf3)
c:/program files (x86)/atmel/atmel toolchain/avr8 gcc/native/3.4.1061/avr8-gnu-toolchain/bin/../lib/gcc/avr/4.8.1/../../../../avr/lib/avr5\libm.a(divsf3x.o)
                              c:/program files (x86)/atmel/atmel toolchain/avr8 gcc/native/3.4.1061/avr8-gnu-toolchain/bin/../lib/gcc/avr/4.8.1/../../../../avr/lib/avr5\libm.a(divsf3.o) (__divsf3x)
c:/program files (x86)/atmel/atmel toolchain/avr8 gcc/native/3.4.1061/avr8-gnu-toolchain/bin/../lib/gcc/avr/4.8.1/../../../../avr/lib/avr5\libm.a(floatsisf.o)
                              lab3demo.o (__floatunsisf)
c:/program files (x86)/atmel/atmel toolchain/avr8 gcc/native/3.4.1061/avr8-gnu-toolchain/bin/../lib/gcc/avr/4.8.1/../../../../avr/lib/avr5\libm.a(fp_inf.o)
                              c:/program files (x86)/atmel/atmel toolchain/avr8 gcc/native/3.4.1061/avr8-gnu-toolchain/bin/../lib/gcc/avr/4.8.1/../../../../avr/lib/avr5\libm.a(addsf3x.o) (__fp_inf)
c:/program files (x86)/atmel/atmel toolchain/avr8 gcc/native/3.4.1061/avr8-gnu-toolchain/bin/../lib/gcc/avr/4.8.1/../../../../avr/lib/avr5\libm.a(fp_nan.o)
                              c:/program files (x86)/atmel/atmel toolchain/avr8 gcc/native/3.4.1061/avr8-gnu-toolchain/bin/../lib/gcc/avr/4.8.1/../../../../avr/lib/avr5\libm.a(addsf3x.o) (__fp_nan)
c:/program files (x86)/atmel/atmel toolchain/avr8 gcc/native/3.4.1061/avr8-gnu-toolchain/bin/../lib/gcc/avr/4.8.1/../../../../avr/lib/avr5\libm.a(fp_pscA.o)
                              c:/program files (x86)/atmel/atmel toolchain/avr8 gcc/native/3.4.1061/avr8-gnu-toolchain/bin/../lib/gcc/avr/4.8.1/../../../../avr/lib/avr5\libm.a(addsf3x.o) (__fp_pscA)
c:/program files (x86)/atmel/atmel toolchain/avr8 gcc/native/3.4.1061/avr8-gnu-toolchain/bin/../lib/gcc/avr/4.8.1/../../../../avr/lib/avr5\libm.a(fp_pscB.o)
                              c:/program files (x86)/atmel/atmel toolchain/avr8 gcc/native/3.4.1061/avr8-gnu-toolchain/bin/../lib/gcc/avr/4.8.1/../../../../avr/lib/avr5\libm.a(addsf3x.o) (__fp_pscB)
c:/program files (x86)/atmel/atmel toolchain/avr8 gcc/native/3.4.1061/avr8-gnu-toolchain/bin/../lib/gcc/avr/4.8.1/../../../../avr/lib/avr5\libm.a(fp_round.o)
                              c:/program files (x86)/atmel/atmel toolchain/avr8 gcc/native/3.4.1061/avr8-gnu-toolchain/bin/../lib/gcc/avr/4.8.1/../../../../avr/lib/avr5\libm.a(addsf3.o) (__fp_round)
c:/program files (x86)/atmel/atmel toolchain/avr8 gcc/native/3.4.1061/avr8-gnu-toolchain/bin/../lib/gcc/avr/4.8.1/../../../../avr/lib/avr5\libm.a(fp_split3.o)
                              c:/program files (x86)/atmel/atmel toolchain/avr8 gcc/native/3.4.1061/avr8-gnu-toolchain/bin/../lib/gcc/avr/4.8.1/../../../../avr/lib/avr5\libm.a(addsf3x.o) (__fp_split3)
c:/program files (x86)/atmel/atmel toolchain/avr8 gcc/native/3.4.1061/avr8-gnu-toolchain/bin/../lib/gcc/avr/4.8.1/../../../../avr/lib/avr5\libm.a(fp_zero.o)
                              c:/program files (x86)/atmel/atmel toolchain/avr8 gcc/native/3.4.1061/avr8-gnu-toolchain/bin/../lib/gcc/avr/4.8.1/../../../../avr/lib/avr5\libm.a(addsf3x.o) (__fp_zero)
c:/program files (x86)/atmel/atmel toolchain/avr8 gcc/native/3.4.1061/avr8-gnu-toolchain/bin/../lib/gcc/avr/4.8.1/../../../../avr/lib/avr5\libm.a(mulsf3.o)
                              lab3demo.o (__mulsf3)
c:/program files (x86)/atmel/atmel toolchain/avr8 gcc/native/3.4.1061/avr8-gnu-toolchain/bin/../lib/gcc/avr/4.8.1/../../../../avr/lib/avr5\libm.a(mulsf3x.o)
                              c:/program files (x86)/atmel/atmel toolchain/avr8 gcc/native/3.4.1061/avr8-gnu-toolchain/bin/../lib/gcc/avr/4.8.1/../../../../avr/lib/avr5\libm.a(mulsf3.o) (__mulsf3x)
../../../../../../Software/libraries/libcapi324v221\libcapi324v221.a(ADC_open.o)
                              lab3demo.o (ADC_open)
../../../../../../Software/libraries/libcapi324v221\libcapi324v221.a(ADC_sample.o)
                              lab3demo.o (ADC_sample)
../../../../../../Software/libraries/libcapi324v221\libcapi324v221.a(ADC_set_channel.o)
                              lab3demo.o (ADC_set_channel)
../../../../../../Software/libraries/libcapi324v221\libcapi324v221.a(ADC_set_VREF.o)
[...]
Memory Configuration

Name             Origin             Length             Attributes
text             0x00000000         0x00020000         xr
data             0x00800060         0x0000ffa0         rw !x
eeprom           0x00810000         0x00010000         rw !x
fuse             0x00820000         0x00000400         rw !x
lock             0x00830000         0x00000400         rw !x
signature        0x00840000         0x00000400         rw !x
user_signatures  0x00850000         0x00000400         rw !x
*default*        0x00000000         0xffffffff

Linker script and memory map

Address of section .data set to 0x800100
LOAD c:/program files (x86)/atmel/atmel toolchain/avr8 gcc/native/3.4.1061/avr8-gnu-toolchain/bin/../lib/gcc/avr/4.8.1/../../../../avr/lib/avr5/crtm324p.o
LOAD lab3demo.o
START GROUP
LOAD c:/program files (x86)/atmel/atmel toolchain/avr8 gcc/native/3.4.1061/avr8-gnu-toolchain/bin/../lib/gcc/avr/4.8.1/../../../../avr/lib/avr5\libm.a
LOAD c:/program files (x86)/atmel/atmel toolchain/avr8 gcc/native/3.4.1061/avr8-gnu-toolchain/bin/../lib/gcc/avr/4.8.1/../../../../avr/lib/avr5\libm.a
LOAD ../../../../../../Software/libraries/libcapi324v221\libcapi324v221.a
LOAD c:/program files (x86)/atmel/atmel toolchain/avr8 gcc/native/3.4.1061/avr8-gnu-toolchain/bin/../lib/gcc/avr/4.8.1/../../../../avr/lib/avr5\libprintf_flt.a
END GROUP
START GROUP
LOAD c:/program files (x86)/atmel/atmel toolchain/avr8 gcc/native/3.4.1061/avr8-gnu-toolchain/bin/../lib/gcc/avr/4.8.1/avr5\libgcc.a
LOAD c:/program files (x86)/atmel/atmel toolchain/avr8 gcc/native/3.4.1061/avr8-gnu-toolchain/bin/../lib/gcc/avr/4.8.1/../../../../avr/lib/avr5\libm.a
LOAD c:/program files (x86)/atmel/atmel toolchain/avr8 gcc/native/3.4.1061/avr8-gnu-toolchain/bin/../lib/gcc/avr/4.8.1/../../../../avr/lib/avr5\libc.a
END GROUP

.hash
 *(.hash)

.dynsym
 *(.dynsym)

.dynstr
 *(.dynstr)

.gnu.version
 *(.gnu.version)

.gnu.version_d
 *(.gnu.version_d)

.gnu.version_r
 *(.gnu.version_r)

.rel.init
 *(.rel.init)

.rela.init
 *(.rela.init)

.rel.text
 *(.rel.text)
 *(.rel.text.*)
 *(.rel.gnu.linkonce.t*)

.rela.text
 *(.rela.text)
 *(.rela.text.*)
 *(.rela.gnu.linkonce.t*)

.rel.fini
 *(.rel.fini)

.rela.fini
 *(.rela.fini)

.rel.rodata
 *(.rel.rodata)
 *(.rel.rodata.*)
 *(.rel.gnu.linkonce.r*)

.rela.rodata
 *(.rela.rodata)
 *(.rela.rodata.*)
 *(.rela.gnu.linkonce.r*)

.rel.data
 *(.rel.data)
 *(.rel.data.*)
 *(.rel.gnu.linkonce.d*)

.rela.data
 *(.rela.data)
 *(.rela.data.*)
 *(.rela.gnu.linkonce.d*)

.rel.ctors
 *(.rel.ctors)

.rela.ctors
 *(.rela.ctors)

.rel.dtors
 *(.rel.dtors)

.rela.dtors
 *(.rela.dtors)

.rel.got
 *(.rel.got)

.rela.got
 *(.rela.got)

.rel.bss
 *(.rel.bss)

.rela.bss
 *(.rela.bss)

.rel.plt
 *(.rel.plt)

.rela.plt
 *(.rela.plt)

.text           0x00000000     0x4404
 *(.vectors)
 .vectors       0x00000000       0x7c c:/program files (x86)/atmel/atmel toolchain/avr8 gcc/native/3.4.1061/avr8-gnu-toolchain/bin/../lib/gcc/avr/4.8.1/../../../../avr/lib/avr5/crtm324p.o
                0x00000000                __vector_default
                0x00000000                __vectors
 *(.vectors)
 *(.progmem.gcc*)
 .progmem.gcc_sw_table
                0x0000007c       0x26 ../../../../../../Software/libraries/libcapi324v221\libcapi324v221.a(SYS_get_state.o)
 .progmem.gcc_sw_table
                0x000000a2       0x26 ../../../../../../Software/libraries/libcapi324v221\libcapi324v221.a(SYS_set_state.o)
 .progmem.gcc_fplib
                0x000000c8       0x28 c:/program files (x86)/atmel/atmel toolchain/avr8 gcc/native/3.4.1061/avr8-gnu-toolchain/bin/../lib/gcc/avr/4.8.1/../../../../avr/lib/avr5\libm.a(exp.o)
 .progmem.gcc_fplib
                0x000000f0       0x5a c:/program files (x86)/atmel/atmel toolchain/avr8 gcc/native/3.4.1061/avr8-gnu-toolchain/bin/../lib/gcc/avr/4.8.1/../../../../avr/lib/avr5\libm.a(log.o)
                0x0000014a                . = ALIGN (0x2)
                0x0000014a                __trampolines_start = .
 *(.trampolines)
 .trampolines   0x0000014a        0x0 linker stubs
 *(.trampolines*)
                0x0000014a                __trampolines_end = .
 *(.progmem*)
 .progmem.data.__c.3193
                0x0000014a        0xc lab3demo.o
 .progmem.data.__c.3191
                0x00000156        0xe lab3demo.o
 .progmem.data.__c.3189
                0x00000164       0x14 lab3demo.o
 .progmem.data.__c.3187
                0x00000178       0x14 lab3demo.o
 .progmem.data.__c.3185
                0x0000018c       0x11 lab3demo.o
 .progmem.data  0x0000019d      0x415 ../../../../../../Software/libraries/libcapi324v221\libcapi324v221.a(LCD_globals.o)
                0x0000019d                char_bitmap
                0x000003b2                CEENBoT_Inc_logo_bitmap
 .progmem.data  0x000005b2        0x8 c:/program files (x86)/atmel/atmel toolchain/avr8 gcc/native/3.4.1061/avr8-gnu-toolchain/bin/../lib/gcc/avr/4.8.1/../../../../avr/lib/avr5\libprintf_flt.a(vfprintf_flt.o)
 .progmem.data  0x000005ba       0xfa c:/program files (x86)/atmel/atmel toolchain/avr8 gcc/native/3.4.1061/avr8-gnu-toolchain/bin/../lib/gcc/avr/4.8.1/../../../../avr/lib/avr5\libc.a(ftoa_engine.o)
                0x000006b4                . = ALIGN (0x2)
 *(.jumptables)
 *(.jumptables*)
 *(.lowtext)
 *(.lowtext*)
                0x000006b4                __ctors_start = .
 *(.ctors)
                0x000006b4                __ctors_end = .
                0x000006b4                __dtors_start = .
 *(.dtors)
                0x000006b4                __dtors_end = .
 SORT(*)(.ctors)
 SORT(*)(.dtors)
 *(.init0)
 .init0         0x000006b4        0x0 c:/program files (x86)/atmel/atmel toolchain/avr8 gcc/native/3.4.1061/avr8-gnu-toolchain/bin/../lib/gcc/avr/4.8.1/../../../../avr/lib/avr5/crtm324p.o
                0x000006b4                __init
 *(.init0)
 *(.init1)
 *(.init1)
 *(.init2)
 .init2         0x000006b4        0xc c:/program files (x86)/atmel/atmel toolchain/avr8 gcc/native/3.4.1061/avr8-gnu-toolchain/bin/../lib/gcc/avr/4.8.1/../../../../avr/lib/avr5/crtm324p.o
 *(.init2)
 *(.init3)
 *(.init3)
 *(.init4)
 .init4         0x000006c0       0x16 c:/program files (x86)/atmel/atmel toolchain/avr8 gcc/native/3.4.1061/avr8-gnu-toolchain/bin/../lib/gcc/avr/4.8.1/avr5\libgcc.a(_copy_data.o)
                0x000006c0                __do_copy_data
 .init4         0x000006d6       0x10 c:/program files (x86)/atmel/atmel toolchain/avr8 gcc/native/3.4.1061/avr8-gnu-toolchain/bin/../lib/gcc/avr/4.8.1/avr5\libgcc.a(_clear_bss.o)
                0x000006d6                __do_clear_bss
 *(.init4)
 *(.init5)
 *(.init5)
 *(.init6)
 *(.init6)
 *(.init7)
 *(.init7)
 *(.init8)
 *(.init8)
 *(.init9)
 .init9         0x000006e6        0x8 c:/program files (x86)/atmel/atmel toolchain/avr8 gcc/native/3.4.1061/avr8-gnu-toolchain/bin/../lib/gcc/avr/4.8.1/../../../../avr/lib/avr5/crtm324p.o
 *(.init9)
 *(.text)
 .text          0x000006ee        0x4 c:/program files (x86)/atmel/atmel toolchain/avr8 gcc/native/3.4.1061/avr8-gnu-toolchain/bin/../lib/gcc/avr/4.8.1/../../../../avr/lib/avr5/crtm324p.o
                0x000006ee                __vector_22
                0x000006ee                __vector_28
                0x000006ee                __vector_1
                0x000006ee                __vector_24
                0x000006ee                __bad_interrupt
                0x000006ee                __vector_3
                0x000006ee                __vector_23
                0x000006ee                __vector_30
                0x000006ee                __vector_25
                0x000006ee                __vector_19
                0x000006ee                __vector_27
                0x000006ee                __vector_2
                0x000006ee                __vector_21
                0x000006ee                __vector_29
                0x000006ee                __vector_8
                0x000006ee                __vector_26
                0x000006ee                __vector_20
 .text          0x000006f2       0x1c ../../../../../../Software/libraries/libcapi324v221\libcapi324v221.a(ADC_open.o)
                0x000006f2                ADC_open
 .text          0x0000070e       0x3a ../../../../../../Software/libraries/libcapi324v221\libcapi324v221.a(ADC_sample.o)
                0x0000070e                ADC_sample
 .text          0x00000748       0x6e ../../../../../../Software/libraries/libcapi324v221\libcapi324v221.a(ADC_set_channel.o)
                0x00000748                ADC_set_channel
 .text          0x000007b6       0x16 ../../../../../../Software/libraries/libcapi324v221\libcapi324v221.a(ADC_set_VREF.o)
                0x000007b6                ADC_set_VREF
 .text          0x000007cc       0x12 ../../../../../../Software/libraries/libcapi324v221\libcapi324v221.a(CBOT_main.o)
                0x000007cc                main
 .text          0x000007de       0x3a ../../../../../../Software/libraries/libcapi324v221\libcapi324v221.a(LCD_clear.o)
                0x000007de                LCD_clear
 .text          0x00000818      0x102 ../../../../../../Software/libraries/libcapi324v221\libcapi324v221.a(LCD_open.o)
                0x00000818                LCD_open
 .text          0x0000091a       0x42 ../../../../../../Software/libraries/libcapi324v221\libcapi324v221.a(LCD_set_backlight.o)
                0x0000091a                LCD_set_backlight
 .text          0x0000095c        0xe ../../../../../../Software/libraries/libcapi324v221\libcapi324v221.a(LCD_set_next_PGC.o)
                0x0000095c                LCD_set_next_PGC
 .text          0x0000096a       0x32 ../../../../../../Software/libraries/libcapi324v221\libcapi324v221.a(LCD_set_PGC_addr.o)
                0x0000096a                LCD_set_PGC_addr
 .text          0x0000099c       0x36 ../../../../../../Software/libraries/libcapi324v221\libcapi324v221.a(LCD_write.o)
                0x0000099c                LCD_write
 .text          0x000009d2       0x18 ../../../../../../Software/libraries/libcapi324v221\libcapi324v221.a(LED_clr_pattern.o)
                0x000009d2                LED_clr_pattern
 .text          0x000009ea       0x12 ../../../../../../Software/libraries/libcapi324v221\libcapi324v221.a(LED_open.o)
                0x000009ea                LED_open
 .text          0x000009fc       0x18 ../../../../../../Software/libraries/libcapi324v221\libcapi324v221.a(LED_set_patttern.o)
                0x000009fc                LED_set_pattern
 .text          0x00000a14       0xa2 ../../../../../../Software/libraries/libcapi324v221\libcapi324v221.a(SPI_set_slave_addr.o)
                0x00000a14                SPI_set_slave_addr
 .text          0x00000ab6       0x1e ../../../../../../Software/libraries/libcapi324v221\libcapi324v221.a(SPI_transmit.o)
                0x00000ab6                SPI_transmit
 .text          0x00000ad4      0x13c ../../../../../../Software/libraries/libcapi324v221\libcapi324v221.a(SPKR_open.o)
                0x00000ad4                __SPKR_set_up_freq_LUT
                0x00000b72                __SPKR_open_beep_mode
                0x00000b9e                __SPKR_open_tone_mode
                0x00000bf6                SPKR_open
 .text          0x00000c10       0x9a ../../../../../../Software/libraries/libcapi324v221\libcapi324v221.a(SPKR_play_beep.o)
                0x00000c10                SPKR_play_beep
 .text          0x00000caa       0x90 ../../../../../../Software/libraries/libcapi324v221\libcapi324v221.a(SYS_get_state.o)
                0x00000caa                SYS_get_state
 .text          0x00000d3a       0x8e ../../../../../../Software/libraries/libcapi324v221\libcapi324v221.a(SYS_set_state.o)
                0x00000d3a                SYS_set_state
 .text          0x00000dc8       0x6a ../../../../../../Software/libraries/libcapi324v221\libcapi324v221.a(ATTINY_get_IR_state.o)
                0x00000dc8                ATTINY_get_IR_state
 .text          0x00000e32       0x62 ../../../../../../Software/libraries/libcapi324v221\libcapi324v221.a(ATTINY_get_sensors.o)
                0x00000e32                ATTINY_get_sensors
 .text          0x00000e94       0x9c ../../../../../../Software/libraries/libcapi324v221\libcapi324v221.a(ATTINY_get_SW_state.o)
                0x00000e94                ATTINY_get_SW_state
 .text          0x00000f30       0x9e ../../../../../../Software/libraries/libcapi324v221\libcapi324v221.a(ATTINY_open.o)
                0x00000f30                ATTINY_open
 .text          0x00000fce       0x42 ../../../../../../Software/libraries/libcapi324v221\libcapi324v221.a(TMRSRVC_delay.o)
                0x00000fce                TMRSRVC_delay
 .text          0x00001010       0x7c ../../../../../../Software/libraries/libcapi324v221\libcapi324v221.a(TMRSRVC_new.o)
                0x00001010                TMRSRVC_new
 .text          0x0000108c       0x58 ../../../../../../Software/libraries/libcapi324v221\libcapi324v221.a(I2C_MSTR_get.o)
                0x0000108c                I2C_MSTR_get
 .text          0x000010e4       0x4c ../../../../../../Software/libraries/libcapi324v221\libcapi324v221.a(I2C_MSTR_send.o)
                0x000010e4                I2C_MSTR_send
 .text          0x00001130       0x8c ../../../../../../Software/libraries/libcapi324v221\libcapi324v221.a(I2C_MSTR_start.o)
                0x00001130                I2C_MSTR_start
 .text          0x000011bc       0x28 ../../../../../../Software/libraries/libcapi324v221\libcapi324v221.a(I2C_MSTR_stop.o)
                0x000011bc                I2C_MSTR_stop
 .text          0x000011e4       0x3c ../../../../../../Software/libraries/libcapi324v221\libcapi324v221.a(I2C_open.o)
                0x000011e4                I2C_open
 .text          0x00001220       0x12 ../../../../../../Software/libraries/libcapi324v221\libcapi324v221.a(I2C_set_BRG.o)
                0x00001220                I2C_set_BRG
 .text          0x00001232       0x16 ../../../../../../Software/libraries/libcapi324v221\libcapi324v221.a(__ADC_init.o)
                0x00001232                __ADC_init
 .text          0x00001248       0x1c ../../../../../../Software/libraries/libcapi324v221\libcapi324v221.a(CBOT_init.o)
                0x00001248                CBOT_init
 .text          0x00001264      0x480 ../../../../../../Software/libraries/libcapi324v221\libcapi324v221.a(CBOT_isr.o)
                0x00001264                CBOT_ISR_init
                0x00001268                __vector_16
                0x000012ba                __vector_17
                0x0000130c                __vector_18
                0x0000135e                __vector_9
                0x000013b0                __vector_10
                0x00001402                __vector_11
                0x00001454                __vector_13
                0x000014a6                __vector_14
                0x000014f8                __vector_12
                0x0000154a                __vector_15
                0x0000159c                __vector_4
                0x000015ee                __vector_5
                0x00001640                __vector_6
                0x00001692                __vector_7
 .text          0x000016e4       0x28 ../../../../../../Software/libraries/libcapi324v221\libcapi324v221.a(ISR_attach.o)
                0x000016e4                ISR_attach
 .text          0x0000170c       0x28 ../../../../../../Software/libraries/libcapi324v221\libcapi324v221.a(ISR_open.o)
                0x0000170c                ISR_open
 .text          0x00001734        0x4 ../../../../../../Software/libraries/libcapi324v221\libcapi324v221.a(__LCD_init.o)
                0x00001734                __LCD_init
 .text          0x00001738      0x15a ../../../../../../Software/libraries/libcapi324v221\libcapi324v221.a(__LCD_putchar.o)
                0x00001738                __LCD_putchar
 .text          0x00001892        0xa ../../../../../../Software/libraries/libcapi324v221\libcapi324v221.a(__LED_clr_pattern.o)
                0x00001892                __LED_clr_pattern
 .text          0x0000189c        0x6 ../../../../../../Software/libraries/libcapi324v221\libcapi324v221.a(__LED_init.o)
                0x0000189c                __LED_init
 .text          0x000018a2        0xa ../../../../../../Software/libraries/libcapi324v221\libcapi324v221.a(__LED_set_pattern.o)
                0x000018a2                __LED_set_pattern
 .text          0x000018ac       0x24 ../../../../../../Software/libraries/libcapi324v221\libcapi324v221.a(ATMEGA_open.o)
                0x000018ac                ATMEGA_open
 .text          0x000018d0       0xa6 ../../../../../../Software/libraries/libcapi324v221\libcapi324v221.a(ATMEGA_set_clk_mode.o)
                0x000018d0                ATMEGA_set_clk_mode
 .text          0x00001976       0x72 ../../../../../../Software/libraries/libcapi324v221\libcapi324v221.a(SPI_open.o)
                0x00001976                SPI_open
 .text          0x000019e8       0x24 ../../../../../../Software/libraries/libcapi324v221\libcapi324v221.a(SPI_receive.o)
                0x000019e8                SPI_receive
 .text          0x00001a0c       0x12 ../../../../../../Software/libraries/libcapi324v221\libcapi324v221.a(SPI_set_config_func.o)
                0x00001a0c                SPI_set_config_func
 .text          0x00001a1e        0x6 ../../../../../../Software/libraries/libcapi324v221\libcapi324v221.a(ISR__SPKR__TIMER1_COMPA_vect.o)
                0x00001a1e                __SPKR_TIMER1_COMPA_vect
 .text          0x00001a24       0x2e ../../../../../../Software/libraries/libcapi324v221\libcapi324v221.a(SPKR_beep.o)
                0x00001a24                SPKR_beep
 .text          0x00001a52       0x82 ../../../../../../Software/libraries/libcapi324v221\libcapi324v221.a(SPKR_clk.o)
                0x00001a52                SPKR_clk
 .text          0x00001ad4       0x72 ../../../../../../Software/libraries/libcapi324v221\libcapi324v221.a(SPKR_close.o)
                0x00001ad4                __SPKR_close_beep_mode
                0x00001af0                __SPKR_close_tone_mode
                0x00001b32                SPKR_close
 .text          0x00001b46       0x54 ../../../../../../Software/libraries/libcapi324v221\libcapi324v221.a(__SPKR_init.o)
                0x00001b46                __SPKR_init
 .text          0x00001b9a        0xc ../../../../../../Software/libraries/libcapi324v221\libcapi324v221.a(__SPKR_stop.o)
                0x00001b9a                __SPKR_stop
 .text          0x00001ba6       0x46 ../../../../../../Software/libraries/libcapi324v221\libcapi324v221.a(SYS_init.o)
                0x00001ba6                SYS_init
 .text          0x00001bec       0xd2 ../../../../../../Software/libraries/libcapi324v221\libcapi324v221.a(__TMRSRVC_insert.o)
                0x00001bec                TMRSRVC_insert
 .text          0x00001cbe       0x3e ../../../../../../Software/libraries/libcapi324v221\libcapi324v221.a(TMRSRVC_open.o)
                0x00001cbe                TMRSRVC_open
 .text          0x00001cfc        0xc ../../../../../../Software/libraries/libcapi324v221\libcapi324v221.a(__TMRSRVC_start.o)
                0x00001cfc                __TMRSRVC_start
 .text          0x00001d08        0x8 ../../../../../../Software/libraries/libcapi324v221\libcapi324v221.a(TMRSRVC_start.o)
                0x00001d08                TMRSRVC_start
 .text          0x00001d10       0x14 ../../../../../../Software/libraries/libcapi324v221\libcapi324v221.a(I2C_enable.o)
                0x00001d10                I2C_enable
 .text          0x00001d24        0x6 ../../../../../../Software/libraries/libcapi324v221\libcapi324v221.a(__I2C_init.o)
                0x00001d24                __I2C_init
 .text          0x00001d2a       0x22 ../../../../../../Software/libraries/libcapi324v221\libcapi324v221.a(__ISR_attach.o)
                0x00001d2a                __ISR_attach
 .text          0x00001d4c        0x6 ../../../../../../Software/libraries/libcapi324v221\libcapi324v221.a(__ATMEGA_init.o)
                0x00001d4c                __ATMEGA_init
 .text          0x00001d52       0x52 ../../../../../../Software/libraries/libcapi324v221\libcapi324v221.a(SPI_cfgrs.o)
                0x00001d52                SPI_default_config
                0x00001d62                SPI_ATtiny0_config
                0x00001d72                SPI_PSXC_config
                0x00001d82                SPI_LCD_config
                0x00001d92                SPI_FLASH_config
 .text          0x00001da4        0xe ../../../../../../Software/libraries/libcapi324v221\libcapi324v221.a(__SPI_init.o)
                0x00001da4                __SPI_init
 .text          0x00001db2       0x38 ../../../../../../Software/libraries/libcapi324v221\libcapi324v221.a(__SPKR_close.o)
                0x00001db2                __SPKR_close
 .text          0x00001dea        0xe ../../../../../../Software/libraries/libcapi324v221\libcapi324v221.a(ISR__TIMER0_COMPA_vect.o)
                0x00001dea                __TIMER0_COMPA_vect
 .text          0x00001df8       0x12 ../../../../../../Software/libraries/libcapi324v221\libcapi324v221.a(__TMRSRVC_init.o)
                0x00001df8                __TMRSRVC_init
 .text          0x00001e0a       0x32 ../../../../../../Software/libraries/libcapi324v221\libcapi324v221.a(TMRSRVC_tick.o)
                0x00001e0a                TMRSRVC_tick
 .text          0x00001e3c       0x4e ../../../../../../Software/libraries/libcapi324v221\libcapi324v221.a(SPKR_beep_clk.o)
                0x00001e3c                SPKR_beep_clk
 .text          0x00001e8a      0x162 ../../../../../../Software/libraries/libcapi324v221\libcapi324v221.a(STEPPER_clk.o)
                0x00001e8a                STEPPER_clk
 .text          0x00001fec       0x8a ../../../../../../Software/libraries/libcapi324v221\libcapi324v221.a(STEPPER_process_accel.o)
                0x00001fec                STEPPER_process_accel
 .text          0x00002076      0x206 ../../../../../../Software/libraries/libcapi324v221\libcapi324v221.a(STEPPER_process_run_mode.o)
                0x00002076                STEPPER_process_run_mode
 .text          0x0000227c       0xa8 ../../../../../../Software/libraries/libcapi324v221\libcapi324v221.a(STEPPER_process_step_mode.o)
                0x0000227c                STEPPER_process_step_mode
 .text          0x00002324       0x44 ../../../../../../Software/libraries/libcapi324v221\libcapi324v221.a(STEPPER_set_speed.o)
                0x00002324                STEPPER_set_speed
 .text          0x00002368       0x4a ../../../../../../Software/libraries/libcapi324v221\libcapi324v221.a(STEPPER_stop.o)
                0x00002368                STEPPER_stop
 .text          0x000023b2       0xd6 ../../../../../../Software/libraries/libcapi324v221\libcapi324v221.a(TMRSRVC_process.o)
                0x000023b2                TMRSRVC_process
 .text          0x00002488        0x6 ../../../../../../Software/libraries/libcapi324v221\libcapi324v221.a(TMRSRVC_stop.o)
                0x00002488                TMRSRVC_stop
 .text          0x0000248e      0x130 ../../../../../../Software/libraries/libcapi324v221\libcapi324v221.a(STEPPER_process_pwm.o)
                0x0000248e                STEPPER_process_pwm
 .text          0x000025be       0x36 ../../../../../../Software/libraries/libcapi324v221\libcapi324v221.a(STEPPER_set_steps.o)
                0x000025be                STEPPER_set_steps
                0x000025f4                . = ALIGN (0x2)
 *(.text.*)
 .text.get_ambient_temp
                0x000025f4       0x4c lab3demo.o
                0x000025f4                get_ambient_temp
 .text.read_pixel_1
                0x00002640       0x4c lab3demo.o
                0x00002640                read_pixel_1
 .text.read_pixel_2
                0x0000268c       0x4c lab3demo.o
                0x0000268c                read_pixel_2
 .text.read_pixel_3
                0x000026d8       0x4c lab3demo.o
                0x000026d8                read_pixel_3
 .text.read_pixel_4
                0x00002724       0x4c lab3demo.o
                0x00002724                read_pixel_4
 .text.read_pixel_5
                0x00002770       0x4c lab3demo.o
                0x00002770                read_pixel_5
 .text.read_pixel_6
                0x000027bc       0x4c lab3demo.o
                0x000027bc                read_pixel_6
 .text.read_pixel_7
                0x00002808       0x4c lab3demo.o
                0x00002808                read_pixel_7
 .text.read_pixel_8
                0x00002854       0x4c lab3demo.o
                0x00002854                read_pixel_8
 .text.WaitButton
                0x000028a0       0xd8 lab3demo.o
                0x000028a0                WaitButton
 .text.getLeftLight
                0x00002978       0x7e lab3demo.o
                0x00002978                getLeftLight
 .text.getRightLight
                0x000029f6       0x7e lab3demo.o
                0x000029f6                getRightLight
 .text.getLeftIR
                0x00002a74       0x72 lab3demo.o
                0x00002a74                getLeftIR
 .text.getRightIR
                0x00002ae6       0x50 lab3demo.o
                0x00002ae6                getRightIR
 .text.getFrontIR
                0x00002b36       0x50 lab3demo.o
                0x00002b36                getFrontIR
 .text.getBackIR
                0x00002b86       0x50 lab3demo.o
                0x00002b86                getBackIR
 .text.CBOT_main
                0x00002bd6      0x364 lab3demo.o
                0x00002bd6                CBOT_main
 .text.avr-libc.fplib
                0x00002f3a        0xa c:/program files (x86)/atmel/atmel toolchain/avr8 gcc/native/3.4.1061/avr8-gnu-toolchain/bin/../lib/gcc/avr/4.8.1/../../../../avr/lib/avr5\libm.a(addsf3.o)
                0x00002f3a                __subsf3
                0x00002f3c                __addsf3
 .text.avr-libc.fplib
                0x00002f44       0xc0 c:/program files (x86)/atmel/atmel toolchain/avr8 gcc/native/3.4.1061/avr8-gnu-toolchain/bin/../lib/gcc/avr/4.8.1/../../../../avr/lib/avr5\libm.a(addsf3x.o)
                0x00002f5e                __addsf3x
 .text.avr-libc.fplib
                0x00003004        0x4 c:/program files (x86)/atmel/atmel toolchain/avr8 gcc/native/3.4.1061/avr8-gnu-toolchain/bin/../lib/gcc/avr/4.8.1/../../../../avr/lib/avr5\libm.a(divsf3.o)
                0x00003004                __divsf3
 .text.avr-libc.fplib
                0x00003008       0xcc c:/program files (x86)/atmel/atmel toolchain/avr8 gcc/native/3.4.1061/avr8-gnu-toolchain/bin/../lib/gcc/avr/4.8.1/../../../../avr/lib/avr5\libm.a(divsf3x.o)
                0x0000301e                __divsf3x
                0x00003022                __divsf3_pse
 .text.avr-libc.fplib
                0x000030d4       0x7a c:/program files (x86)/atmel/atmel toolchain/avr8 gcc/native/3.4.1061/avr8-gnu-toolchain/bin/../lib/gcc/avr/4.8.1/../../../../avr/lib/avr5\libm.a(floatsisf.o)
                0x000030d4                __floatunsisf
                0x000030d8                __floatsisf
 .text.avr-libc.fplib
                0x0000314e        0xc c:/program files (x86)/atmel/atmel toolchain/avr8 gcc/native/3.4.1061/avr8-gnu-toolchain/bin/../lib/gcc/avr/4.8.1/../../../../avr/lib/avr5\libm.a(fp_inf.o)
                0x0000314e                __fp_inf
 .text.avr-libc.fplib
                0x0000315a        0x6 c:/program files (x86)/atmel/atmel toolchain/avr8 gcc/native/3.4.1061/avr8-gnu-toolchain/bin/../lib/gcc/avr/4.8.1/../../../../avr/lib/avr5\libm.a(fp_nan.o)
                0x0000315a                __fp_nan
 .text.avr-libc.fplib
                0x00003160        0xe c:/program files (x86)/atmel/atmel toolchain/avr8 gcc/native/3.4.1061/avr8-gnu-toolchain/bin/../lib/gcc/avr/4.8.1/../../../../avr/lib/avr5\libm.a(fp_pscA.o)
                0x00003160                __fp_pscA
 .text.avr-libc.fplib
                0x0000316e        0xe c:/program files (x86)/atmel/atmel toolchain/avr8 gcc/native/3.4.1061/avr8-gnu-toolchain/bin/../lib/gcc/avr/4.8.1/../../../../avr/lib/avr5\libm.a(fp_pscB.o)
                0x0000316e                __fp_pscB
 .text.avr-libc.fplib
                0x0000317c       0x22 c:/program files (x86)/atmel/atmel toolchain/avr8 gcc/native/3.4.1061/avr8-gnu-toolchain/bin/../lib/gcc/avr/4.8.1/../../../../avr/lib/avr5\libm.a(fp_round.o)
                0x0000317c                __fp_round
 .text.avr-libc.fplib
                0x0000319e       0x44 c:/program files (x86)/atmel/atmel toolchain/avr8 gcc/native/3.4.1061/avr8-gnu-toolchain/bin/../lib/gcc/avr/4.8.1/../../../../avr/lib/avr5\libm.a(fp_split3.o)
                0x0000319e                __fp_split3
                0x000031ae                __fp_splitA
 .text.avr-libc.fplib
                0x000031e2        0xe c:/program files (x86)/atmel/atmel toolchain/avr8 gcc/native/3.4.1061/avr8-gnu-toolchain/bin/../lib/gcc/avr/4.8.1/../../../../avr/lib/avr5\libm.a(fp_zero.o)
                0x000031e2                __fp_zero
                0x000031e4                __fp_szero
 .text.avr-libc.fplib
                0x000031f0        0x4 c:/program files (x86)/atmel/atmel toolchain/avr8 gcc/native/3.4.1061/avr8-gnu-toolchain/bin/../lib/gcc/avr/4.8.1/../../../../avr/lib/avr5\libm.a(mulsf3.o)
                0x000031f0                __mulsf3
 .text.avr-libc.fplib
                0x000031f4       0xc2 c:/program files (x86)/atmel/atmel toolchain/avr8 gcc/native/3.4.1061/avr8-gnu-toolchain/bin/../lib/gcc/avr/4.8.1/../../../../avr/lib/avr5\libm.a(mulsf3x.o)
                0x00003208                __mulsf3x
                0x0000320c                __mulsf3_pse
 .text.avr-libc
                0x000032b6      0x6f6 c:/program files (x86)/atmel/atmel toolchain/avr8 gcc/native/3.4.1061/avr8-gnu-toolchain/bin/../lib/gcc/avr/4.8.1/../../../../avr/lib/avr5\libprintf_flt.a(vfprintf_flt.o)
                0x000032b6                vfprintf
 .text.avr-libc.fplib
                0x000039ac       0x74 c:/program files (x86)/atmel/atmel toolchain/avr8 gcc/native/3.4.1061/avr8-gnu-toolchain/bin/../lib/gcc/avr/4.8.1/../../../../avr/lib/avr5\libm.a(lrint.o)
                0x000039ac                lrint
 .text.avr-libc.fplib
                0x00003a20       0x98 c:/program files (x86)/atmel/atmel toolchain/avr8 gcc/native/3.4.1061/avr8-gnu-toolchain/bin/../lib/gcc/avr/4.8.1/../../../../avr/lib/avr5\libm.a(pow.o)
                0x00003a20                pow
 .text.avr-libc.fplib
                0x00003ab8       0x62 c:/program files (x86)/atmel/atmel toolchain/avr8 gcc/native/3.4.1061/avr8-gnu-toolchain/bin/../lib/gcc/avr/4.8.1/../../../../avr/lib/avr5\libm.a(exp.o)
                0x00003ac2                exp
 .text.avr-libc.fplib
                0x00003b1a       0x4a c:/program files (x86)/atmel/atmel toolchain/avr8 gcc/native/3.4.1061/avr8-gnu-toolchain/bin/../lib/gcc/avr/4.8.1/../../../../avr/lib/avr5\libm.a(fp_powser.o)
                0x00003b1a                __fp_powser
 .text.avr-libc.fplib
                0x00003b64        0xe c:/program files (x86)/atmel/atmel toolchain/avr8 gcc/native/3.4.1061/avr8-gnu-toolchain/bin/../lib/gcc/avr/4.8.1/../../../../avr/lib/avr5\libm.a(inverse.o)
                0x00003b64                inverse
 .text.avr-libc.fplib
                0x00003b72       0x6c c:/program files (x86)/atmel/atmel toolchain/avr8 gcc/native/3.4.1061/avr8-gnu-toolchain/bin/../lib/gcc/avr/4.8.1/../../../../avr/lib/avr5\libm.a(ldexp.o)
                0x00003b76                ldexp
 .text.avr-libc.fplib
                0x00003bde       0x8a c:/program files (x86)/atmel/atmel toolchain/avr8 gcc/native/3.4.1061/avr8-gnu-toolchain/bin/../lib/gcc/avr/4.8.1/../../../../avr/lib/avr5\libm.a(log.o)
                0x00003be8                log
 .text.avr-libc.fplib
                0x00003c68       0x66 c:/program files (x86)/atmel/atmel toolchain/avr8 gcc/native/3.4.1061/avr8-gnu-toolchain/bin/../lib/gcc/avr/4.8.1/../../../../avr/lib/avr5\libm.a(modf.o)
                0x00003c68                modf
                0x00003c68                modff
 .text.avr-libc.fplib
                0x00003cce       0x1c c:/program files (x86)/atmel/atmel toolchain/avr8 gcc/native/3.4.1061/avr8-gnu-toolchain/bin/../lib/gcc/avr/4.8.1/../../../../avr/lib/avr5\libm.a(fp_mpack.o)
                0x00003cce                __fp_mpack
                0x00003cd2                __fp_mpack_finite
 .text.libgcc.mul
                0x00003cea       0x20 c:/program files (x86)/atmel/atmel toolchain/avr8 gcc/native/3.4.1061/avr8-gnu-toolchain/bin/../lib/gcc/avr/4.8.1/avr5\libgcc.a(_mulsi3.o)
                0x00003cea                __mulsi3
 .text.libgcc.div
                0x00003d0a       0x44 c:/program files (x86)/atmel/atmel toolchain/avr8 gcc/native/3.4.1061/avr8-gnu-toolchain/bin/../lib/gcc/avr/4.8.1/avr5\libgcc.a(_udivmodsi4.o)
                0x00003d0a                __udivmodsi4
 .text.libgcc.mul
                0x00003d4e       0x16 c:/program files (x86)/atmel/atmel toolchain/avr8 gcc/native/3.4.1061/avr8-gnu-toolchain/bin/../lib/gcc/avr/4.8.1/avr5\libgcc.a(_muluhisi3.o)
                0x00003d4e                __muluhisi3
 .text.libgcc.prologue
                0x00003d64       0x38 c:/program files (x86)/atmel/atmel toolchain/avr8 gcc/native/3.4.1061/avr8-gnu-toolchain/bin/../lib/gcc/avr/4.8.1/avr5\libgcc.a(_prologue.o)
                0x00003d64                __prologue_saves__
 .text.libgcc.prologue
                0x00003d9c       0x36 c:/program files (x86)/atmel/atmel toolchain/avr8 gcc/native/3.4.1061/avr8-gnu-toolchain/bin/../lib/gcc/avr/4.8.1/avr5\libgcc.a(_epilogue.o)
                0x00003d9c                __epilogue_restores__
 .text.libgcc.mul
                0x00003dd2       0x1e c:/program files (x86)/atmel/atmel toolchain/avr8 gcc/native/3.4.1061/avr8-gnu-toolchain/bin/../lib/gcc/avr/4.8.1/avr5\libgcc.a(_umulhisi3.o)
                0x00003dd2                __umulhisi3
 .text.avr-libc
                0x00003df0      0x24e c:/program files (x86)/atmel/atmel toolchain/avr8 gcc/native/3.4.1061/avr8-gnu-toolchain/bin/../lib/gcc/avr/4.8.1/../../../../avr/lib/avr5\libc.a(malloc.o)
                0x00003df0                malloc
                0x00003f20                free
 .text.avr-libc
                0x0000403e      0x1b0 c:/program files (x86)/atmel/atmel toolchain/avr8 gcc/native/3.4.1061/avr8-gnu-toolchain/bin/../lib/gcc/avr/4.8.1/../../../../avr/lib/avr5\libc.a(ftoa_engine.o)
                0x0000403e                __ftoa_engine
 .text.avr-libc
                0x000041ee       0x16 c:/program files (x86)/atmel/atmel toolchain/avr8 gcc/native/3.4.1061/avr8-gnu-toolchain/bin/../lib/gcc/avr/4.8.1/../../../../avr/lib/avr5\libc.a(strnlen_P.o)
                0x000041ee                strnlen_P
 .text.avr-libc
                0x00004204       0x16 c:/program files (x86)/atmel/atmel toolchain/avr8 gcc/native/3.4.1061/avr8-gnu-toolchain/bin/../lib/gcc/avr/4.8.1/../../../../avr/lib/avr5\libc.a(strnlen.o)
                0x00004204                strnlen
 .text.avr-libc
                0x0000421a       0x64 c:/program files (x86)/atmel/atmel toolchain/avr8 gcc/native/3.4.1061/avr8-gnu-toolchain/bin/../lib/gcc/avr/4.8.1/../../../../avr/lib/avr5\libc.a(fputc.o)
                0x0000421a                fputc
 .text.avr-libc
                0x0000427e       0x28 c:/program files (x86)/atmel/atmel toolchain/avr8 gcc/native/3.4.1061/avr8-gnu-toolchain/bin/../lib/gcc/avr/4.8.1/../../../../avr/lib/avr5\libc.a(printf.o)
                0x0000427e                printf
 .text.avr-libc
                0x000042a6       0x44 c:/program files (x86)/atmel/atmel toolchain/avr8 gcc/native/3.4.1061/avr8-gnu-toolchain/bin/../lib/gcc/avr/4.8.1/../../../../avr/lib/avr5\libc.a(printf_p.o)
                0x000042a6                printf_P
 .text.avr-libc
                0x000042ea       0x5a c:/program files (x86)/atmel/atmel toolchain/avr8 gcc/native/3.4.1061/avr8-gnu-toolchain/bin/../lib/gcc/avr/4.8.1/../../../../avr/lib/avr5\libc.a(puts.o)
                0x000042ea                puts
 .text.avr-libc
                0x00004344       0xbc c:/program files (x86)/atmel/atmel toolchain/avr8 gcc/native/3.4.1061/avr8-gnu-toolchain/bin/../lib/gcc/avr/4.8.1/../../../../avr/lib/avr5\libc.a(ultoa_invert.o)
                0x00004344                __ultoa_invert
                0x00004400                . = ALIGN (0x2)
 *(.fini9)
 .fini9         0x00004400        0x0 c:/program files (x86)/atmel/atmel toolchain/avr8 gcc/native/3.4.1061/avr8-gnu-toolchain/bin/../lib/gcc/avr/4.8.1/avr5\libgcc.a(_exit.o)
                0x00004400                _exit
                0x00004400                exit
 *(.fini9)
 *(.fini8)
 *(.fini8)
 *(.fini7)
 *(.fini7)
 *(.fini6)
 *(.fini6)
 *(.fini5)
 *(.fini5)
 *(.fini4)
 *(.fini4)
 *(.fini3)
 *(.fini3)
 *(.fini2)
 *(.fini2)
 *(.fini1)
 *(.fini1)
 *(.fini0)
 .fini0         0x00004400        0x4 c:/program files (x86)/atmel/atmel toolchain/avr8 gcc/native/3.4.1061/avr8-gnu-toolchain/bin/../lib/gcc/avr/4.8.1/avr5\libgcc.a(_exit.o)
 *(.fini0)
                0x00004404                _etext = .

.data           0x00800100       0xf6 load address 0x00004404
                0x00800100                PROVIDE (__data_start, .)
 *(.data)
 .data          0x00800100        0x1 ../../../../../../Software/libraries/libcapi324v221\libcapi324v221.a(ADC_set_channel.o)
 .data          0x00800101        0x4 ../../../../../../Software/libraries/libcapi324v221\libcapi324v221.a(ATTINY_get_IR_state.o)
 .data          0x00800105        0x6 ../../../../../../Software/libraries/libcapi324v221\libcapi324v221.a(ATTINY_get_SW_state.o)
 .data          0x0080010b        0xe ../../../../../../Software/libraries/libcapi324v221\libcapi324v221.a(LCD_globals.o)
                0x0080010b                LCD_stdout
 .data          0x00800119        0x8 ../../../../../../Software/libraries/libcapi324v221\libcapi324v221.a(STEPPER_globals.o)
                0x00800119                Motor_L_LUT
                0x0080011d                Motor_R_LUT
 .data          0x00800121        0x6 c:/program files (x86)/atmel/atmel toolchain/avr8 gcc/native/3.4.1061/avr8-gnu-toolchain/bin/../lib/gcc/avr/4.8.1/../../../../avr/lib/avr5\libc.a(malloc.o)
                0x00800121                __malloc_heap_end
                0x00800123                __malloc_heap_start
                0x00800125                __malloc_margin
 *(.data*)
 *(.rodata)
 *(.rodata*)
 .rodata.str1.1
                0x00800127       0xcf lab3demo.o
 *(.gnu.linkonce.d*)
                0x008001f6                . = ALIGN (0x2)
                0x008001f6                _edata = .
                0x008001f6                PROVIDE (__data_end, .)

.bss            0x008001f6      0x108
                0x008001f6                PROVIDE (__bss_start, .)
 *(.bss)
 .bss           0x008001f6        0xb ../../../../../../Software/libraries/libcapi324v221\libcapi324v221.a(ATTINY_get_IR_state.o)
 .bss           0x00800201        0xe ../../../../../../Software/libraries/libcapi324v221\libcapi324v221.a(ATTINY_get_SW_state.o)
 .bss           0x0080020f       0x40 ../../../../../../Software/libraries/libcapi324v221\libcapi324v221.a(ISR_globals.o)
                0x0080020f                CBOT_ISR_vtable
 .bss           0x0080024f       0x10 ../../../../../../Software/libraries/libcapi324v221\libcapi324v221.a(SPI_globals.o)
                0x0080024f                spi_config_func_LUT
 .bss           0x0080025f       0x10 ../../../../../../Software/libraries/libcapi324v221\libcapi324v221.a(SPKR_globals.o)
                0x0080025f                tone_mode_active
                0x00800260                beep_mode_active
                0x00800261                spkr_accum32
                0x00800265                spkr_freq
                0x00800269                beep_accum16
                0x0080026b                beep_freq
                0x0080026d                p_Freq_LUT
 .bss           0x0080026f        0x2 ../../../../../../Software/libraries/libcapi324v221\libcapi324v221.a(TMRSRVC_globals.o)
                0x0080026f                timer_busy_status
                0x00800270                timer_run_status
 .bss           0x00800271        0x1 ../../../../../../Software/libraries/libcapi324v221\libcapi324v221.a(STEPPER_process_run_mode.o)
 .bss           0x00800272        0x4 ../../../../../../Software/libraries/libcapi324v221\libcapi324v221.a(STEPPER_process_pwm.o)
 *(.bss*)
 *(COMMON)
 COMMON         0x00800276        0x6 lab3demo.o
                0x00800276                LCopstat
                0x00800278                LEopstat
                0x0080027a                ATopstat
 COMMON         0x0080027c       0x13 ../../../../../../Software/libraries/libcapi324v221\libcapi324v221.a(SYS_globals.o)
                0x0080027c                CBOT_system
 COMMON         0x0080028f        0x5 ../../../../../../Software/libraries/libcapi324v221\libcapi324v221.a(LCD_globals.o)
                0x0080028f                LCD_params
 COMMON         0x00800294        0x1 ../../../../../../Software/libraries/libcapi324v221\libcapi324v221.a(SPI_globals.o)
                0x00800294                curr_spi_addr
 COMMON         0x00800295       0x1e ../../../../../../Software/libraries/libcapi324v221\libcapi324v221.a(ATTINY_globals.o)
                0x00800295                ATTINY_params
 COMMON         0x008002b3        0x3 ../../../../../../Software/libraries/libcapi324v221\libcapi324v221.a(TMRSRVC_globals.o)
                0x008002b3                tmrNodes
 COMMON         0x008002b6        0x5 ../../../../../../Software/libraries/libcapi324v221\libcapi324v221.a(I2C_globals.o)
                0x008002b6                I2C_params
 COMMON         0x008002bb       0x39 ../../../../../../Software/libraries/libcapi324v221\libcapi324v221.a(STEPPER_globals.o)
                0x008002bb                STEPPER_params
                0x008002f2                step_done
 COMMON         0x008002f4        0x4 c:/program files (x86)/atmel/atmel toolchain/avr8 gcc/native/3.4.1061/avr8-gnu-toolchain/bin/../lib/gcc/avr/4.8.1/../../../../avr/lib/avr5\libc.a(malloc.o)
                0x008002f4                __brkval
                0x008002f6                __flp
 COMMON         0x008002f8        0x6 c:/program files (x86)/atmel/atmel toolchain/avr8 gcc/native/3.4.1061/avr8-gnu-toolchain/bin/../lib/gcc/avr/4.8.1/../../../../avr/lib/avr5\libc.a(iob.o)
                0x008002f8                __iob
                0x008002fe                PROVIDE (__bss_end, .)
                0x00004404                __data_load_start = LOADADDR (.data)
                0x000044fa                __data_load_end = (__data_load_start + SIZEOF (.data))

.noinit         0x008002fe        0x0
                0x008002fe                PROVIDE (__noinit_start, .)
 *(.noinit*)
                0x008002fe                PROVIDE (__noinit_end, .)
                0x008002fe                _end = .
                0x008002fe                PROVIDE (__heap_start, .)

.eeprom         0x00810000        0x0
 *(.eeprom*)
                0x00810000                __eeprom_end = .

.fuse
 *(.fuse)
 *(.lfuse)
 *(.hfuse)
 *(.efuse)

.lock
 *(.lock*)

.signature
 *(.signature*)

.user_signatures
 *(.user_signatures*)

.stab
 *(.stab)

.stabstr
 *(.stabstr)

.stab.excl
 *(.stab.excl)

.stab.exclstr
 *(.stab.exclstr)

.stab.index
 *(.stab.index)

.stab.indexstr
 *(.stab.indexstr)

.comment        0x00000000       0x5c
 *(.comment)
 .comment       0x00000000       0x30 lab3demo.o
                                 0x31 (size before relaxing)
 .comment       0x00000030       0x2c c:/program files (x86)/atmel/atmel toolchain/avr8 gcc/native/3.4.1061/avr8-gnu-toolchain/bin/../lib/gcc/avr/4.8.1/../../../../avr/lib/avr5\libprintf_flt.a(vfprintf_flt.o)
                                 0x2d (size before relaxing)
 .comment       0x00000000       0x31 c:/program files (x86)/atmel/atmel toolchain/avr8 gcc/native/3.4.1061/avr8-gnu-toolchain/bin/../lib/gcc/avr/4.8.1/../../../../avr/lib/avr5\libc.a(malloc.o)
 .comment       0x00000000       0x31 c:/program files (x86)/atmel/atmel toolchain/avr8 gcc/native/3.4.1061/avr8-gnu-toolchain/bin/../lib/gcc/avr/4.8.1/../../../../avr/lib/avr5\libc.a(fputc.o)
 .comment       0x00000000       0x31 c:/program files (x86)/atmel/atmel toolchain/avr8 gcc/native/3.4.1061/avr8-gnu-toolchain/bin/../lib/gcc/avr/4.8.1/../../../../avr/lib/avr5\libc.a(iob.o)
 .comment       0x00000000       0x31 c:/program files (x86)/atmel/atmel toolchain/avr8 gcc/native/3.4.1061/avr8-gnu-toolchain/bin/../lib/gcc/avr/4.8.1/../../../../avr/lib/avr5\libc.a(printf.o)
 .comment       0x00000000       0x31 c:/program files (x86)/atmel/atmel toolchain/avr8 gcc/native/3.4.1061/avr8-gnu-toolchain/bin/../lib/gcc/avr/4.8.1/../../../../avr/lib/avr5\libc.a(printf_p.o)
 .comment       0x00000000       0x31 c:/program files (x86)/atmel/atmel toolchain/avr8 gcc/native/3.4.1061/avr8-gnu-toolchain/bin/../lib/gcc/avr/4.8.1/../../../../avr/lib/avr5\libc.a(puts.o)

.note.gnu.build-id
 *(.note.gnu.build-id)

.debug
 *(.debug)

.line
 *(.line)

.debug_srcinfo
 *(.debug_srcinfo)

.debug_sfnames
 *(.debug_sfnames)

.debug_aranges  0x00000000       0xa8
 *(.debug_aranges)
 .debug_aranges
                0x00000000       0xa8 lab3demo.o

.debug_pubnames
 *(.debug_pubnames)

.debug_info     0x00000000     0x1761
 *(.debug_info .gnu.linkonce.wi.*)
 .debug_info    0x00000000     0x1761 lab3demo.o

.debug_abbrev   0x00000000      0x25d
 *(.debug_abbrev)
 .debug_abbrev  0x00000000      0x25d lab3demo.o

.debug_line     0x00000000      0x400
 *(.debug_line .debug_line.* .debug_line_end)
 .debug_line    0x00000000      0x400 lab3demo.o

.debug_frame    0x00000000      0x284
 *(.debug_frame)
 .debug_frame   0x00000000      0x284 lab3demo.o

.debug_str      0x00000000      0xa05
 *(.debug_str)
 .debug_str     0x00000000      0xa05 lab3demo.o
                                0xaa4 (size before relaxing)

.debug_loc      0x00000000     0x1019
 *(.debug_loc)
 .debug_loc     0x00000000     0x1019 lab3demo.o

.debug_macinfo
 *(.debug_macinfo)

.debug_weaknames
 *(.debug_weaknames)

.debug_funcnames
 *(.debug_funcnames)

.debug_typenames
 *(.debug_typenames)

.debug_varnames
 *(.debug_varnames)

.debug_pubtypes
 *(.debug_pubtypes)

.debug_ranges   0x00000000       0x98
 *(.debug_ranges)
 .debug_ranges  0x00000000       0x98 lab3demo.o

.debug_macro
 *(.debug_macro)
OUTPUT(lab3demo.elf elf32-avr)
LOAD linker stubs
