Archive member included because of file (symbol)

c:/program files (x86)/atmel/atmel toolchain/avr8 gcc/native/3.4.1061/avr8-gnu-toolchain/bin/../lib/gcc/avr/4.8.1/../../../../avr/lib/avr5\libm.a(addsf3.o)
                              lab4demo.o (__subsf3)
c:/program files (x86)/atmel/atmel toolchain/avr8 gcc/native/3.4.1061/avr8-gnu-toolchain/bin/../lib/gcc/avr/4.8.1/../../../../avr/lib/avr5\libm.a(addsf3x.o)
                              c:/program files (x86)/atmel/atmel toolchain/avr8 gcc/native/3.4.1061/avr8-gnu-toolchain/bin/../lib/gcc/avr/4.8.1/../../../../avr/lib/avr5\libm.a(addsf3.o) (__addsf3x)
c:/program files (x86)/atmel/atmel toolchain/avr8 gcc/native/3.4.1061/avr8-gnu-toolchain/bin/../lib/gcc/avr/4.8.1/../../../../avr/lib/avr5\libm.a(atan2.o)
                              lab4demo.o (atan2)
c:/program files (x86)/atmel/atmel toolchain/avr8 gcc/native/3.4.1061/avr8-gnu-toolchain/bin/../lib/gcc/avr/4.8.1/../../../../avr/lib/avr5\libm.a(atan.o)
                              c:/program files (x86)/atmel/atmel toolchain/avr8 gcc/native/3.4.1061/avr8-gnu-toolchain/bin/../lib/gcc/avr/4.8.1/../../../../avr/lib/avr5\libm.a(atan2.o) (atan)
c:/program files (x86)/atmel/atmel toolchain/avr8 gcc/native/3.4.1061/avr8-gnu-toolchain/bin/../lib/gcc/avr/4.8.1/../../../../avr/lib/avr5\libm.a(cmpsf2.o)
                              lab4demo.o (__ltsf2)
c:/program files (x86)/atmel/atmel toolchain/avr8 gcc/native/3.4.1061/avr8-gnu-toolchain/bin/../lib/gcc/avr/4.8.1/../../../../avr/lib/avr5\libm.a(divsf3.o)
                              lab4demo.o (__divsf3)
c:/program files (x86)/atmel/atmel toolchain/avr8 gcc/native/3.4.1061/avr8-gnu-toolchain/bin/../lib/gcc/avr/4.8.1/../../../../avr/lib/avr5\libm.a(divsf3x.o)
                              c:/program files (x86)/atmel/atmel toolchain/avr8 gcc/native/3.4.1061/avr8-gnu-toolchain/bin/../lib/gcc/avr/4.8.1/../../../../avr/lib/avr5\libm.a(divsf3.o) (__divsf3x)
c:/program files (x86)/atmel/atmel toolchain/avr8 gcc/native/3.4.1061/avr8-gnu-toolchain/bin/../lib/gcc/avr/4.8.1/../../../../avr/lib/avr5\libm.a(fixsfsi.o)
                              lab4demo.o (__fixsfsi)
c:/program files (x86)/atmel/atmel toolchain/avr8 gcc/native/3.4.1061/avr8-gnu-toolchain/bin/../lib/gcc/avr/4.8.1/../../../../avr/lib/avr5\libm.a(fixunssfsi.o)
                              lab4demo.o (__fixunssfsi)
c:/program files (x86)/atmel/atmel toolchain/avr8 gcc/native/3.4.1061/avr8-gnu-toolchain/bin/../lib/gcc/avr/4.8.1/../../../../avr/lib/avr5\libm.a(floatsisf.o)
                              lab4demo.o (__floatunsisf)
c:/program files (x86)/atmel/atmel toolchain/avr8 gcc/native/3.4.1061/avr8-gnu-toolchain/bin/../lib/gcc/avr/4.8.1/../../../../avr/lib/avr5\libm.a(fp_cmp.o)
                              c:/program files (x86)/atmel/atmel toolchain/avr8 gcc/native/3.4.1061/avr8-gnu-toolchain/bin/../lib/gcc/avr/4.8.1/../../../../avr/lib/avr5\libm.a(cmpsf2.o) (__fp_cmp)
c:/program files (x86)/atmel/atmel toolchain/avr8 gcc/native/3.4.1061/avr8-gnu-toolchain/bin/../lib/gcc/avr/4.8.1/../../../../avr/lib/avr5\libm.a(fp_inf.o)
                              c:/program files (x86)/atmel/atmel toolchain/avr8 gcc/native/3.4.1061/avr8-gnu-toolchain/bin/../lib/gcc/avr/4.8.1/../../../../avr/lib/avr5\libm.a(addsf3x.o) (__fp_inf)
c:/program files (x86)/atmel/atmel toolchain/avr8 gcc/native/3.4.1061/avr8-gnu-toolchain/bin/../lib/gcc/avr/4.8.1/../../../../avr/lib/avr5\libm.a(fp_nan.o)
                              c:/program files (x86)/atmel/atmel toolchain/avr8 gcc/native/3.4.1061/avr8-gnu-toolchain/bin/../lib/gcc/avr/4.8.1/../../../../avr/lib/avr5\libm.a(addsf3x.o) (__fp_nan)
c:/program files (x86)/atmel/atmel toolchain/avr8 gcc/native/3.4.1061/avr8-gnu-toolchain/bin/../lib/gcc/avr/4.8.1/../../../../avr/lib/avr5\libm.a(fp_powser.o)
                              c:/program files (x86)/atmel/atmel toolchain/avr8 gcc/native/3.4.1061/avr8-gnu-toolchain/bin/../lib/gcc/avr/4.8.1/../../../../avr/lib/avr5\libm.a(atan.o) (__fp_powser)
c:/program files (x86)/atmel/atmel toolchain/avr8 gcc/native/3.4.1061/avr8-gnu-toolchain/bin/../lib/gcc/avr/4.8.1/../../../../avr/lib/avr5\libm.a(fp_pscA.o)
                              c:/program files (x86)/atmel/atmel toolchain/avr8 gcc/native/3.4.1061/avr8-gnu-toolchain/bin/../lib/gcc/avr/4.8.1/../../../../avr/lib/avr5\libm.a(addsf3x.o) (__fp_pscA)
c:/program files (x86)/atmel/atmel toolchain/avr8 gcc/native/3.4.1061/avr8-gnu-toolchain/bin/../lib/gcc/avr/4.8.1/../../../../avr/lib/avr5\libm.a(fp_pscB.o)
                              c:/program files (x86)/atmel/atmel toolchain/avr8 gcc/native/3.4.1061/avr8-gnu-toolchain/bin/../lib/gcc/avr/4.8.1/../../../../avr/lib/avr5\libm.a(addsf3x.o) (__fp_pscB)
c:/program files (x86)/atmel/atmel toolchain/avr8 gcc/native/3.4.1061/avr8-gnu-toolchain/bin/../lib/gcc/avr/4.8.1/../../../../avr/lib/avr5\libm.a(fp_round.o)
[...]
Memory Configuration

Name             Origin             Length             Attributes
text             0x00000000         0x00020000         xr
data             0x00800060         0x0000ffa0         rw !x
eeprom           0x00810000         0x00010000         rw !x
fuse             0x00820000         0x00000400         rw !x
lock             0x00830000         0x00000400         rw !x
signature        0x00840000         0x00000400         rw !x
user_signatures  0x00850000         0x00000400         rw !x
*default*        0x00000000         0xffffffff

Linker script and memory map

Address of section .data set to 0x800100
LOAD c:/program files (x86)/atmel/atmel toolchain/avr8 gcc/native/3.4.1061/avr8-gnu-toolchain/bin/../lib/gcc/avr/4.8.1/../../../../avr/lib/avr5/crtm324p.o
LOAD lab4demo.o
START GROUP
LOAD c:/program files (x86)/atmel/atmel toolchain/avr8 gcc/native/3.4.1061/avr8-gnu-toolchain/bin/../lib/gcc/avr/4.8.1/../../../../avr/lib/avr5\libm.a
LOAD c:/program files (x86)/atmel/atmel toolchain/avr8 gcc/native/3.4.1061/avr8-gnu-toolchain/bin/../lib/gcc/avr/4.8.1/../../../../avr/lib/avr5\libm.a
LOAD ../../../../../../Software/libraries/libcapi324v221\libcapi324v221.a
LOAD c:/program files (x86)/atmel/atmel toolchain/avr8 gcc/native/3.4.1061/avr8-gnu-toolchain/bin/../lib/gcc/avr/4.8.1/../../../../avr/lib/avr5\libprintf_flt.a
END GROUP
START GROUP
LOAD c:/program files (x86)/atmel/atmel toolchain/avr8 gcc/native/3.4.1061/avr8-gnu-toolchain/bin/../lib/gcc/avr/4.8.1/avr5\libgcc.a
LOAD c:/program files (x86)/atmel/atmel toolchain/avr8 gcc/native/3.4.1061/avr8-gnu-toolchain/bin/../lib/gcc/avr/4.8.1/../../../../avr/lib/avr5\libm.a
LOAD c:/program files (x86)/atmel/atmel toolchain/avr8 gcc/native/3.4.1061/avr8-gnu-toolchain/bin/../lib/gcc/avr/4.8.1/../../../../avr/lib/avr5\libc.a
END GROUP

.hash
 *(.hash)

.dynsym
 *(.dynsym)

.dynstr
 *(.dynstr)

.gnu.version
 *(.gnu.version)

.gnu.version_d
 *(.gnu.version_d)

.gnu.version_r
 *(.gnu.version_r)

.rel.init
 *(.rel.init)

.rela.init
 *(.rela.init)

.rel.text
 *(.rel.text)
 *(.rel.text.*)
 *(.rel.gnu.linkonce.t*)

.rela.text
 *(.rela.text)
 *(.rela.text.*)
 *(.rela.gnu.linkonce.t*)

.rel.fini
 *(.rel.fini)

.rela.fini
 *(.rela.fini)

.rel.rodata
 *(.rel.rodata)
 *(.rel.rodata.*)
 *(.rel.gnu.linkonce.r*)

.rela.rodata
 *(.rela.rodata)
 *(.rela.rodata.*)
 *(.rela.gnu.linkonce.r*)

.rel.data
 *(.rel.data)
 *(.rel.data.*)
 *(.rel.gnu.linkonce.d*)

.rela.data
 *(.rela.data)
 *(.rela.data.*)
 *(.rela.gnu.linkonce.d*)

.rel.ctors
 *(.rel.ctors)

.rela.ctors
 *(.rela.ctors)

.rel.dtors
 *(.rel.dtors)

.rela.dtors
 *(.rela.dtors)

.rel.got
 *(.rel.got)

.rela.got
 *(.rela.got)

.rel.bss
 *(.rel.bss)

.rela.bss
 *(.rela.bss)

.rel.plt
 *(.rel.plt)

.rela.plt
 *(.rela.plt)

.text           0x00000000     0x4936
 *(.vectors)
 .vectors       0x00000000       0x7c c:/program files (x86)/atmel/atmel toolchain/avr8 gcc/native/3.4.1061/avr8-gnu-toolchain/bin/../lib/gcc/avr/4.8.1/../../../../avr/lib/avr5/crtm324p.o
                0x00000000                __vector_default
                0x00000000                __vectors
 *(.vectors)
 *(.progmem.gcc*)
 .progmem.gcc_sw_table
                0x0000007c       0x26 ../../../../../../Software/libraries/libcapi324v221\libcapi324v221.a(SYS_get_state.o)
 .progmem.gcc_sw_table
                0x000000a2       0x26 ../../../../../../Software/libraries/libcapi324v221\libcapi324v221.a(SYS_set_state.o)
 .progmem.gcc_fplib
                0x000000c8       0x28 c:/program files (x86)/atmel/atmel toolchain/avr8 gcc/native/3.4.1061/avr8-gnu-toolchain/bin/../lib/gcc/avr/4.8.1/../../../../avr/lib/avr5\libm.a(exp.o)
 .progmem.gcc_fplib
                0x000000f0       0x5a c:/program files (x86)/atmel/atmel toolchain/avr8 gcc/native/3.4.1061/avr8-gnu-toolchain/bin/../lib/gcc/avr/4.8.1/../../../../avr/lib/avr5\libm.a(log.o)
                0x0000014a                . = ALIGN (0x2)
                0x0000014a                __trampolines_start = .
 *(.trampolines)
 .trampolines   0x0000014a        0x0 linker stubs
 *(.trampolines*)
                0x0000014a                __trampolines_end = .
 *(.progmem*)
 .progmem.data  0x0000014a      0x415 ../../../../../../Software/libraries/libcapi324v221\libcapi324v221.a(LCD_globals.o)
                0x0000014a                char_bitmap
                0x0000035f                CEENBoT_Inc_logo_bitmap
 .progmem.data  0x0000055f        0x8 c:/program files (x86)/atmel/atmel toolchain/avr8 gcc/native/3.4.1061/avr8-gnu-toolchain/bin/../lib/gcc/avr/4.8.1/../../../../avr/lib/avr5\libprintf_flt.a(vfprintf_flt.o)
 .progmem.data  0x00000567       0xfa c:/program files (x86)/atmel/atmel toolchain/avr8 gcc/native/3.4.1061/avr8-gnu-toolchain/bin/../lib/gcc/avr/4.8.1/../../../../avr/lib/avr5\libc.a(ftoa_engine.o)
                0x00000662                . = ALIGN (0x2)
 *fill*         0x00000661        0x1 
 *(.jumptables)
 *(.jumptables*)
 *(.lowtext)
 *(.lowtext*)
                0x00000662                __ctors_start = .
 *(.ctors)
                0x00000662                __ctors_end = .
                0x00000662                __dtors_start = .
 *(.dtors)
                0x00000662                __dtors_end = .
 SORT(*)(.ctors)
 SORT(*)(.dtors)
 *(.init0)
 .init0         0x00000662        0x0 c:/program files (x86)/atmel/atmel toolchain/avr8 gcc/native/3.4.1061/avr8-gnu-toolchain/bin/../lib/gcc/avr/4.8.1/../../../../avr/lib/avr5/crtm324p.o
                0x00000662                __init
 *(.init0)
 *(.init1)
 *(.init1)
 *(.init2)
 .init2         0x00000662        0xc c:/program files (x86)/atmel/atmel toolchain/avr8 gcc/native/3.4.1061/avr8-gnu-toolchain/bin/../lib/gcc/avr/4.8.1/../../../../avr/lib/avr5/crtm324p.o
 *(.init2)
 *(.init3)
 *(.init3)
 *(.init4)
 .init4         0x0000066e       0x16 c:/program files (x86)/atmel/atmel toolchain/avr8 gcc/native/3.4.1061/avr8-gnu-toolchain/bin/../lib/gcc/avr/4.8.1/avr5\libgcc.a(_copy_data.o)
                0x0000066e                __do_copy_data
 .init4         0x00000684       0x10 c:/program files (x86)/atmel/atmel toolchain/avr8 gcc/native/3.4.1061/avr8-gnu-toolchain/bin/../lib/gcc/avr/4.8.1/avr5\libgcc.a(_clear_bss.o)
                0x00000684                __do_clear_bss
 *(.init4)
 *(.init5)
 *(.init5)
 *(.init6)
 *(.init6)
 *(.init7)
 *(.init7)
 *(.init8)
 *(.init8)
 *(.init9)
 .init9         0x00000694        0x8 c:/program files (x86)/atmel/atmel toolchain/avr8 gcc/native/3.4.1061/avr8-gnu-toolchain/bin/../lib/gcc/avr/4.8.1/../../../../avr/lib/avr5/crtm324p.o
 *(.init9)
 *(.text)
 .text          0x0000069c        0x4 c:/program files (x86)/atmel/atmel toolchain/avr8 gcc/native/3.4.1061/avr8-gnu-toolchain/bin/../lib/gcc/avr/4.8.1/../../../../avr/lib/avr5/crtm324p.o
                0x0000069c                __vector_22
                0x0000069c                __vector_28
                0x0000069c                __vector_1
                0x0000069c                __vector_24
                0x0000069c                __bad_interrupt
                0x0000069c                __vector_3
                0x0000069c                __vector_23
                0x0000069c                __vector_30
                0x0000069c                __vector_25
                0x0000069c                __vector_19
                0x0000069c                __vector_27
                0x0000069c                __vector_2
                0x0000069c                __vector_21
                0x0000069c                __vector_29
                0x0000069c                __vector_8
                0x0000069c                __vector_26
                0x0000069c                __vector_20
 .text          0x000006a0       0x1c ../../../../../../Software/libraries/libcapi324v221\libcapi324v221.a(ADC_open.o)
                0x000006a0                ADC_open
 .text          0x000006bc       0x3a ../../../../../../Software/libraries/libcapi324v221\libcapi324v221.a(ADC_sample.o)
                0x000006bc                ADC_sample
 .text          0x000006f6       0x6e ../../../../../../Software/libraries/libcapi324v221\libcapi324v221.a(ADC_set_channel.o)
                0x000006f6                ADC_set_channel
 .text          0x00000764       0x16 ../../../../../../Software/libraries/libcapi324v221\libcapi324v221.a(ADC_set_VREF.o)
                0x00000764                ADC_set_VREF
 .text          0x0000077a       0x12 ../../../../../../Software/libraries/libcapi324v221\libcapi324v221.a(CBOT_main.o)
                0x0000077a                main
 .text          0x0000078c       0x3a ../../../../../../Software/libraries/libcapi324v221\libcapi324v221.a(LCD_clear.o)
                0x0000078c                LCD_clear
 .text          0x000007c6      0x102 ../../../../../../Software/libraries/libcapi324v221\libcapi324v221.a(LCD_open.o)
                0x000007c6                LCD_open
 .text          0x000008c8       0x42 ../../../../../../Software/libraries/libcapi324v221\libcapi324v221.a(LCD_set_backlight.o)
                0x000008c8                LCD_set_backlight
 .text          0x0000090a        0xe ../../../../../../Software/libraries/libcapi324v221\libcapi324v221.a(LCD_set_next_PGC.o)
                0x0000090a                LCD_set_next_PGC
 .text          0x00000918       0x32 ../../../../../../Software/libraries/libcapi324v221\libcapi324v221.a(LCD_set_PGC_addr.o)
                0x00000918                LCD_set_PGC_addr
 .text          0x0000094a       0x36 ../../../../../../Software/libraries/libcapi324v221\libcapi324v221.a(LCD_write.o)
                0x0000094a                LCD_write
 .text          0x00000980       0xa2 ../../../../../../Software/libraries/libcapi324v221\libcapi324v221.a(SPI_set_slave_addr.o)
                0x00000980                SPI_set_slave_addr
 .text          0x00000a22       0x1e ../../../../../../Software/libraries/libcapi324v221\libcapi324v221.a(SPI_transmit.o)
                0x00000a22                SPI_transmit
 .text          0x00000a40      0x13c ../../../../../../Software/libraries/libcapi324v221\libcapi324v221.a(SPKR_open.o)
                0x00000a40                __SPKR_set_up_freq_LUT
                0x00000ade                __SPKR_open_beep_mode
                0x00000b0a                __SPKR_open_tone_mode
                0x00000b62                SPKR_open
 .text          0x00000b7c       0x9a ../../../../../../Software/libraries/libcapi324v221\libcapi324v221.a(SPKR_play_beep.o)
                0x00000b7c                SPKR_play_beep
 .text          0x00000c16       0x1c ../../../../../../Software/libraries/libcapi324v221\libcapi324v221.a(STEPPER_close.o)
                0x00000c16                STEPPER_close
 .text          0x00000c32      0x2c8 ../../../../../../Software/libraries/libcapi324v221\libcapi324v221.a(STEPPER_move.o)
                0x00000dac                STEPPER_move
 .text          0x00000efa       0xae ../../../../../../Software/libraries/libcapi324v221\libcapi324v221.a(STEPPER_open.o)
                0x00000efa                STEPPER_open
 .text          0x00000fa8       0x2e ../../../../../../Software/libraries/libcapi324v221\libcapi324v221.a(STEPPER_run.o)
                0x00000fa8                STEPPER_run
 .text          0x00000fd6       0x44 ../../../../../../Software/libraries/libcapi324v221\libcapi324v221.a(STEPPER_set_accel.o)
                0x00000fd6                STEPPER_set_accel
 .text          0x0000101a       0x2a ../../../../../../Software/libraries/libcapi324v221\libcapi324v221.a(STEPPER_set_dir.o)
                0x0000101a                STEPPER_set_dir
 .text          0x00001044       0x2a ../../../../../../Software/libraries/libcapi324v221\libcapi324v221.a(STEPPER_set_mode.o)
                0x00001044                STEPPER_set_mode
 .text          0x0000106e       0x44 ../../../../../../Software/libraries/libcapi324v221\libcapi324v221.a(STEPPER_set_speed.o)
                0x0000106e                STEPPER_set_speed
 .text          0x000010b2      0x118 ../../../../../../Software/libraries/libcapi324v221\libcapi324v221.a(STEPPER_step.o)
                0x000010b2                STEPPER_step
 .text          0x000011ca       0x4a ../../../../../../Software/libraries/libcapi324v221\libcapi324v221.a(STEPPER_stop.o)
                0x000011ca                STEPPER_stop
 .text          0x00001214       0x9c ../../../../../../Software/libraries/libcapi324v221\libcapi324v221.a(STEPPER_wait_and_then.o)
                0x00001214                STEPPER_wait_and_then
 .text          0x000012b0       0x90 ../../../../../../Software/libraries/libcapi324v221\libcapi324v221.a(SYS_get_state.o)
                0x000012b0                SYS_get_state
 .text          0x00001340       0x8e ../../../../../../Software/libraries/libcapi324v221\libcapi324v221.a(SYS_set_state.o)
                0x00001340                SYS_set_state
 .text          0x000013ce       0x9c ../../../../../../Software/libraries/libcapi324v221\libcapi324v221.a(ATTINY_get_SW_state.o)
                0x000013ce                ATTINY_get_SW_state
 .text          0x0000146a       0x9e ../../../../../../Software/libraries/libcapi324v221\libcapi324v221.a(ATTINY_open.o)
                0x0000146a                ATTINY_open
 .text          0x00001508       0x42 ../../../../../../Software/libraries/libcapi324v221\libcapi324v221.a(TMRSRVC_delay.o)
                0x00001508                TMRSRVC_delay
 .text          0x0000154a       0x7c ../../../../../../Software/libraries/libcapi324v221\libcapi324v221.a(TMRSRVC_new.o)
                0x0000154a                TMRSRVC_new
 .text          0x000015c6       0x16 ../../../../../../Software/libraries/libcapi324v221\libcapi324v221.a(__ADC_init.o)
                0x000015c6                __ADC_init
 .text          0x000015dc       0x1c ../../../../../../Software/libraries/libcapi324v221\libcapi324v221.a(CBOT_init.o)
                0x000015dc                CBOT_init
 .text          0x000015f8      0x480 ../../../../../../Software/libraries/libcapi324v221\libcapi324v221.a(CBOT_isr.o)
                0x000015f8                CBOT_ISR_init
                0x000015fc                __vector_16
                0x0000164e                __vector_17
                0x000016a0                __vector_18
                0x000016f2                __vector_9
                0x00001744                __vector_10
                0x00001796                __vector_11
                0x000017e8                __vector_13
                0x0000183a                __vector_14
                0x0000188c                __vector_12
                0x000018de                __vector_15
                0x00001930                __vector_4
                0x00001982                __vector_5
                0x000019d4                __vector_6
                0x00001a26                __vector_7
 .text          0x00001a78       0x28 ../../../../../../Software/libraries/libcapi324v221\libcapi324v221.a(ISR_attach.o)
                0x00001a78                ISR_attach
 .text          0x00001aa0       0x28 ../../../../../../Software/libraries/libcapi324v221\libcapi324v221.a(ISR_open.o)
                0x00001aa0                ISR_open
 .text          0x00001ac8        0x4 ../../../../../../Software/libraries/libcapi324v221\libcapi324v221.a(__LCD_init.o)
                0x00001ac8                __LCD_init
 .text          0x00001acc      0x15a ../../../../../../Software/libraries/libcapi324v221\libcapi324v221.a(__LCD_putchar.o)
                0x00001acc                __LCD_putchar
 .text          0x00001c26       0x24 ../../../../../../Software/libraries/libcapi324v221\libcapi324v221.a(ATMEGA_open.o)
                0x00001c26                ATMEGA_open
 .text          0x00001c4a       0xa6 ../../../../../../Software/libraries/libcapi324v221\libcapi324v221.a(ATMEGA_set_clk_mode.o)
                0x00001c4a                ATMEGA_set_clk_mode
 .text          0x00001cf0       0x72 ../../../../../../Software/libraries/libcapi324v221\libcapi324v221.a(SPI_open.o)
                0x00001cf0                SPI_open
 .text          0x00001d62       0x12 ../../../../../../Software/libraries/libcapi324v221\libcapi324v221.a(SPI_set_config_func.o)
                0x00001d62                SPI_set_config_func
 .text          0x00001d74        0x6 ../../../../../../Software/libraries/libcapi324v221\libcapi324v221.a(ISR__SPKR__TIMER1_COMPA_vect.o)
                0x00001d74                __SPKR_TIMER1_COMPA_vect
 .text          0x00001d7a       0x2e ../../../../../../Software/libraries/libcapi324v221\libcapi324v221.a(SPKR_beep.o)
                0x00001d7a                SPKR_beep
 .text          0x00001da8       0x82 ../../../../../../Software/libraries/libcapi324v221\libcapi324v221.a(SPKR_clk.o)
                0x00001da8                SPKR_clk
 .text          0x00001e2a       0x72 ../../../../../../Software/libraries/libcapi324v221\libcapi324v221.a(SPKR_close.o)
                0x00001e2a                __SPKR_close_beep_mode
                0x00001e46                __SPKR_close_tone_mode
                0x00001e88                SPKR_close
 .text          0x00001e9c       0x54 ../../../../../../Software/libraries/libcapi324v221\libcapi324v221.a(__SPKR_init.o)
                0x00001e9c                __SPKR_init
 .text          0x00001ef0        0xc ../../../../../../Software/libraries/libcapi324v221\libcapi324v221.a(__SPKR_stop.o)
                0x00001ef0                __SPKR_stop
 .text          0x00001efc       0x14 ../../../../../../Software/libraries/libcapi324v221\libcapi324v221.a(__STEPPER_close.o)
                0x00001efc                __STEPPER_close
 .text          0x00001f10       0x2a ../../../../../../Software/libraries/libcapi324v221\libcapi324v221.a(STEPPER_go.o)
                0x00001f10                STEPPER_go
 .text          0x00001f3a       0x14 ../../../../../../Software/libraries/libcapi324v221\libcapi324v221.a(__STEPPER_init.o)
                0x00001f3a                __STEPPER_init
 .text          0x00001f4e       0x36 ../../../../../../Software/libraries/libcapi324v221\libcapi324v221.a(STEPPER_set_steps.o)
                0x00001f4e                STEPPER_set_steps
 .text          0x00001f84       0x2a ../../../../../../Software/libraries/libcapi324v221\libcapi324v221.a(STEPPER_set_stop_mode.o)
                0x00001f84                STEPPER_set_stop_mode
 .text          0x00001fae       0x7a ../../../../../../Software/libraries/libcapi324v221\libcapi324v221.a(STEPPER_setup_decels.o)
                0x00001fae                STEPPER_setup_decels
 .text          0x00002028       0x46 ../../../../../../Software/libraries/libcapi324v221\libcapi324v221.a(SYS_init.o)
                0x00002028                SYS_init
 .text          0x0000206e       0x62 ../../../../../../Software/libraries/libcapi324v221\libcapi324v221.a(ATTINY_get_sensors.o)
                0x0000206e                ATTINY_get_sensors
 .text          0x000020d0       0xd2 ../../../../../../Software/libraries/libcapi324v221\libcapi324v221.a(__TMRSRVC_insert.o)
                0x000020d0                TMRSRVC_insert
 .text          0x000021a2       0x3e ../../../../../../Software/libraries/libcapi324v221\libcapi324v221.a(TMRSRVC_open.o)
                0x000021a2                TMRSRVC_open
 .text          0x000021e0        0xc ../../../../../../Software/libraries/libcapi324v221\libcapi324v221.a(__TMRSRVC_start.o)
                0x000021e0                __TMRSRVC_start
 .text          0x000021ec        0x8 ../../../../../../Software/libraries/libcapi324v221\libcapi324v221.a(TMRSRVC_start.o)
                0x000021ec                TMRSRVC_start
 .text          0x000021f4       0x22 ../../../../../../Software/libraries/libcapi324v221\libcapi324v221.a(__ISR_attach.o)
                0x000021f4                __ISR_attach
 .text          0x00002216        0x6 ../../../../../../Software/libraries/libcapi324v221\libcapi324v221.a(__ATMEGA_init.o)
                0x00002216                __ATMEGA_init
 .text          0x0000221c       0x52 ../../../../../../Software/libraries/libcapi324v221\libcapi324v221.a(SPI_cfgrs.o)
                0x0000221c                SPI_default_config
                0x0000222c                SPI_ATtiny0_config
                0x0000223c                SPI_PSXC_config
                0x0000224c                SPI_LCD_config
                0x0000225c                SPI_FLASH_config
 .text          0x0000226e        0xe ../../../../../../Software/libraries/libcapi324v221\libcapi324v221.a(__SPI_init.o)
                0x0000226e                __SPI_init
 .text          0x0000227c       0x24 ../../../../../../Software/libraries/libcapi324v221\libcapi324v221.a(SPI_receive.o)
                0x0000227c                SPI_receive
 .text          0x000022a0       0x38 ../../../../../../Software/libraries/libcapi324v221\libcapi324v221.a(__SPKR_close.o)
                0x000022a0                __SPKR_close
 .text          0x000022d8       0xda ../../../../../../Software/libraries/libcapi324v221\libcapi324v221.a(STEPPER_set_decel_step_values.o)
                0x000022d8                STEPPER_set_decel_step_values
 .text          0x000023b2        0xe ../../../../../../Software/libraries/libcapi324v221\libcapi324v221.a(ISR__TIMER0_COMPA_vect.o)
                0x000023b2                __TIMER0_COMPA_vect
 .text          0x000023c0       0x12 ../../../../../../Software/libraries/libcapi324v221\libcapi324v221.a(__TMRSRVC_init.o)
                0x000023c0                __TMRSRVC_init
 .text          0x000023d2       0x32 ../../../../../../Software/libraries/libcapi324v221\libcapi324v221.a(TMRSRVC_tick.o)
                0x000023d2                TMRSRVC_tick
 .text          0x00002404       0x4e ../../../../../../Software/libraries/libcapi324v221\libcapi324v221.a(SPKR_beep_clk.o)
                0x00002404                SPKR_beep_clk
 .text          0x00002452      0x162 ../../../../../../Software/libraries/libcapi324v221\libcapi324v221.a(STEPPER_clk.o)
                0x00002452                STEPPER_clk
 .text          0x000025b4       0x8a ../../../../../../Software/libraries/libcapi324v221\libcapi324v221.a(STEPPER_process_accel.o)
                0x000025b4                STEPPER_process_accel
 .text          0x0000263e      0x206 ../../../../../../Software/libraries/libcapi324v221\libcapi324v221.a(STEPPER_process_run_mode.o)
                0x0000263e                STEPPER_process_run_mode
 .text          0x00002844       0xa8 ../../../../../../Software/libraries/libcapi324v221\libcapi324v221.a(STEPPER_process_step_mode.o)
                0x00002844                STEPPER_process_step_mode
 .text          0x000028ec       0xd6 ../../../../../../Software/libraries/libcapi324v221\libcapi324v221.a(TMRSRVC_process.o)
                0x000028ec                TMRSRVC_process
 .text          0x000029c2        0x6 ../../../../../../Software/libraries/libcapi324v221\libcapi324v221.a(TMRSRVC_stop.o)
                0x000029c2                TMRSRVC_stop
 .text          0x000029c8      0x130 ../../../../../../Software/libraries/libcapi324v221\libcapi324v221.a(STEPPER_process_pwm.o)
                0x000029c8                STEPPER_process_pwm
                0x00002af8                . = ALIGN (0x2)
 *(.text.*)
 .text.getLeftIR
                0x00002af8       0x50 lab4demo.o
                0x00002af8                getLeftIR
 .text.getRightIR
                0x00002b48       0x50 lab4demo.o
                0x00002b48                getRightIR
 .text.getFrontIR
                0x00002b98       0x50 lab4demo.o
                0x00002b98                getFrontIR
 .text.sTurnLeft
                0x00002be8       0xa8 lab4demo.o
                0x00002be8                sTurnLeft
 .text.sTurnRight
                0x00002c90       0xaa lab4demo.o
                0x00002c90                sTurnRight
 .text.go2Angle
                0x00002d3a       0x84 lab4demo.o
                0x00002d3a                go2Angle
 .text.rightFollow
                0x00002dbe      0x2ae lab4demo.o
                0x00002dbe                rightFollow
 .text.leftFollow
                0x0000306c      0x2ae lab4demo.o
                0x0000306c                leftFollow
 .text.CBOT_main
                0x0000331a       0x96 lab4demo.o
                0x0000331a                CBOT_main
 .text.avr-libc.fplib
                0x000033b0        0xa c:/program files (x86)/atmel/atmel toolchain/avr8 gcc/native/3.4.1061/avr8-gnu-toolchain/bin/../lib/gcc/avr/4.8.1/../../../../avr/lib/avr5\libm.a(addsf3.o)
                0x000033b0                __subsf3
                0x000033b2                __addsf3
 .text.avr-libc.fplib
                0x000033ba       0xc0 c:/program files (x86)/atmel/atmel toolchain/avr8 gcc/native/3.4.1061/avr8-gnu-toolchain/bin/../lib/gcc/avr/4.8.1/../../../../avr/lib/avr5\libm.a(addsf3x.o)
                0x000033d4                __addsf3x
 .text.avr-libc.fplib
                0x0000347a        0x8 c:/program files (x86)/atmel/atmel toolchain/avr8 gcc/native/3.4.1061/avr8-gnu-toolchain/bin/../lib/gcc/avr/4.8.1/../../../../avr/lib/avr5\libm.a(cmpsf2.o)
                0x0000347a                __nesf2
                0x0000347a                __eqsf2
                0x0000347a                __cmpsf2
                0x0000347a                __ltsf2
                0x0000347a                __lesf2
 .text.avr-libc.fplib
                0x00003482        0x4 c:/program files (x86)/atmel/atmel toolchain/avr8 gcc/native/3.4.1061/avr8-gnu-toolchain/bin/../lib/gcc/avr/4.8.1/../../../../avr/lib/avr5\libm.a(divsf3.o)
                0x00003482                __divsf3
 .text.avr-libc.fplib
                0x00003486       0xcc c:/program files (x86)/atmel/atmel toolchain/avr8 gcc/native/3.4.1061/avr8-gnu-toolchain/bin/../lib/gcc/avr/4.8.1/../../../../avr/lib/avr5\libm.a(divsf3x.o)
                0x0000349c                __divsf3x
                0x000034a0                __divsf3_pse
 .text.avr-libc.fplib
                0x00003552       0x58 c:/program files (x86)/atmel/atmel toolchain/avr8 gcc/native/3.4.1061/avr8-gnu-toolchain/bin/../lib/gcc/avr/4.8.1/../../../../avr/lib/avr5\libm.a(fixunssfsi.o)
                0x00003552                __fixunssfsi
 .text.avr-libc.fplib
                0x000035aa       0x7a c:/program files (x86)/atmel/atmel toolchain/avr8 gcc/native/3.4.1061/avr8-gnu-toolchain/bin/../lib/gcc/avr/4.8.1/../../../../avr/lib/avr5\libm.a(floatsisf.o)
                0x000035aa                __floatunsisf
                0x000035ae                __floatsisf
 .text.avr-libc.fplib
                0x00003624       0x48 c:/program files (x86)/atmel/atmel toolchain/avr8 gcc/native/3.4.1061/avr8-gnu-toolchain/bin/../lib/gcc/avr/4.8.1/../../../../avr/lib/avr5\libm.a(fp_cmp.o)
                0x00003624                __fp_cmp
 .text.avr-libc.fplib
                0x0000366c        0xc c:/program files (x86)/atmel/atmel toolchain/avr8 gcc/native/3.4.1061/avr8-gnu-toolchain/bin/../lib/gcc/avr/4.8.1/../../../../avr/lib/avr5\libm.a(fp_inf.o)
                0x0000366c                __fp_inf
 .text.avr-libc.fplib
                0x00003678        0x6 c:/program files (x86)/atmel/atmel toolchain/avr8 gcc/native/3.4.1061/avr8-gnu-toolchain/bin/../lib/gcc/avr/4.8.1/../../../../avr/lib/avr5\libm.a(fp_nan.o)
                0x00003678                __fp_nan
 .text.avr-libc.fplib
                0x0000367e       0x4a c:/program files (x86)/atmel/atmel toolchain/avr8 gcc/native/3.4.1061/avr8-gnu-toolchain/bin/../lib/gcc/avr/4.8.1/../../../../avr/lib/avr5\libm.a(fp_powser.o)
                0x0000367e                __fp_powser
 .text.avr-libc.fplib
                0x000036c8        0xe c:/program files (x86)/atmel/atmel toolchain/avr8 gcc/native/3.4.1061/avr8-gnu-toolchain/bin/../lib/gcc/avr/4.8.1/../../../../avr/lib/avr5\libm.a(fp_pscA.o)
                0x000036c8                __fp_pscA
 .text.avr-libc.fplib
                0x000036d6        0xe c:/program files (x86)/atmel/atmel toolchain/avr8 gcc/native/3.4.1061/avr8-gnu-toolchain/bin/../lib/gcc/avr/4.8.1/../../../../avr/lib/avr5\libm.a(fp_pscB.o)
                0x000036d6                __fp_pscB
 .text.avr-libc.fplib
                0x000036e4       0x22 c:/program files (x86)/atmel/atmel toolchain/avr8 gcc/native/3.4.1061/avr8-gnu-toolchain/bin/../lib/gcc/avr/4.8.1/../../../../avr/lib/avr5\libm.a(fp_round.o)
                0x000036e4                __fp_round
 .text.avr-libc.fplib
                0x00003706       0x44 c:/program files (x86)/atmel/atmel toolchain/avr8 gcc/native/3.4.1061/avr8-gnu-toolchain/bin/../lib/gcc/avr/4.8.1/../../../../avr/lib/avr5\libm.a(fp_split3.o)
                0x00003706                __fp_split3
                0x00003716                __fp_splitA
 .text.avr-libc.fplib
                0x0000374a        0xe c:/program files (x86)/atmel/atmel toolchain/avr8 gcc/native/3.4.1061/avr8-gnu-toolchain/bin/../lib/gcc/avr/4.8.1/../../../../avr/lib/avr5\libm.a(fp_zero.o)
                0x0000374a                __fp_zero
                0x0000374c                __fp_szero
 .text.avr-libc.fplib
                0x00003758        0x8 c:/program files (x86)/atmel/atmel toolchain/avr8 gcc/native/3.4.1061/avr8-gnu-toolchain/bin/../lib/gcc/avr/4.8.1/../../../../avr/lib/avr5\libm.a(gesf2.o)
                0x00003758                __gesf2
                0x00003758                __gtsf2
 .text.avr-libc.fplib
                0x00003760        0xe c:/program files (x86)/atmel/atmel toolchain/avr8 gcc/native/3.4.1061/avr8-gnu-toolchain/bin/../lib/gcc/avr/4.8.1/../../../../avr/lib/avr5\libm.a(inverse.o)
                0x00003760                inverse
 .text.avr-libc.fplib
                0x0000376e        0x4 c:/program files (x86)/atmel/atmel toolchain/avr8 gcc/native/3.4.1061/avr8-gnu-toolchain/bin/../lib/gcc/avr/4.8.1/../../../../avr/lib/avr5\libm.a(mulsf3.o)
                0x0000376e                __mulsf3
 .text.avr-libc.fplib
                0x00003772       0xc2 c:/program files (x86)/atmel/atmel toolchain/avr8 gcc/native/3.4.1061/avr8-gnu-toolchain/bin/../lib/gcc/avr/4.8.1/../../../../avr/lib/avr5\libm.a(mulsf3x.o)
                0x00003786                __mulsf3x
                0x0000378a                __mulsf3_pse
 .text.avr-libc.fplib
                0x00003834       0x1c c:/program files (x86)/atmel/atmel toolchain/avr8 gcc/native/3.4.1061/avr8-gnu-toolchain/bin/../lib/gcc/avr/4.8.1/../../../../avr/lib/avr5\libm.a(fp_mpack.o)
                0x00003834                __fp_mpack
                0x00003838                __fp_mpack_finite
 .text.avr-libc
                0x00003850      0x6f6 c:/program files (x86)/atmel/atmel toolchain/avr8 gcc/native/3.4.1061/avr8-gnu-toolchain/bin/../lib/gcc/avr/4.8.1/../../../../avr/lib/avr5\libprintf_flt.a(vfprintf_flt.o)
                0x00003850                vfprintf
 .text.avr-libc.fplib
                0x00003f46       0x74 c:/program files (x86)/atmel/atmel toolchain/avr8 gcc/native/3.4.1061/avr8-gnu-toolchain/bin/../lib/gcc/avr/4.8.1/../../../../avr/lib/avr5\libm.a(lrint.o)
                0x00003f46                lrint
 .text.avr-libc.fplib
                0x00003fba       0x98 c:/program files (x86)/atmel/atmel toolchain/avr8 gcc/native/3.4.1061/avr8-gnu-toolchain/bin/../lib/gcc/avr/4.8.1/../../../../avr/lib/avr5\libm.a(pow.o)
                0x00003fba                pow
 .text.avr-libc.fplib
                0x00004052       0x62 c:/program files (x86)/atmel/atmel toolchain/avr8 gcc/native/3.4.1061/avr8-gnu-toolchain/bin/../lib/gcc/avr/4.8.1/../../../../avr/lib/avr5\libm.a(exp.o)
                0x0000405c                exp
 .text.avr-libc.fplib
                0x000040b4       0x6c c:/program files (x86)/atmel/atmel toolchain/avr8 gcc/native/3.4.1061/avr8-gnu-toolchain/bin/../lib/gcc/avr/4.8.1/../../../../avr/lib/avr5\libm.a(ldexp.o)
                0x000040b8                ldexp
 .text.avr-libc.fplib
                0x00004120       0x8a c:/program files (x86)/atmel/atmel toolchain/avr8 gcc/native/3.4.1061/avr8-gnu-toolchain/bin/../lib/gcc/avr/4.8.1/../../../../avr/lib/avr5\libm.a(log.o)
                0x0000412a                log
 .text.avr-libc.fplib
                0x000041aa       0x66 c:/program files (x86)/atmel/atmel toolchain/avr8 gcc/native/3.4.1061/avr8-gnu-toolchain/bin/../lib/gcc/avr/4.8.1/../../../../avr/lib/avr5\libm.a(modf.o)
                0x000041aa                modf
                0x000041aa                modff
 .text.libgcc.mul
                0x00004210       0x20 c:/program files (x86)/atmel/atmel toolchain/avr8 gcc/native/3.4.1061/avr8-gnu-toolchain/bin/../lib/gcc/avr/4.8.1/avr5\libgcc.a(_mulsi3.o)
                0x00004210                __mulsi3
 .text.libgcc.div
                0x00004230       0x28 c:/program files (x86)/atmel/atmel toolchain/avr8 gcc/native/3.4.1061/avr8-gnu-toolchain/bin/../lib/gcc/avr/4.8.1/avr5\libgcc.a(_divmodhi4.o)
                0x00004230                _div
                0x00004230                __divmodhi4
 .text.libgcc.div
                0x00004258       0x44 c:/program files (x86)/atmel/atmel toolchain/avr8 gcc/native/3.4.1061/avr8-gnu-toolchain/bin/../lib/gcc/avr/4.8.1/avr5\libgcc.a(_udivmodsi4.o)
                0x00004258                __udivmodsi4
 .text.libgcc.mul
                0x0000429c       0x16 c:/program files (x86)/atmel/atmel toolchain/avr8 gcc/native/3.4.1061/avr8-gnu-toolchain/bin/../lib/gcc/avr/4.8.1/avr5\libgcc.a(_muluhisi3.o)
                0x0000429c                __muluhisi3
 .text.libgcc.prologue
                0x000042b2       0x38 c:/program files (x86)/atmel/atmel toolchain/avr8 gcc/native/3.4.1061/avr8-gnu-toolchain/bin/../lib/gcc/avr/4.8.1/avr5\libgcc.a(_prologue.o)
                0x000042b2                __prologue_saves__
 .text.libgcc.prologue
                0x000042ea       0x36 c:/program files (x86)/atmel/atmel toolchain/avr8 gcc/native/3.4.1061/avr8-gnu-toolchain/bin/../lib/gcc/avr/4.8.1/avr5\libgcc.a(_epilogue.o)
                0x000042ea                __epilogue_restores__
 .text.libgcc.div
                0x00004320       0x28 c:/program files (x86)/atmel/atmel toolchain/avr8 gcc/native/3.4.1061/avr8-gnu-toolchain/bin/../lib/gcc/avr/4.8.1/avr5\libgcc.a(_udivmodhi4.o)
                0x00004320                __udivmodhi4
 .text.libgcc.mul
                0x00004348       0x1e c:/program files (x86)/atmel/atmel toolchain/avr8 gcc/native/3.4.1061/avr8-gnu-toolchain/bin/../lib/gcc/avr/4.8.1/avr5\libgcc.a(_umulhisi3.o)
                0x00004348                __umulhisi3
 .text.avr-libc
                0x00004366      0x24e c:/program files (x86)/atmel/atmel toolchain/avr8 gcc/native/3.4.1061/avr8-gnu-toolchain/bin/../lib/gcc/avr/4.8.1/../../../../avr/lib/avr5\libc.a(malloc.o)
                0x00004366                malloc
                0x00004496                free
 .text.avr-libc
                0x000045b4      0x1b0 c:/program files (x86)/atmel/atmel toolchain/avr8 gcc/native/3.4.1061/avr8-gnu-toolchain/bin/../lib/gcc/avr/4.8.1/../../../../avr/lib/avr5\libc.a(ftoa_engine.o)
                0x000045b4                __ftoa_engine
 .text.avr-libc
                0x00004764       0x16 c:/program files (x86)/atmel/atmel toolchain/avr8 gcc/native/3.4.1061/avr8-gnu-toolchain/bin/../lib/gcc/avr/4.8.1/../../../../avr/lib/avr5\libc.a(strnlen_P.o)
                0x00004764                strnlen_P
 .text.avr-libc
                0x0000477a       0x16 c:/program files (x86)/atmel/atmel toolchain/avr8 gcc/native/3.4.1061/avr8-gnu-toolchain/bin/../lib/gcc/avr/4.8.1/../../../../avr/lib/avr5\libc.a(strnlen.o)
                0x0000477a                strnlen
 .text.avr-libc
                0x00004790       0x64 c:/program files (x86)/atmel/atmel toolchain/avr8 gcc/native/3.4.1061/avr8-gnu-toolchain/bin/../lib/gcc/avr/4.8.1/../../../../avr/lib/avr5\libc.a(fputc.o)
                0x00004790                fputc
 .text.avr-libc
                0x000047f4       0x28 c:/program files (x86)/atmel/atmel toolchain/avr8 gcc/native/3.4.1061/avr8-gnu-toolchain/bin/../lib/gcc/avr/4.8.1/../../../../avr/lib/avr5\libc.a(printf.o)
                0x000047f4                printf
 .text.avr-libc
                0x0000481c       0x5a c:/program files (x86)/atmel/atmel toolchain/avr8 gcc/native/3.4.1061/avr8-gnu-toolchain/bin/../lib/gcc/avr/4.8.1/../../../../avr/lib/avr5\libc.a(puts.o)
                0x0000481c                puts
 .text.avr-libc
                0x00004876       0xbc c:/program files (x86)/atmel/atmel toolchain/avr8 gcc/native/3.4.1061/avr8-gnu-toolchain/bin/../lib/gcc/avr/4.8.1/../../../../avr/lib/avr5\libc.a(ultoa_invert.o)
                0x00004876                __ultoa_invert
                0x00004932                . = ALIGN (0x2)
 *(.fini9)
 .fini9         0x00004932        0x0 c:/program files (x86)/atmel/atmel toolchain/avr8 gcc/native/3.4.1061/avr8-gnu-toolchain/bin/../lib/gcc/avr/4.8.1/avr5\libgcc.a(_exit.o)
                0x00004932                _exit
                0x00004932                exit
 *(.fini9)
 *(.fini8)
 *(.fini8)
 *(.fini7)
 *(.fini7)
 *(.fini6)
 *(.fini6)
 *(.fini5)
 *(.fini5)
 *(.fini4)
 *(.fini4)
 *(.fini3)
 *(.fini3)
 *(.fini2)
 *(.fini2)
 *(.fini1)
 *(.fini1)
 *(.fini0)
 .fini0         0x00004932        0x4 c:/program files (x86)/atmel/atmel toolchain/avr8 gcc/native/3.4.1061/avr8-gnu-toolchain/bin/../lib/gcc/avr/4.8.1/avr5\libgcc.a(_exit.o)
 *(.fini0)
                0x00004936                _etext = .

.data           0x00800100      0x1d2 load address 0x00004936
                0x00800100                PROVIDE (__data_start, .)
 *(.data)
 .data          0x00800100        0x1 ../../../../../../Software/libraries/libcapi324v221\libcapi324v221.a(ADC_set_channel.o)
 .data          0x00800101        0x8 ../../../../../../Software/libraries/libcapi324v221\libcapi324v221.a(STEPPER_globals.o)
                0x00800101                Motor_L_LUT
                0x00800105                Motor_R_LUT
 .data          0x00800109        0x6 ../../../../../../Software/libraries/libcapi324v221\libcapi324v221.a(ATTINY_get_SW_state.o)
 .data          0x0080010f        0xe ../../../../../../Software/libraries/libcapi324v221\libcapi324v221.a(LCD_globals.o)
                0x0080010f                LCD_stdout
 .data          0x0080011d        0x6 c:/program files (x86)/atmel/atmel toolchain/avr8 gcc/native/3.4.1061/avr8-gnu-toolchain/bin/../lib/gcc/avr/4.8.1/../../../../avr/lib/avr5\libc.a(malloc.o)
                0x0080011d                __malloc_heap_end
                0x0080011f                __malloc_heap_start
                0x00800121                __malloc_margin
 *(.data*)
 *(.rodata)
 *(.rodata*)
 .rodata.str1.1
                0x00800123      0x1af lab4demo.o
 *(.gnu.linkonce.d*)
                0x008002d2                . = ALIGN (0x2)
                0x008002d2                _edata = .
                0x008002d2                PROVIDE (__data_end, .)

.bss            0x008002d2       0xf4
                0x008002d2                PROVIDE (__bss_start, .)
 *(.bss)
 .bss           0x008002d2        0x2 ../../../../../../Software/libraries/libcapi324v221\libcapi324v221.a(STEPPER_step.o)
 .bss           0x008002d4        0xe ../../../../../../Software/libraries/libcapi324v221\libcapi324v221.a(ATTINY_get_SW_state.o)
 .bss           0x008002e2       0x40 ../../../../../../Software/libraries/libcapi324v221\libcapi324v221.a(ISR_globals.o)
                0x008002e2                CBOT_ISR_vtable
 .bss           0x00800322       0x10 ../../../../../../Software/libraries/libcapi324v221\libcapi324v221.a(SPI_globals.o)
                0x00800322                spi_config_func_LUT
 .bss           0x00800332       0x10 ../../../../../../Software/libraries/libcapi324v221\libcapi324v221.a(SPKR_globals.o)
                0x00800332                tone_mode_active
                0x00800333                beep_mode_active
                0x00800334                spkr_accum32
                0x00800338                spkr_freq
                0x0080033c                beep_accum16
                0x0080033e                beep_freq
                0x00800340                p_Freq_LUT
 .bss           0x00800342        0x2 ../../../../../../Software/libraries/libcapi324v221\libcapi324v221.a(TMRSRVC_globals.o)
                0x00800342                timer_busy_status
                0x00800343                timer_run_status
 .bss           0x00800344        0x1 ../../../../../../Software/libraries/libcapi324v221\libcapi324v221.a(STEPPER_process_run_mode.o)
 .bss           0x00800345        0x4 ../../../../../../Software/libraries/libcapi324v221\libcapi324v221.a(STEPPER_process_pwm.o)
 *(.bss*)
 *(COMMON)
 COMMON         0x00800349       0x39 ../../../../../../Software/libraries/libcapi324v221\libcapi324v221.a(STEPPER_globals.o)
                0x00800349                STEPPER_params
                0x00800380                step_done
 COMMON         0x00800382       0x13 ../../../../../../Software/libraries/libcapi324v221\libcapi324v221.a(SYS_globals.o)
                0x00800382                CBOT_system
 COMMON         0x00800395        0x5 ../../../../../../Software/libraries/libcapi324v221\libcapi324v221.a(LCD_globals.o)
                0x00800395                LCD_params
 COMMON         0x0080039a        0x1 ../../../../../../Software/libraries/libcapi324v221\libcapi324v221.a(SPI_globals.o)
                0x0080039a                curr_spi_addr
 COMMON         0x0080039b       0x1e ../../../../../../Software/libraries/libcapi324v221\libcapi324v221.a(ATTINY_globals.o)
                0x0080039b                ATTINY_params
 COMMON         0x008003b9        0x3 ../../../../../../Software/libraries/libcapi324v221\libcapi324v221.a(TMRSRVC_globals.o)
                0x008003b9                tmrNodes
 COMMON         0x008003bc        0x4 c:/program files (x86)/atmel/atmel toolchain/avr8 gcc/native/3.4.1061/avr8-gnu-toolchain/bin/../lib/gcc/avr/4.8.1/../../../../avr/lib/avr5\libc.a(malloc.o)
                0x008003bc                __brkval
                0x008003be                __flp
 COMMON         0x008003c0        0x6 c:/program files (x86)/atmel/atmel toolchain/avr8 gcc/native/3.4.1061/avr8-gnu-toolchain/bin/../lib/gcc/avr/4.8.1/../../../../avr/lib/avr5\libc.a(iob.o)
                0x008003c0                __iob
                0x008003c6                PROVIDE (__bss_end, .)
                0x00004936                __data_load_start = LOADADDR (.data)
                0x00004b08                __data_load_end = (__data_load_start + SIZEOF (.data))

.noinit         0x008003c6        0x0
                0x008003c6                PROVIDE (__noinit_start, .)
 *(.noinit*)
                0x008003c6                PROVIDE (__noinit_end, .)
                0x008003c6                _end = .
                0x008003c6                PROVIDE (__heap_start, .)

.eeprom         0x00810000        0x0
 *(.eeprom*)
                0x00810000                __eeprom_end = .

.fuse
 *(.fuse)
 *(.lfuse)
 *(.hfuse)
 *(.efuse)

.lock
 *(.lock*)

.signature
 *(.signature*)

.user_signatures
 *(.user_signatures*)

.stab
 *(.stab)

.stabstr
 *(.stabstr)

.stab.excl
 *(.stab.excl)

.stab.exclstr
 *(.stab.exclstr)

.stab.index
 *(.stab.index)

.stab.indexstr
 *(.stab.indexstr)

.comment        0x00000000       0x5c
 *(.comment)
 .comment       0x00000000       0x30 lab4demo.o
                                 0x31 (size before relaxing)
 .comment       0x00000030       0x2c c:/program files (x86)/atmel/atmel toolchain/avr8 gcc/native/3.4.1061/avr8-gnu-toolchain/bin/../lib/gcc/avr/4.8.1/../../../../avr/lib/avr5\libprintf_flt.a(vfprintf_flt.o)
                                 0x2d (size before relaxing)
 .comment       0x00000000       0x31 c:/program files (x86)/atmel/atmel toolchain/avr8 gcc/native/3.4.1061/avr8-gnu-toolchain/bin/../lib/gcc/avr/4.8.1/../../../../avr/lib/avr5\libc.a(malloc.o)
 .comment       0x00000000       0x31 c:/program files (x86)/atmel/atmel toolchain/avr8 gcc/native/3.4.1061/avr8-gnu-toolchain/bin/../lib/gcc/avr/4.8.1/../../../../avr/lib/avr5\libc.a(fputc.o)
 .comment       0x00000000       0x31 c:/program files (x86)/atmel/atmel toolchain/avr8 gcc/native/3.4.1061/avr8-gnu-toolchain/bin/../lib/gcc/avr/4.8.1/../../../../avr/lib/avr5\libc.a(iob.o)
 .comment       0x00000000       0x31 c:/program files (x86)/atmel/atmel toolchain/avr8 gcc/native/3.4.1061/avr8-gnu-toolchain/bin/../lib/gcc/avr/4.8.1/../../../../avr/lib/avr5\libc.a(printf.o)
 .comment       0x00000000       0x31 c:/program files (x86)/atmel/atmel toolchain/avr8 gcc/native/3.4.1061/avr8-gnu-toolchain/bin/../lib/gcc/avr/4.8.1/../../../../avr/lib/avr5\libc.a(puts.o)

.note.gnu.build-id
 *(.note.gnu.build-id)

.debug
 *(.debug)

.line
 *(.line)

.debug_srcinfo
 *(.debug_srcinfo)

.debug_sfnames
 *(.debug_sfnames)

.debug_aranges  0x00000000       0xd0
 *(.debug_aranges)
 .debug_aranges
                0x00000000       0xd0 lab4demo.o

.debug_pubnames
 *(.debug_pubnames)

.debug_info     0x00000000     0x18fe
 *(.debug_info .gnu.linkonce.wi.*)
 .debug_info    0x00000000     0x18fe lab4demo.o

.debug_abbrev   0x00000000      0x2d2
 *(.debug_abbrev)
 .debug_abbrev  0x00000000      0x2d2 lab4demo.o

.debug_line     0x00000000      0x4cf
 *(.debug_line .debug_line.* .debug_line_end)
 .debug_line    0x00000000      0x4cf lab4demo.o

.debug_frame    0x00000000      0x6e8
 *(.debug_frame)
 .debug_frame   0x00000000      0x6e8 lab4demo.o

.debug_str      0x00000000      0x8af
 *(.debug_str)
 .debug_str     0x00000000      0x8af lab4demo.o
                                0x903 (size before relaxing)

.debug_loc      0x00000000     0x1c43
 *(.debug_loc)
 .debug_loc     0x00000000     0x1c43 lab4demo.o

.debug_macinfo
 *(.debug_macinfo)

.debug_weaknames
 *(.debug_weaknames)

.debug_funcnames
 *(.debug_funcnames)

.debug_typenames
 *(.debug_typenames)

.debug_varnames
 *(.debug_varnames)

.debug_pubtypes
 *(.debug_pubtypes)

.debug_ranges   0x00000000       0xc0
 *(.debug_ranges)
 .debug_ranges  0x00000000       0xc0 lab4demo.o

.debug_macro
 *(.debug_macro)
OUTPUT(lab4demo.elf elf32-avr)
LOAD linker stubs
