Archive member included because of file (symbol)

c:/program files (x86)/atmel/atmel toolchain/avr8 gcc/native/3.4.1061/avr8-gnu-toolchain/bin/../lib/gcc/avr/4.8.1/../../../../avr/lib/avr5\libm.a(addsf3.o)
                              lab4demo.o (__subsf3)
c:/program files (x86)/atmel/atmel toolchain/avr8 gcc/native/3.4.1061/avr8-gnu-toolchain/bin/../lib/gcc/avr/4.8.1/../../../../avr/lib/avr5\libm.a(addsf3x.o)
                              c:/program files (x86)/atmel/atmel toolchain/avr8 gcc/native/3.4.1061/avr8-gnu-toolchain/bin/../lib/gcc/avr/4.8.1/../../../../avr/lib/avr5\libm.a(addsf3.o) (__addsf3x)
c:/program files (x86)/atmel/atmel toolchain/avr8 gcc/native/3.4.1061/avr8-gnu-toolchain/bin/../lib/gcc/avr/4.8.1/../../../../avr/lib/avr5\libm.a(atan2.o)
                              lab4demo.o (atan2)
c:/program files (x86)/atmel/atmel toolchain/avr8 gcc/native/3.4.1061/avr8-gnu-toolchain/bin/../lib/gcc/avr/4.8.1/../../../../avr/lib/avr5\libm.a(atan.o)
                              c:/program files (x86)/atmel/atmel toolchain/avr8 gcc/native/3.4.1061/avr8-gnu-toolchain/bin/../lib/gcc/avr/4.8.1/../../../../avr/lib/avr5\libm.a(atan2.o) (atan)
c:/program files (x86)/atmel/atmel toolchain/avr8 gcc/native/3.4.1061/avr8-gnu-toolchain/bin/../lib/gcc/avr/4.8.1/../../../../avr/lib/avr5\libm.a(cmpsf2.o)
                              lab4demo.o (__ltsf2)
c:/program files (x86)/atmel/atmel toolchain/avr8 gcc/native/3.4.1061/avr8-gnu-toolchain/bin/../lib/gcc/avr/4.8.1/../../../../avr/lib/avr5\libm.a(divsf3.o)
                              lab4demo.o (__divsf3)
c:/program files (x86)/atmel/atmel toolchain/avr8 gcc/native/3.4.1061/avr8-gnu-toolchain/bin/../lib/gcc/avr/4.8.1/../../../../avr/lib/avr5\libm.a(divsf3x.o)
                              c:/program files (x86)/atmel/atmel toolchain/avr8 gcc/native/3.4.1061/avr8-gnu-toolchain/bin/../lib/gcc/avr/4.8.1/../../../../avr/lib/avr5\libm.a(divsf3.o) (__divsf3x)
c:/program files (x86)/atmel/atmel toolchain/avr8 gcc/native/3.4.1061/avr8-gnu-toolchain/bin/../lib/gcc/avr/4.8.1/../../../../avr/lib/avr5\libm.a(fixsfsi.o)
                              lab4demo.o (__fixsfsi)
c:/program files (x86)/atmel/atmel toolchain/avr8 gcc/native/3.4.1061/avr8-gnu-toolchain/bin/../lib/gcc/avr/4.8.1/../../../../avr/lib/avr5\libm.a(fixunssfsi.o)
                              lab4demo.o (__fixunssfsi)
c:/program files (x86)/atmel/atmel toolchain/avr8 gcc/native/3.4.1061/avr8-gnu-toolchain/bin/../lib/gcc/avr/4.8.1/../../../../avr/lib/avr5\libm.a(floatsisf.o)
                              lab4demo.o (__floatunsisf)
c:/program files (x86)/atmel/atmel toolchain/avr8 gcc/native/3.4.1061/avr8-gnu-toolchain/bin/../lib/gcc/avr/4.8.1/../../../../avr/lib/avr5\libm.a(fp_cmp.o)
                              c:/program files (x86)/atmel/atmel toolchain/avr8 gcc/native/3.4.1061/avr8-gnu-toolchain/bin/../lib/gcc/avr/4.8.1/../../../../avr/lib/avr5\libm.a(cmpsf2.o) (__fp_cmp)
c:/program files (x86)/atmel/atmel toolchain/avr8 gcc/native/3.4.1061/avr8-gnu-toolchain/bin/../lib/gcc/avr/4.8.1/../../../../avr/lib/avr5\libm.a(fp_inf.o)
                              c:/program files (x86)/atmel/atmel toolchain/avr8 gcc/native/3.4.1061/avr8-gnu-toolchain/bin/../lib/gcc/avr/4.8.1/../../../../avr/lib/avr5\libm.a(addsf3x.o) (__fp_inf)
c:/program files (x86)/atmel/atmel toolchain/avr8 gcc/native/3.4.1061/avr8-gnu-toolchain/bin/../lib/gcc/avr/4.8.1/../../../../avr/lib/avr5\libm.a(fp_nan.o)
                              c:/program files (x86)/atmel/atmel toolchain/avr8 gcc/native/3.4.1061/avr8-gnu-toolchain/bin/../lib/gcc/avr/4.8.1/../../../../avr/lib/avr5\libm.a(addsf3x.o) (__fp_nan)
c:/program files (x86)/atmel/atmel toolchain/avr8 gcc/native/3.4.1061/avr8-gnu-toolchain/bin/../lib/gcc/avr/4.8.1/../../../../avr/lib/avr5\libm.a(fp_powser.o)
                              c:/program files (x86)/atmel/atmel toolchain/avr8 gcc/native/3.4.1061/avr8-gnu-toolchain/bin/../lib/gcc/avr/4.8.1/../../../../avr/lib/avr5\libm.a(atan.o) (__fp_powser)
c:/program files (x86)/atmel/atmel toolchain/avr8 gcc/native/3.4.1061/avr8-gnu-toolchain/bin/../lib/gcc/avr/4.8.1/../../../../avr/lib/avr5\libm.a(fp_pscA.o)
                              c:/program files (x86)/atmel/atmel toolchain/avr8 gcc/native/3.4.1061/avr8-gnu-toolchain/bin/../lib/gcc/avr/4.8.1/../../../../avr/lib/avr5\libm.a(addsf3x.o) (__fp_pscA)
c:/program files (x86)/atmel/atmel toolchain/avr8 gcc/native/3.4.1061/avr8-gnu-toolchain/bin/../lib/gcc/avr/4.8.1/../../../../avr/lib/avr5\libm.a(fp_pscB.o)
                              c:/program files (x86)/atmel/atmel toolchain/avr8 gcc/native/3.4.1061/avr8-gnu-toolchain/bin/../lib/gcc/avr/4.8.1/../../../../avr/lib/avr5\libm.a(addsf3x.o) (__fp_pscB)
c:/program files (x86)/atmel/atmel toolchain/avr8 gcc/native/3.4.1061/avr8-gnu-toolchain/bin/../lib/gcc/avr/4.8.1/../../../../avr/lib/avr5\libm.a(fp_round.o)
[...]
Memory Configuration

Name             Origin             Length             Attributes
text             0x00000000         0x00020000         xr
data             0x00800060         0x0000ffa0         rw !x
eeprom           0x00810000         0x00010000         rw !x
fuse             0x00820000         0x00000400         rw !x
lock             0x00830000         0x00000400         rw !x
signature        0x00840000         0x00000400         rw !x
user_signatures  0x00850000         0x00000400         rw !x
*default*        0x00000000         0xffffffff

Linker script and memory map

Address of section .data set to 0x800100
LOAD c:/program files (x86)/atmel/atmel toolchain/avr8 gcc/native/3.4.1061/avr8-gnu-toolchain/bin/../lib/gcc/avr/4.8.1/../../../../avr/lib/avr5/crtm324p.o
LOAD lab4demo.o
START GROUP
LOAD c:/program files (x86)/atmel/atmel toolchain/avr8 gcc/native/3.4.1061/avr8-gnu-toolchain/bin/../lib/gcc/avr/4.8.1/../../../../avr/lib/avr5\libm.a
LOAD c:/program files (x86)/atmel/atmel toolchain/avr8 gcc/native/3.4.1061/avr8-gnu-toolchain/bin/../lib/gcc/avr/4.8.1/../../../../avr/lib/avr5\libm.a
LOAD ../../../../../../Software/libraries/libcapi324v221\libcapi324v221.a
LOAD c:/program files (x86)/atmel/atmel toolchain/avr8 gcc/native/3.4.1061/avr8-gnu-toolchain/bin/../lib/gcc/avr/4.8.1/../../../../avr/lib/avr5\libprintf_flt.a
END GROUP
START GROUP
LOAD c:/program files (x86)/atmel/atmel toolchain/avr8 gcc/native/3.4.1061/avr8-gnu-toolchain/bin/../lib/gcc/avr/4.8.1/avr5\libgcc.a
LOAD c:/program files (x86)/atmel/atmel toolchain/avr8 gcc/native/3.4.1061/avr8-gnu-toolchain/bin/../lib/gcc/avr/4.8.1/../../../../avr/lib/avr5\libm.a
LOAD c:/program files (x86)/atmel/atmel toolchain/avr8 gcc/native/3.4.1061/avr8-gnu-toolchain/bin/../lib/gcc/avr/4.8.1/../../../../avr/lib/avr5\libc.a
END GROUP

.hash
 *(.hash)

.dynsym
 *(.dynsym)

.dynstr
 *(.dynstr)

.gnu.version
 *(.gnu.version)

.gnu.version_d
 *(.gnu.version_d)

.gnu.version_r
 *(.gnu.version_r)

.rel.init
 *(.rel.init)

.rela.init
 *(.rela.init)

.rel.text
 *(.rel.text)
 *(.rel.text.*)
 *(.rel.gnu.linkonce.t*)

.rela.text
 *(.rela.text)
 *(.rela.text.*)
 *(.rela.gnu.linkonce.t*)

.rel.fini
 *(.rel.fini)

.rela.fini
 *(.rela.fini)

.rel.rodata
 *(.rel.rodata)
 *(.rel.rodata.*)
 *(.rel.gnu.linkonce.r*)

.rela.rodata
 *(.rela.rodata)
 *(.rela.rodata.*)
 *(.rela.gnu.linkonce.r*)

.rel.data
 *(.rel.data)
 *(.rel.data.*)
 *(.rel.gnu.linkonce.d*)

.rela.data
 *(.rela.data)
 *(.rela.data.*)
 *(.rela.gnu.linkonce.d*)

.rel.ctors
 *(.rel.ctors)

.rela.ctors
 *(.rela.ctors)

.rel.dtors
 *(.rel.dtors)

.rela.dtors
 *(.rela.dtors)

.rel.got
 *(.rel.got)

.rela.got
 *(.rela.got)

.rel.bss
 *(.rel.bss)

.rela.bss
 *(.rela.bss)

.rel.plt
 *(.rel.plt)

.rela.plt
 *(.rela.plt)

.text           0x00000000     0x51a8
 *(.vectors)
 .vectors       0x00000000       0x7c c:/program files (x86)/atmel/atmel toolchain/avr8 gcc/native/3.4.1061/avr8-gnu-toolchain/bin/../lib/gcc/avr/4.8.1/../../../../avr/lib/avr5/crtm324p.o
                0x00000000                __vector_default
                0x00000000                __vectors
 *(.vectors)
 *(.progmem.gcc*)
 .progmem.gcc_sw_table
                0x0000007c       0x26 ../../../../../../Software/libraries/libcapi324v221\libcapi324v221.a(SYS_get_state.o)
 .progmem.gcc_sw_table
                0x000000a2       0x26 ../../../../../../Software/libraries/libcapi324v221\libcapi324v221.a(SYS_set_state.o)
 .progmem.gcc_fplib
                0x000000c8       0x28 c:/program files (x86)/atmel/atmel toolchain/avr8 gcc/native/3.4.1061/avr8-gnu-toolchain/bin/../lib/gcc/avr/4.8.1/../../../../avr/lib/avr5\libm.a(exp.o)
 .progmem.gcc_fplib
                0x000000f0       0x5a c:/program files (x86)/atmel/atmel toolchain/avr8 gcc/native/3.4.1061/avr8-gnu-toolchain/bin/../lib/gcc/avr/4.8.1/../../../../avr/lib/avr5\libm.a(log.o)
                0x0000014a                . = ALIGN (0x2)
                0x0000014a                __trampolines_start = .
 *(.trampolines)
 .trampolines   0x0000014a        0x0 linker stubs
 *(.trampolines*)
                0x0000014a                __trampolines_end = .
 *(.progmem*)
 .progmem.data  0x0000014a      0x415 ../../../../../../Software/libraries/libcapi324v221\libcapi324v221.a(LCD_globals.o)
                0x0000014a                char_bitmap
                0x0000035f                CEENBoT_Inc_logo_bitmap
 .progmem.data  0x0000055f        0x8 c:/program files (x86)/atmel/atmel toolchain/avr8 gcc/native/3.4.1061/avr8-gnu-toolchain/bin/../lib/gcc/avr/4.8.1/../../../../avr/lib/avr5\libprintf_flt.a(vfprintf_flt.o)
 .progmem.data  0x00000567       0xfa c:/program files (x86)/atmel/atmel toolchain/avr8 gcc/native/3.4.1061/avr8-gnu-toolchain/bin/../lib/gcc/avr/4.8.1/../../../../avr/lib/avr5\libc.a(ftoa_engine.o)
                0x00000662                . = ALIGN (0x2)
 *fill*         0x00000661        0x1 
 *(.jumptables)
 *(.jumptables*)
 *(.lowtext)
 *(.lowtext*)
                0x00000662                __ctors_start = .
 *(.ctors)
                0x00000662                __ctors_end = .
                0x00000662                __dtors_start = .
 *(.dtors)
                0x00000662                __dtors_end = .
 SORT(*)(.ctors)
 SORT(*)(.dtors)
 *(.init0)
 .init0         0x00000662        0x0 c:/program files (x86)/atmel/atmel toolchain/avr8 gcc/native/3.4.1061/avr8-gnu-toolchain/bin/../lib/gcc/avr/4.8.1/../../../../avr/lib/avr5/crtm324p.o
                0x00000662                __init
 *(.init0)
 *(.init1)
 *(.init1)
 *(.init2)
 .init2         0x00000662        0xc c:/program files (x86)/atmel/atmel toolchain/avr8 gcc/native/3.4.1061/avr8-gnu-toolchain/bin/../lib/gcc/avr/4.8.1/../../../../avr/lib/avr5/crtm324p.o
 *(.init2)
 *(.init3)
 *(.init3)
 *(.init4)
 .init4         0x0000066e       0x16 c:/program files (x86)/atmel/atmel toolchain/avr8 gcc/native/3.4.1061/avr8-gnu-toolchain/bin/../lib/gcc/avr/4.8.1/avr5\libgcc.a(_copy_data.o)
                0x0000066e                __do_copy_data
 .init4         0x00000684       0x10 c:/program files (x86)/atmel/atmel toolchain/avr8 gcc/native/3.4.1061/avr8-gnu-toolchain/bin/../lib/gcc/avr/4.8.1/avr5\libgcc.a(_clear_bss.o)
                0x00000684                __do_clear_bss
 *(.init4)
 *(.init5)
 *(.init5)
 *(.init6)
 *(.init6)
 *(.init7)
 *(.init7)
 *(.init8)
 *(.init8)
 *(.init9)
 .init9         0x00000694        0x8 c:/program files (x86)/atmel/atmel toolchain/avr8 gcc/native/3.4.1061/avr8-gnu-toolchain/bin/../lib/gcc/avr/4.8.1/../../../../avr/lib/avr5/crtm324p.o
 *(.init9)
 *(.text)
 .text          0x0000069c        0x4 c:/program files (x86)/atmel/atmel toolchain/avr8 gcc/native/3.4.1061/avr8-gnu-toolchain/bin/../lib/gcc/avr/4.8.1/../../../../avr/lib/avr5/crtm324p.o
                0x0000069c                __vector_22
                0x0000069c                __vector_28
                0x0000069c                __vector_1
                0x0000069c                __vector_24
                0x0000069c                __bad_interrupt
                0x0000069c                __vector_3
                0x0000069c                __vector_23
                0x0000069c                __vector_30
                0x0000069c                __vector_25
                0x0000069c                __vector_19
                0x0000069c                __vector_27
                0x0000069c                __vector_2
                0x0000069c                __vector_21
                0x0000069c                __vector_29
                0x0000069c                __vector_8
                0x0000069c                __vector_26
                0x0000069c                __vector_20
 .text          0x000006a0       0x1c ../../../../../../Software/libraries/libcapi324v221\libcapi324v221.a(ADC_open.o)
                0x000006a0                ADC_open
 .text          0x000006bc       0x3a ../../../../../../Software/libraries/libcapi324v221\libcapi324v221.a(ADC_sample.o)
                0x000006bc                ADC_sample
 .text          0x000006f6       0x6e ../../../../../../Software/libraries/libcapi324v221\libcapi324v221.a(ADC_set_channel.o)
                0x000006f6                ADC_set_channel
 .text          0x00000764       0x16 ../../../../../../Software/libraries/libcapi324v221\libcapi324v221.a(ADC_set_VREF.o)
                0x00000764                ADC_set_VREF
 .text          0x0000077a       0x12 ../../../../../../Software/libraries/libcapi324v221\libcapi324v221.a(CBOT_main.o)
                0x0000077a                main
 .text          0x0000078c       0x3a ../../../../../../Software/libraries/libcapi324v221\libcapi324v221.a(LCD_clear.o)
                0x0000078c                LCD_clear
 .text          0x000007c6      0x102 ../../../../../../Software/libraries/libcapi324v221\libcapi324v221.a(LCD_open.o)
                0x000007c6                LCD_open
 .text          0x000008c8       0x42 ../../../../../../Software/libraries/libcapi324v221\libcapi324v221.a(LCD_set_backlight.o)
                0x000008c8                LCD_set_backlight
 .text          0x0000090a        0xe ../../../../../../Software/libraries/libcapi324v221\libcapi324v221.a(LCD_set_next_PGC.o)
                0x0000090a                LCD_set_next_PGC
 .text          0x00000918       0x32 ../../../../../../Software/libraries/libcapi324v221\libcapi324v221.a(LCD_set_PGC_addr.o)
                0x00000918                LCD_set_PGC_addr
 .text          0x0000094a       0x36 ../../../../../../Software/libraries/libcapi324v221\libcapi324v221.a(LCD_write.o)
                0x0000094a                LCD_write
 .text          0x00000980       0xa2 ../../../../../../Software/libraries/libcapi324v221\libcapi324v221.a(SPI_set_slave_addr.o)
                0x00000980                SPI_set_slave_addr
 .text          0x00000a22       0x1e ../../../../../../Software/libraries/libcapi324v221\libcapi324v221.a(SPI_transmit.o)
                0x00000a22                SPI_transmit
 .text          0x00000a40      0x13c ../../../../../../Software/libraries/libcapi324v221\libcapi324v221.a(SPKR_open.o)
                0x00000a40                __SPKR_set_up_freq_LUT
                0x00000ade                __SPKR_open_beep_mode
                0x00000b0a                __SPKR_open_tone_mode
                0x00000b62                SPKR_open
 .text          0x00000b7c       0x9a ../../../../../../Software/libraries/libcapi324v221\libcapi324v221.a(SPKR_play_beep.o)
                0x00000b7c                SPKR_play_beep
 .text          0x00000c16      0x2c8 ../../../../../../Software/libraries/libcapi324v221\libcapi324v221.a(STEPPER_move.o)
                0x00000d90                STEPPER_move
 .text          0x00000ede       0xae ../../../../../../Software/libraries/libcapi324v221\libcapi324v221.a(STEPPER_open.o)
                0x00000ede                STEPPER_open
 .text          0x00000f8c       0x2e ../../../../../../Software/libraries/libcapi324v221\libcapi324v221.a(STEPPER_run.o)
                0x00000f8c                STEPPER_run
 .text          0x00000fba       0x44 ../../../../../../Software/libraries/libcapi324v221\libcapi324v221.a(STEPPER_set_accel.o)
                0x00000fba                STEPPER_set_accel
 .text          0x00000ffe       0x2a ../../../../../../Software/libraries/libcapi324v221\libcapi324v221.a(STEPPER_set_dir.o)
                0x00000ffe                STEPPER_set_dir
 .text          0x00001028       0x2a ../../../../../../Software/libraries/libcapi324v221\libcapi324v221.a(STEPPER_set_mode.o)
                0x00001028                STEPPER_set_mode
 .text          0x00001052       0x44 ../../../../../../Software/libraries/libcapi324v221\libcapi324v221.a(STEPPER_set_speed.o)
                0x00001052                STEPPER_set_speed
 .text          0x00001096      0x118 ../../../../../../Software/libraries/libcapi324v221\libcapi324v221.a(STEPPER_step.o)
                0x00001096                STEPPER_step
 .text          0x000011ae       0x4a ../../../../../../Software/libraries/libcapi324v221\libcapi324v221.a(STEPPER_stop.o)
                0x000011ae                STEPPER_stop
 .text          0x000011f8       0x9c ../../../../../../Software/libraries/libcapi324v221\libcapi324v221.a(STEPPER_wait_and_then.o)
                0x000011f8                STEPPER_wait_and_then
 .text          0x00001294       0x90 ../../../../../../Software/libraries/libcapi324v221\libcapi324v221.a(SYS_get_state.o)
                0x00001294                SYS_get_state
 .text          0x00001324       0x8e ../../../../../../Software/libraries/libcapi324v221\libcapi324v221.a(SYS_set_state.o)
                0x00001324                SYS_set_state
 .text          0x000013b2       0x9c ../../../../../../Software/libraries/libcapi324v221\libcapi324v221.a(ATTINY_get_SW_state.o)
                0x000013b2                ATTINY_get_SW_state
 .text          0x0000144e       0x9e ../../../../../../Software/libraries/libcapi324v221\libcapi324v221.a(ATTINY_open.o)
                0x0000144e                ATTINY_open
 .text          0x000014ec       0x42 ../../../../../../Software/libraries/libcapi324v221\libcapi324v221.a(TMRSRVC_delay.o)
                0x000014ec                TMRSRVC_delay
 .text          0x0000152e       0x7c ../../../../../../Software/libraries/libcapi324v221\libcapi324v221.a(TMRSRVC_new.o)
                0x0000152e                TMRSRVC_new
 .text          0x000015aa       0x16 ../../../../../../Software/libraries/libcapi324v221\libcapi324v221.a(__ADC_init.o)
                0x000015aa                __ADC_init
 .text          0x000015c0       0x1c ../../../../../../Software/libraries/libcapi324v221\libcapi324v221.a(CBOT_init.o)
                0x000015c0                CBOT_init
 .text          0x000015dc      0x480 ../../../../../../Software/libraries/libcapi324v221\libcapi324v221.a(CBOT_isr.o)
                0x000015dc                CBOT_ISR_init
                0x000015e0                __vector_16
                0x00001632                __vector_17
                0x00001684                __vector_18
                0x000016d6                __vector_9
                0x00001728                __vector_10
                0x0000177a                __vector_11
                0x000017cc                __vector_13
                0x0000181e                __vector_14
                0x00001870                __vector_12
                0x000018c2                __vector_15
                0x00001914                __vector_4
                0x00001966                __vector_5
                0x000019b8                __vector_6
                0x00001a0a                __vector_7
 .text          0x00001a5c       0x28 ../../../../../../Software/libraries/libcapi324v221\libcapi324v221.a(ISR_attach.o)
                0x00001a5c                ISR_attach
 .text          0x00001a84       0x28 ../../../../../../Software/libraries/libcapi324v221\libcapi324v221.a(ISR_open.o)
                0x00001a84                ISR_open
 .text          0x00001aac        0x4 ../../../../../../Software/libraries/libcapi324v221\libcapi324v221.a(__LCD_init.o)
                0x00001aac                __LCD_init
 .text          0x00001ab0      0x15a ../../../../../../Software/libraries/libcapi324v221\libcapi324v221.a(__LCD_putchar.o)
                0x00001ab0                __LCD_putchar
 .text          0x00001c0a       0x24 ../../../../../../Software/libraries/libcapi324v221\libcapi324v221.a(ATMEGA_open.o)
                0x00001c0a                ATMEGA_open
 .text          0x00001c2e       0xa6 ../../../../../../Software/libraries/libcapi324v221\libcapi324v221.a(ATMEGA_set_clk_mode.o)
                0x00001c2e                ATMEGA_set_clk_mode
 .text          0x00001cd4       0x72 ../../../../../../Software/libraries/libcapi324v221\libcapi324v221.a(SPI_open.o)
                0x00001cd4                SPI_open
 .text          0x00001d46       0x12 ../../../../../../Software/libraries/libcapi324v221\libcapi324v221.a(SPI_set_config_func.o)
                0x00001d46                SPI_set_config_func
 .text          0x00001d58        0x6 ../../../../../../Software/libraries/libcapi324v221\libcapi324v221.a(ISR__SPKR__TIMER1_COMPA_vect.o)
                0x00001d58                __SPKR_TIMER1_COMPA_vect
 .text          0x00001d5e       0x2e ../../../../../../Software/libraries/libcapi324v221\libcapi324v221.a(SPKR_beep.o)
                0x00001d5e                SPKR_beep
 .text          0x00001d8c       0x82 ../../../../../../Software/libraries/libcapi324v221\libcapi324v221.a(SPKR_clk.o)
                0x00001d8c                SPKR_clk
 .text          0x00001e0e       0x72 ../../../../../../Software/libraries/libcapi324v221\libcapi324v221.a(SPKR_close.o)
                0x00001e0e                __SPKR_close_beep_mode
                0x00001e2a                __SPKR_close_tone_mode
                0x00001e6c                SPKR_close
 .text          0x00001e80       0x54 ../../../../../../Software/libraries/libcapi324v221\libcapi324v221.a(__SPKR_init.o)
                0x00001e80                __SPKR_init
 .text          0x00001ed4        0xc ../../../../../../Software/libraries/libcapi324v221\libcapi324v221.a(__SPKR_stop.o)
                0x00001ed4                __SPKR_stop
 .text          0x00001ee0       0x2a ../../../../../../Software/libraries/libcapi324v221\libcapi324v221.a(STEPPER_go.o)
                0x00001ee0                STEPPER_go
 .text          0x00001f0a       0x14 ../../../../../../Software/libraries/libcapi324v221\libcapi324v221.a(__STEPPER_init.o)
                0x00001f0a                __STEPPER_init
 .text          0x00001f1e       0x36 ../../../../../../Software/libraries/libcapi324v221\libcapi324v221.a(STEPPER_set_steps.o)
                0x00001f1e                STEPPER_set_steps
 .text          0x00001f54       0x2a ../../../../../../Software/libraries/libcapi324v221\libcapi324v221.a(STEPPER_set_stop_mode.o)
                0x00001f54                STEPPER_set_stop_mode
 .text          0x00001f7e       0x7a ../../../../../../Software/libraries/libcapi324v221\libcapi324v221.a(STEPPER_setup_decels.o)
                0x00001f7e                STEPPER_setup_decels
 .text          0x00001ff8       0x46 ../../../../../../Software/libraries/libcapi324v221\libcapi324v221.a(SYS_init.o)
                0x00001ff8                SYS_init
 .text          0x0000203e       0x62 ../../../../../../Software/libraries/libcapi324v221\libcapi324v221.a(ATTINY_get_sensors.o)
                0x0000203e                ATTINY_get_sensors
 .text          0x000020a0       0xd2 ../../../../../../Software/libraries/libcapi324v221\libcapi324v221.a(__TMRSRVC_insert.o)
                0x000020a0                TMRSRVC_insert
 .text          0x00002172       0x3e ../../../../../../Software/libraries/libcapi324v221\libcapi324v221.a(TMRSRVC_open.o)
                0x00002172                TMRSRVC_open
 .text          0x000021b0        0xc ../../../../../../Software/libraries/libcapi324v221\libcapi324v221.a(__TMRSRVC_start.o)
                0x000021b0                __TMRSRVC_start
 .text          0x000021bc        0x8 ../../../../../../Software/libraries/libcapi324v221\libcapi324v221.a(TMRSRVC_start.o)
                0x000021bc                TMRSRVC_start
 .text          0x000021c4       0x22 ../../../../../../Software/libraries/libcapi324v221\libcapi324v221.a(__ISR_attach.o)
                0x000021c4                __ISR_attach
 .text          0x000021e6        0x6 ../../../../../../Software/libraries/libcapi324v221\libcapi324v221.a(__ATMEGA_init.o)
                0x000021e6                __ATMEGA_init
 .text          0x000021ec       0x52 ../../../../../../Software/libraries/libcapi324v221\libcapi324v221.a(SPI_cfgrs.o)
                0x000021ec                SPI_default_config
                0x000021fc                SPI_ATtiny0_config
                0x0000220c                SPI_PSXC_config
                0x0000221c                SPI_LCD_config
                0x0000222c                SPI_FLASH_config
 .text          0x0000223e        0xe ../../../../../../Software/libraries/libcapi324v221\libcapi324v221.a(__SPI_init.o)
                0x0000223e                __SPI_init
 .text          0x0000224c       0x24 ../../../../../../Software/libraries/libcapi324v221\libcapi324v221.a(SPI_receive.o)
                0x0000224c                SPI_receive
 .text          0x00002270       0x38 ../../../../../../Software/libraries/libcapi324v221\libcapi324v221.a(__SPKR_close.o)
                0x00002270                __SPKR_close
 .text          0x000022a8       0xda ../../../../../../Software/libraries/libcapi324v221\libcapi324v221.a(STEPPER_set_decel_step_values.o)
                0x000022a8                STEPPER_set_decel_step_values
 .text          0x00002382        0xe ../../../../../../Software/libraries/libcapi324v221\libcapi324v221.a(ISR__TIMER0_COMPA_vect.o)
                0x00002382                __TIMER0_COMPA_vect
 .text          0x00002390       0x12 ../../../../../../Software/libraries/libcapi324v221\libcapi324v221.a(__TMRSRVC_init.o)
                0x00002390                __TMRSRVC_init
 .text          0x000023a2       0x32 ../../../../../../Software/libraries/libcapi324v221\libcapi324v221.a(TMRSRVC_tick.o)
                0x000023a2                TMRSRVC_tick
 .text          0x000023d4       0x4e ../../../../../../Software/libraries/libcapi324v221\libcapi324v221.a(SPKR_beep_clk.o)
                0x000023d4                SPKR_beep_clk
 .text          0x00002422      0x162 ../../../../../../Software/libraries/libcapi324v221\libcapi324v221.a(STEPPER_clk.o)
                0x00002422                STEPPER_clk
 .text          0x00002584       0x8a ../../../../../../Software/libraries/libcapi324v221\libcapi324v221.a(STEPPER_process_accel.o)
                0x00002584                STEPPER_process_accel
 .text          0x0000260e      0x206 ../../../../../../Software/libraries/libcapi324v221\libcapi324v221.a(STEPPER_process_run_mode.o)
                0x0000260e                STEPPER_process_run_mode
 .text          0x00002814       0xa8 ../../../../../../Software/libraries/libcapi324v221\libcapi324v221.a(STEPPER_process_step_mode.o)
                0x00002814                STEPPER_process_step_mode
 .text          0x000028bc       0xd6 ../../../../../../Software/libraries/libcapi324v221\libcapi324v221.a(TMRSRVC_process.o)
                0x000028bc                TMRSRVC_process
 .text          0x00002992        0x6 ../../../../../../Software/libraries/libcapi324v221\libcapi324v221.a(TMRSRVC_stop.o)
                0x00002992                TMRSRVC_stop
 .text          0x00002998      0x130 ../../../../../../Software/libraries/libcapi324v221\libcapi324v221.a(STEPPER_process_pwm.o)
                0x00002998                STEPPER_process_pwm
                0x00002ac8                . = ALIGN (0x2)
 *(.text.*)
 .text.Random_Wanderer
                0x00002ac8       0x9c lab4demo.o
                0x00002ac8                Random_Wanderer
 .text.getLeftIR
                0x00002b64       0x50 lab4demo.o
                0x00002b64                getLeftIR
 .text.getRightIR
                0x00002bb4       0x50 lab4demo.o
                0x00002bb4                getRightIR
 .text.getFrontIR
                0x00002c04       0x50 lab4demo.o
                0x00002c04                getFrontIR
 .text.go2ContAngle
                0x00002c54      0x184 lab4demo.o
                0x00002c54                go2ContAngle
 .text.rightFollow
                0x00002dd8      0x374 lab4demo.o
                0x00002dd8                rightFollow
 .text.leftFollow
                0x0000314c      0x374 lab4demo.o
                0x0000314c                leftFollow
 .text.centerFollow
                0x000034c0      0x25c lab4demo.o
                0x000034c0                centerFollow
 .text.CBOT_main
                0x0000371c      0x3f2 lab4demo.o
                0x0000371c                CBOT_main
 .text.avr-libc.fplib
                0x00003b0e        0xa c:/program files (x86)/atmel/atmel toolchain/avr8 gcc/native/3.4.1061/avr8-gnu-toolchain/bin/../lib/gcc/avr/4.8.1/../../../../avr/lib/avr5\libm.a(addsf3.o)
                0x00003b0e                __subsf3
                0x00003b10                __addsf3
 .text.avr-libc.fplib
                0x00003b18       0xc0 c:/program files (x86)/atmel/atmel toolchain/avr8 gcc/native/3.4.1061/avr8-gnu-toolchain/bin/../lib/gcc/avr/4.8.1/../../../../avr/lib/avr5\libm.a(addsf3x.o)
                0x00003b32                __addsf3x
 .text.avr-libc.fplib
                0x00003bd8        0x8 c:/program files (x86)/atmel/atmel toolchain/avr8 gcc/native/3.4.1061/avr8-gnu-toolchain/bin/../lib/gcc/avr/4.8.1/../../../../avr/lib/avr5\libm.a(cmpsf2.o)
                0x00003bd8                __nesf2
                0x00003bd8                __eqsf2
                0x00003bd8                __cmpsf2
                0x00003bd8                __ltsf2
                0x00003bd8                __lesf2
 .text.avr-libc.fplib
                0x00003be0        0x4 c:/program files (x86)/atmel/atmel toolchain/avr8 gcc/native/3.4.1061/avr8-gnu-toolchain/bin/../lib/gcc/avr/4.8.1/../../../../avr/lib/avr5\libm.a(divsf3.o)
                0x00003be0                __divsf3
 .text.avr-libc.fplib
                0x00003be4       0xcc c:/program files (x86)/atmel/atmel toolchain/avr8 gcc/native/3.4.1061/avr8-gnu-toolchain/bin/../lib/gcc/avr/4.8.1/../../../../avr/lib/avr5\libm.a(divsf3x.o)
                0x00003bfa                __divsf3x
                0x00003bfe                __divsf3_pse
 .text.avr-libc.fplib
                0x00003cb0        0xa c:/program files (x86)/atmel/atmel toolchain/avr8 gcc/native/3.4.1061/avr8-gnu-toolchain/bin/../lib/gcc/avr/4.8.1/../../../../avr/lib/avr5\libm.a(fixsfsi.o)
                0x00003cb0                __fixsfsi
 .text.avr-libc.fplib
                0x00003cba       0x58 c:/program files (x86)/atmel/atmel toolchain/avr8 gcc/native/3.4.1061/avr8-gnu-toolchain/bin/../lib/gcc/avr/4.8.1/../../../../avr/lib/avr5\libm.a(fixunssfsi.o)
                0x00003cba                __fixunssfsi
 .text.avr-libc.fplib
                0x00003d12       0x7a c:/program files (x86)/atmel/atmel toolchain/avr8 gcc/native/3.4.1061/avr8-gnu-toolchain/bin/../lib/gcc/avr/4.8.1/../../../../avr/lib/avr5\libm.a(floatsisf.o)
                0x00003d12                __floatunsisf
                0x00003d16                __floatsisf
 .text.avr-libc.fplib
                0x00003d8c       0x48 c:/program files (x86)/atmel/atmel toolchain/avr8 gcc/native/3.4.1061/avr8-gnu-toolchain/bin/../lib/gcc/avr/4.8.1/../../../../avr/lib/avr5\libm.a(fp_cmp.o)
                0x00003d8c                __fp_cmp
 .text.avr-libc.fplib
                0x00003dd4        0xc c:/program files (x86)/atmel/atmel toolchain/avr8 gcc/native/3.4.1061/avr8-gnu-toolchain/bin/../lib/gcc/avr/4.8.1/../../../../avr/lib/avr5\libm.a(fp_inf.o)
                0x00003dd4                __fp_inf
 .text.avr-libc.fplib
                0x00003de0        0x6 c:/program files (x86)/atmel/atmel toolchain/avr8 gcc/native/3.4.1061/avr8-gnu-toolchain/bin/../lib/gcc/avr/4.8.1/../../../../avr/lib/avr5\libm.a(fp_nan.o)
                0x00003de0                __fp_nan
 .text.avr-libc.fplib
                0x00003de6       0x4a c:/program files (x86)/atmel/atmel toolchain/avr8 gcc/native/3.4.1061/avr8-gnu-toolchain/bin/../lib/gcc/avr/4.8.1/../../../../avr/lib/avr5\libm.a(fp_powser.o)
                0x00003de6                __fp_powser
 .text.avr-libc.fplib
                0x00003e30        0xe c:/program files (x86)/atmel/atmel toolchain/avr8 gcc/native/3.4.1061/avr8-gnu-toolchain/bin/../lib/gcc/avr/4.8.1/../../../../avr/lib/avr5\libm.a(fp_pscA.o)
                0x00003e30                __fp_pscA
 .text.avr-libc.fplib
                0x00003e3e        0xe c:/program files (x86)/atmel/atmel toolchain/avr8 gcc/native/3.4.1061/avr8-gnu-toolchain/bin/../lib/gcc/avr/4.8.1/../../../../avr/lib/avr5\libm.a(fp_pscB.o)
                0x00003e3e                __fp_pscB
 .text.avr-libc.fplib
                0x00003e4c       0x22 c:/program files (x86)/atmel/atmel toolchain/avr8 gcc/native/3.4.1061/avr8-gnu-toolchain/bin/../lib/gcc/avr/4.8.1/../../../../avr/lib/avr5\libm.a(fp_round.o)
                0x00003e4c                __fp_round
 .text.avr-libc.fplib
                0x00003e6e       0x44 c:/program files (x86)/atmel/atmel toolchain/avr8 gcc/native/3.4.1061/avr8-gnu-toolchain/bin/../lib/gcc/avr/4.8.1/../../../../avr/lib/avr5\libm.a(fp_split3.o)
                0x00003e6e                __fp_split3
                0x00003e7e                __fp_splitA
 .text.avr-libc.fplib
                0x00003eb2        0xe c:/program files (x86)/atmel/atmel toolchain/avr8 gcc/native/3.4.1061/avr8-gnu-toolchain/bin/../lib/gcc/avr/4.8.1/../../../../avr/lib/avr5\libm.a(fp_zero.o)
                0x00003eb2                __fp_zero
                0x00003eb4                __fp_szero
 .text.avr-libc.fplib
                0x00003ec0        0x8 c:/program files (x86)/atmel/atmel toolchain/avr8 gcc/native/3.4.1061/avr8-gnu-toolchain/bin/../lib/gcc/avr/4.8.1/../../../../avr/lib/avr5\libm.a(gesf2.o)
                0x00003ec0                __gesf2
                0x00003ec0                __gtsf2
 .text.avr-libc.fplib
                0x00003ec8        0xe c:/program files (x86)/atmel/atmel toolchain/avr8 gcc/native/3.4.1061/avr8-gnu-toolchain/bin/../lib/gcc/avr/4.8.1/../../../../avr/lib/avr5\libm.a(inverse.o)
                0x00003ec8                inverse
 .text.avr-libc.fplib
                0x00003ed6        0x4 c:/program files (x86)/atmel/atmel toolchain/avr8 gcc/native/3.4.1061/avr8-gnu-toolchain/bin/../lib/gcc/avr/4.8.1/../../../../avr/lib/avr5\libm.a(mulsf3.o)
                0x00003ed6                __mulsf3
 .text.avr-libc.fplib
                0x00003eda       0xc2 c:/program files (x86)/atmel/atmel toolchain/avr8 gcc/native/3.4.1061/avr8-gnu-toolchain/bin/../lib/gcc/avr/4.8.1/../../../../avr/lib/avr5\libm.a(mulsf3x.o)
                0x00003eee                __mulsf3x
                0x00003ef2                __mulsf3_pse
 .text.avr-libc.fplib
                0x00003f9c       0x1c c:/program files (x86)/atmel/atmel toolchain/avr8 gcc/native/3.4.1061/avr8-gnu-toolchain/bin/../lib/gcc/avr/4.8.1/../../../../avr/lib/avr5\libm.a(fp_mpack.o)
                0x00003f9c                __fp_mpack
                0x00003fa0                __fp_mpack_finite
 .text.avr-libc
                0x00003fb8      0x6f6 c:/program files (x86)/atmel/atmel toolchain/avr8 gcc/native/3.4.1061/avr8-gnu-toolchain/bin/../lib/gcc/avr/4.8.1/../../../../avr/lib/avr5\libprintf_flt.a(vfprintf_flt.o)
                0x00003fb8                vfprintf
 .text.avr-libc.fplib
                0x000046ae       0x74 c:/program files (x86)/atmel/atmel toolchain/avr8 gcc/native/3.4.1061/avr8-gnu-toolchain/bin/../lib/gcc/avr/4.8.1/../../../../avr/lib/avr5\libm.a(lrint.o)
                0x000046ae                lrint
 .text.avr-libc.fplib
                0x00004722       0x98 c:/program files (x86)/atmel/atmel toolchain/avr8 gcc/native/3.4.1061/avr8-gnu-toolchain/bin/../lib/gcc/avr/4.8.1/../../../../avr/lib/avr5\libm.a(pow.o)
                0x00004722                pow
 .text.avr-libc.fplib
                0x000047ba       0x62 c:/program files (x86)/atmel/atmel toolchain/avr8 gcc/native/3.4.1061/avr8-gnu-toolchain/bin/../lib/gcc/avr/4.8.1/../../../../avr/lib/avr5\libm.a(exp.o)
                0x000047c4                exp
 .text.avr-libc.fplib
                0x0000481c       0x6c c:/program files (x86)/atmel/atmel toolchain/avr8 gcc/native/3.4.1061/avr8-gnu-toolchain/bin/../lib/gcc/avr/4.8.1/../../../../avr/lib/avr5\libm.a(ldexp.o)
                0x00004820                ldexp
 .text.avr-libc.fplib
                0x00004888       0x8a c:/program files (x86)/atmel/atmel toolchain/avr8 gcc/native/3.4.1061/avr8-gnu-toolchain/bin/../lib/gcc/avr/4.8.1/../../../../avr/lib/avr5\libm.a(log.o)
                0x00004892                log
 .text.avr-libc.fplib
                0x00004912       0x66 c:/program files (x86)/atmel/atmel toolchain/avr8 gcc/native/3.4.1061/avr8-gnu-toolchain/bin/../lib/gcc/avr/4.8.1/../../../../avr/lib/avr5\libm.a(modf.o)
                0x00004912                modf
                0x00004912                modff
 .text.libgcc.mul
                0x00004978       0x20 c:/program files (x86)/atmel/atmel toolchain/avr8 gcc/native/3.4.1061/avr8-gnu-toolchain/bin/../lib/gcc/avr/4.8.1/avr5\libgcc.a(_mulsi3.o)
                0x00004978                __mulsi3
 .text.libgcc.div
                0x00004998       0x28 c:/program files (x86)/atmel/atmel toolchain/avr8 gcc/native/3.4.1061/avr8-gnu-toolchain/bin/../lib/gcc/avr/4.8.1/avr5\libgcc.a(_divmodhi4.o)
                0x00004998                _div
                0x00004998                __divmodhi4
 .text.libgcc.div
                0x000049c0       0x44 c:/program files (x86)/atmel/atmel toolchain/avr8 gcc/native/3.4.1061/avr8-gnu-toolchain/bin/../lib/gcc/avr/4.8.1/avr5\libgcc.a(_udivmodsi4.o)
                0x000049c0                __udivmodsi4
 .text.libgcc.mul
                0x00004a04       0x16 c:/program files (x86)/atmel/atmel toolchain/avr8 gcc/native/3.4.1061/avr8-gnu-toolchain/bin/../lib/gcc/avr/4.8.1/avr5\libgcc.a(_muluhisi3.o)
                0x00004a04                __muluhisi3
 .text.libgcc.prologue
                0x00004a1a       0x38 c:/program files (x86)/atmel/atmel toolchain/avr8 gcc/native/3.4.1061/avr8-gnu-toolchain/bin/../lib/gcc/avr/4.8.1/avr5\libgcc.a(_prologue.o)
                0x00004a1a                __prologue_saves__
 .text.libgcc.prologue
                0x00004a52       0x36 c:/program files (x86)/atmel/atmel toolchain/avr8 gcc/native/3.4.1061/avr8-gnu-toolchain/bin/../lib/gcc/avr/4.8.1/avr5\libgcc.a(_epilogue.o)
                0x00004a52                __epilogue_restores__
 .text.libgcc.div
                0x00004a88       0x28 c:/program files (x86)/atmel/atmel toolchain/avr8 gcc/native/3.4.1061/avr8-gnu-toolchain/bin/../lib/gcc/avr/4.8.1/avr5\libgcc.a(_udivmodhi4.o)
                0x00004a88                __udivmodhi4
 .text.libgcc.mul
                0x00004ab0       0x1e c:/program files (x86)/atmel/atmel toolchain/avr8 gcc/native/3.4.1061/avr8-gnu-toolchain/bin/../lib/gcc/avr/4.8.1/avr5\libgcc.a(_umulhisi3.o)
                0x00004ab0                __umulhisi3
 .text.avr-libc
                0x00004ace      0x24e c:/program files (x86)/atmel/atmel toolchain/avr8 gcc/native/3.4.1061/avr8-gnu-toolchain/bin/../lib/gcc/avr/4.8.1/../../../../avr/lib/avr5\libc.a(malloc.o)
                0x00004ace                malloc
                0x00004bfe                free
 .text.avr-libc
                0x00004d1c       0xbc c:/program files (x86)/atmel/atmel toolchain/avr8 gcc/native/3.4.1061/avr8-gnu-toolchain/bin/../lib/gcc/avr/4.8.1/../../../../avr/lib/avr5\libc.a(rand.o)
                0x00004db2                rand_r
                0x00004db8                rand
                0x00004dc2                srand
 .text.avr-libc
                0x00004dd8      0x1b0 c:/program files (x86)/atmel/atmel toolchain/avr8 gcc/native/3.4.1061/avr8-gnu-toolchain/bin/../lib/gcc/avr/4.8.1/../../../../avr/lib/avr5\libc.a(ftoa_engine.o)
                0x00004dd8                __ftoa_engine
 .text.avr-libc
                0x00004f88       0x16 c:/program files (x86)/atmel/atmel toolchain/avr8 gcc/native/3.4.1061/avr8-gnu-toolchain/bin/../lib/gcc/avr/4.8.1/../../../../avr/lib/avr5\libc.a(strnlen_P.o)
                0x00004f88                strnlen_P
 .text.avr-libc
                0x00004f9e       0x16 c:/program files (x86)/atmel/atmel toolchain/avr8 gcc/native/3.4.1061/avr8-gnu-toolchain/bin/../lib/gcc/avr/4.8.1/../../../../avr/lib/avr5\libc.a(strnlen.o)
                0x00004f9e                strnlen
 .text.avr-libc
                0x00004fb4       0x64 c:/program files (x86)/atmel/atmel toolchain/avr8 gcc/native/3.4.1061/avr8-gnu-toolchain/bin/../lib/gcc/avr/4.8.1/../../../../avr/lib/avr5\libc.a(fputc.o)
                0x00004fb4                fputc
 .text.avr-libc
                0x00005018       0x28 c:/program files (x86)/atmel/atmel toolchain/avr8 gcc/native/3.4.1061/avr8-gnu-toolchain/bin/../lib/gcc/avr/4.8.1/../../../../avr/lib/avr5\libc.a(printf.o)
                0x00005018                printf
 .text.avr-libc
                0x00005040       0x5a c:/program files (x86)/atmel/atmel toolchain/avr8 gcc/native/3.4.1061/avr8-gnu-toolchain/bin/../lib/gcc/avr/4.8.1/../../../../avr/lib/avr5\libc.a(puts.o)
                0x00005040                puts
 .text.avr-libc
                0x0000509a       0xbc c:/program files (x86)/atmel/atmel toolchain/avr8 gcc/native/3.4.1061/avr8-gnu-toolchain/bin/../lib/gcc/avr/4.8.1/../../../../avr/lib/avr5\libc.a(ultoa_invert.o)
                0x0000509a                __ultoa_invert
 .text.libgcc.div
                0x00005156       0x2e c:/program files (x86)/atmel/atmel toolchain/avr8 gcc/native/3.4.1061/avr8-gnu-toolchain/bin/../lib/gcc/avr/4.8.1/avr5\libgcc.a(_divmodsi4.o)
                0x00005156                __divmodsi4
 .text.libgcc.div
                0x00005184       0x10 c:/program files (x86)/atmel/atmel toolchain/avr8 gcc/native/3.4.1061/avr8-gnu-toolchain/bin/../lib/gcc/avr/4.8.1/avr5\libgcc.a(_negsi2.o)
                0x00005184                __negsi2
 .text.libgcc.mul
                0x00005194       0x10 c:/program files (x86)/atmel/atmel toolchain/avr8 gcc/native/3.4.1061/avr8-gnu-toolchain/bin/../lib/gcc/avr/4.8.1/avr5\libgcc.a(_mulshisi3.o)
                0x00005194                __mulshisi3
                0x0000519a                __mulohisi3
                0x000051a4                . = ALIGN (0x2)
 *(.fini9)
 .fini9         0x000051a4        0x0 c:/program files (x86)/atmel/atmel toolchain/avr8 gcc/native/3.4.1061/avr8-gnu-toolchain/bin/../lib/gcc/avr/4.8.1/avr5\libgcc.a(_exit.o)
                0x000051a4                _exit
                0x000051a4                exit
 *(.fini9)
 *(.fini8)
 *(.fini8)
 *(.fini7)
 *(.fini7)
 *(.fini6)
 *(.fini6)
 *(.fini5)
 *(.fini5)
 *(.fini4)
 *(.fini4)
 *(.fini3)
 *(.fini3)
 *(.fini2)
 *(.fini2)
 *(.fini1)
 *(.fini1)
 *(.fini0)
 .fini0         0x000051a4        0x4 c:/program files (x86)/atmel/atmel toolchain/avr8 gcc/native/3.4.1061/avr8-gnu-toolchain/bin/../lib/gcc/avr/4.8.1/avr5\libgcc.a(_exit.o)
 *(.fini0)
                0x000051a8                _etext = .

.data           0x00800100      0x25e load address 0x000051a8
                0x00800100                PROVIDE (__data_start, .)
 *(.data)
 .data          0x00800100        0x1 ../../../../../../Software/libraries/libcapi324v221\libcapi324v221.a(ADC_set_channel.o)
 .data          0x00800101        0x8 ../../../../../../Software/libraries/libcapi324v221\libcapi324v221.a(STEPPER_globals.o)
                0x00800101                Motor_L_LUT
                0x00800105                Motor_R_LUT
 .data          0x00800109        0x6 ../../../../../../Software/libraries/libcapi324v221\libcapi324v221.a(ATTINY_get_SW_state.o)
 .data          0x0080010f        0xe ../../../../../../Software/libraries/libcapi324v221\libcapi324v221.a(LCD_globals.o)
                0x0080010f                LCD_stdout
 .data          0x0080011d        0x6 c:/program files (x86)/atmel/atmel toolchain/avr8 gcc/native/3.4.1061/avr8-gnu-toolchain/bin/../lib/gcc/avr/4.8.1/../../../../avr/lib/avr5\libc.a(malloc.o)
                0x0080011d                __malloc_heap_end
                0x0080011f                __malloc_heap_start
                0x00800121                __malloc_margin
 .data          0x00800123        0x4 c:/program files (x86)/atmel/atmel toolchain/avr8 gcc/native/3.4.1061/avr8-gnu-toolchain/bin/../lib/gcc/avr/4.8.1/../../../../avr/lib/avr5\libc.a(rand.o)
 *(.data*)
 *(.rodata)
 *(.rodata*)
 .rodata.str1.1
                0x00800127      0x236 lab4demo.o
 *(.gnu.linkonce.d*)
                0x0080035e                . = ALIGN (0x2)
 *fill*         0x0080035d        0x1 
                0x0080035e                _edata = .
                0x0080035e                PROVIDE (__data_end, .)

.bss            0x0080035e       0xf4
                0x0080035e                PROVIDE (__bss_start, .)
 *(.bss)
 .bss           0x0080035e        0x2 ../../../../../../Software/libraries/libcapi324v221\libcapi324v221.a(STEPPER_step.o)
 .bss           0x00800360        0xe ../../../../../../Software/libraries/libcapi324v221\libcapi324v221.a(ATTINY_get_SW_state.o)
 .bss           0x0080036e       0x40 ../../../../../../Software/libraries/libcapi324v221\libcapi324v221.a(ISR_globals.o)
                0x0080036e                CBOT_ISR_vtable
 .bss           0x008003ae       0x10 ../../../../../../Software/libraries/libcapi324v221\libcapi324v221.a(SPI_globals.o)
                0x008003ae                spi_config_func_LUT
 .bss           0x008003be       0x10 ../../../../../../Software/libraries/libcapi324v221\libcapi324v221.a(SPKR_globals.o)
                0x008003be                tone_mode_active
                0x008003bf                beep_mode_active
                0x008003c0                spkr_accum32
                0x008003c4                spkr_freq
                0x008003c8                beep_accum16
                0x008003ca                beep_freq
                0x008003cc                p_Freq_LUT
 .bss           0x008003ce        0x2 ../../../../../../Software/libraries/libcapi324v221\libcapi324v221.a(TMRSRVC_globals.o)
                0x008003ce                timer_busy_status
                0x008003cf                timer_run_status
 .bss           0x008003d0        0x1 ../../../../../../Software/libraries/libcapi324v221\libcapi324v221.a(STEPPER_process_run_mode.o)
 .bss           0x008003d1        0x4 ../../../../../../Software/libraries/libcapi324v221\libcapi324v221.a(STEPPER_process_pwm.o)
 *(.bss*)
 *(COMMON)
 COMMON         0x008003d5       0x39 ../../../../../../Software/libraries/libcapi324v221\libcapi324v221.a(STEPPER_globals.o)
                0x008003d5                STEPPER_params
                0x0080040c                step_done
 COMMON         0x0080040e       0x13 ../../../../../../Software/libraries/libcapi324v221\libcapi324v221.a(SYS_globals.o)
                0x0080040e                CBOT_system
 COMMON         0x00800421        0x5 ../../../../../../Software/libraries/libcapi324v221\libcapi324v221.a(LCD_globals.o)
                0x00800421                LCD_params
 COMMON         0x00800426        0x1 ../../../../../../Software/libraries/libcapi324v221\libcapi324v221.a(SPI_globals.o)
                0x00800426                curr_spi_addr
 COMMON         0x00800427       0x1e ../../../../../../Software/libraries/libcapi324v221\libcapi324v221.a(ATTINY_globals.o)
                0x00800427                ATTINY_params
 COMMON         0x00800445        0x3 ../../../../../../Software/libraries/libcapi324v221\libcapi324v221.a(TMRSRVC_globals.o)
                0x00800445                tmrNodes
 COMMON         0x00800448        0x4 c:/program files (x86)/atmel/atmel toolchain/avr8 gcc/native/3.4.1061/avr8-gnu-toolchain/bin/../lib/gcc/avr/4.8.1/../../../../avr/lib/avr5\libc.a(malloc.o)
                0x00800448                __brkval
                0x0080044a                __flp
 COMMON         0x0080044c        0x6 c:/program files (x86)/atmel/atmel toolchain/avr8 gcc/native/3.4.1061/avr8-gnu-toolchain/bin/../lib/gcc/avr/4.8.1/../../../../avr/lib/avr5\libc.a(iob.o)
                0x0080044c                __iob
                0x00800452                PROVIDE (__bss_end, .)
                0x000051a8                __data_load_start = LOADADDR (.data)
                0x00005406                __data_load_end = (__data_load_start + SIZEOF (.data))

.noinit         0x00800452        0x0
                0x00800452                PROVIDE (__noinit_start, .)
 *(.noinit*)
                0x00800452                PROVIDE (__noinit_end, .)
                0x00800452                _end = .
                0x00800452                PROVIDE (__heap_start, .)

.eeprom         0x00810000        0x0
 *(.eeprom*)
                0x00810000                __eeprom_end = .

.fuse
 *(.fuse)
 *(.lfuse)
 *(.hfuse)
 *(.efuse)

.lock
 *(.lock*)

.signature
 *(.signature*)

.user_signatures
 *(.user_signatures*)

.stab
 *(.stab)

.stabstr
 *(.stabstr)

.stab.excl
 *(.stab.excl)

.stab.exclstr
 *(.stab.exclstr)

.stab.index
 *(.stab.index)

.stab.indexstr
 *(.stab.indexstr)

.comment        0x00000000       0x5c
 *(.comment)
 .comment       0x00000000       0x30 lab4demo.o
                                 0x31 (size before relaxing)
 .comment       0x00000030       0x2c c:/program files (x86)/atmel/atmel toolchain/avr8 gcc/native/3.4.1061/avr8-gnu-toolchain/bin/../lib/gcc/avr/4.8.1/../../../../avr/lib/avr5\libprintf_flt.a(vfprintf_flt.o)
                                 0x2d (size before relaxing)
 .comment       0x00000000       0x31 c:/program files (x86)/atmel/atmel toolchain/avr8 gcc/native/3.4.1061/avr8-gnu-toolchain/bin/../lib/gcc/avr/4.8.1/../../../../avr/lib/avr5\libc.a(malloc.o)
 .comment       0x00000000       0x31 c:/program files (x86)/atmel/atmel toolchain/avr8 gcc/native/3.4.1061/avr8-gnu-toolchain/bin/../lib/gcc/avr/4.8.1/../../../../avr/lib/avr5\libc.a(rand.o)
 .comment       0x00000000       0x31 c:/program files (x86)/atmel/atmel toolchain/avr8 gcc/native/3.4.1061/avr8-gnu-toolchain/bin/../lib/gcc/avr/4.8.1/../../../../avr/lib/avr5\libc.a(fputc.o)
 .comment       0x00000000       0x31 c:/program files (x86)/atmel/atmel toolchain/avr8 gcc/native/3.4.1061/avr8-gnu-toolchain/bin/../lib/gcc/avr/4.8.1/../../../../avr/lib/avr5\libc.a(iob.o)
 .comment       0x00000000       0x31 c:/program files (x86)/atmel/atmel toolchain/avr8 gcc/native/3.4.1061/avr8-gnu-toolchain/bin/../lib/gcc/avr/4.8.1/../../../../avr/lib/avr5\libc.a(printf.o)
 .comment       0x00000000       0x31 c:/program files (x86)/atmel/atmel toolchain/avr8 gcc/native/3.4.1061/avr8-gnu-toolchain/bin/../lib/gcc/avr/4.8.1/../../../../avr/lib/avr5\libc.a(puts.o)

.note.gnu.build-id
 *(.note.gnu.build-id)

.debug
 *(.debug)

.line
 *(.line)

.debug_srcinfo
 *(.debug_srcinfo)

.debug_sfnames
 *(.debug_sfnames)

.debug_aranges  0x00000000       0xe0
 *(.debug_aranges)
 .debug_aranges
                0x00000000       0xe0 lab4demo.o

.debug_pubnames
 *(.debug_pubnames)

.debug_info     0x00000000     0x2172
 *(.debug_info .gnu.linkonce.wi.*)
 .debug_info    0x00000000     0x2172 lab4demo.o

.debug_abbrev   0x00000000      0x2ff
 *(.debug_abbrev)
 .debug_abbrev  0x00000000      0x2ff lab4demo.o

.debug_line     0x00000000      0x5a9
 *(.debug_line .debug_line.* .debug_line_end)
 .debug_line    0x00000000      0x5a9 lab4demo.o

.debug_frame    0x00000000      0x8e4
 *(.debug_frame)
 .debug_frame   0x00000000      0x8e4 lab4demo.o

.debug_str      0x00000000      0x93f
 *(.debug_str)
 .debug_str     0x00000000      0x93f lab4demo.o
                                0x993 (size before relaxing)

.debug_loc      0x00000000     0x27cf
 *(.debug_loc)
 .debug_loc     0x00000000     0x27cf lab4demo.o

.debug_macinfo
 *(.debug_macinfo)

.debug_weaknames
 *(.debug_weaknames)

.debug_funcnames
 *(.debug_funcnames)

.debug_typenames
 *(.debug_typenames)

.debug_varnames
 *(.debug_varnames)

.debug_pubtypes
 *(.debug_pubtypes)

.debug_ranges   0x00000000       0xd0
 *(.debug_ranges)
 .debug_ranges  0x00000000       0xd0 lab4demo.o

.debug_macro
 *(.debug_macro)
OUTPUT(lab4demo.elf elf32-avr)
LOAD linker stubs
