Archive member included because of file (symbol)

c:/program files (x86)/atmel/atmel toolchain/avr8 gcc/native/3.4.1061/avr8-gnu-toolchain/bin/../lib/gcc/avr/4.8.1/../../../../avr/lib/avr5\libm.a(addsf3.o)
                              lab4demo.o (__subsf3)
c:/program files (x86)/atmel/atmel toolchain/avr8 gcc/native/3.4.1061/avr8-gnu-toolchain/bin/../lib/gcc/avr/4.8.1/../../../../avr/lib/avr5\libm.a(addsf3x.o)
                              c:/program files (x86)/atmel/atmel toolchain/avr8 gcc/native/3.4.1061/avr8-gnu-toolchain/bin/../lib/gcc/avr/4.8.1/../../../../avr/lib/avr5\libm.a(addsf3.o) (__addsf3x)
c:/program files (x86)/atmel/atmel toolchain/avr8 gcc/native/3.4.1061/avr8-gnu-toolchain/bin/../lib/gcc/avr/4.8.1/../../../../avr/lib/avr5\libm.a(atan2.o)
                              lab4demo.o (atan2)
c:/program files (x86)/atmel/atmel toolchain/avr8 gcc/native/3.4.1061/avr8-gnu-toolchain/bin/../lib/gcc/avr/4.8.1/../../../../avr/lib/avr5\libm.a(atan.o)
                              c:/program files (x86)/atmel/atmel toolchain/avr8 gcc/native/3.4.1061/avr8-gnu-toolchain/bin/../lib/gcc/avr/4.8.1/../../../../avr/lib/avr5\libm.a(atan2.o) (atan)
c:/program files (x86)/atmel/atmel toolchain/avr8 gcc/native/3.4.1061/avr8-gnu-toolchain/bin/../lib/gcc/avr/4.8.1/../../../../avr/lib/avr5\libm.a(cmpsf2.o)
                              lab4demo.o (__eqsf2)
c:/program files (x86)/atmel/atmel toolchain/avr8 gcc/native/3.4.1061/avr8-gnu-toolchain/bin/../lib/gcc/avr/4.8.1/../../../../avr/lib/avr5\libm.a(cos.o)
                              lab4demo.o (cos)
c:/program files (x86)/atmel/atmel toolchain/avr8 gcc/native/3.4.1061/avr8-gnu-toolchain/bin/../lib/gcc/avr/4.8.1/../../../../avr/lib/avr5\libm.a(divsf3.o)
                              lab4demo.o (__divsf3)
c:/program files (x86)/atmel/atmel toolchain/avr8 gcc/native/3.4.1061/avr8-gnu-toolchain/bin/../lib/gcc/avr/4.8.1/../../../../avr/lib/avr5\libm.a(divsf3x.o)
                              c:/program files (x86)/atmel/atmel toolchain/avr8 gcc/native/3.4.1061/avr8-gnu-toolchain/bin/../lib/gcc/avr/4.8.1/../../../../avr/lib/avr5\libm.a(divsf3.o) (__divsf3x)
c:/program files (x86)/atmel/atmel toolchain/avr8 gcc/native/3.4.1061/avr8-gnu-toolchain/bin/../lib/gcc/avr/4.8.1/../../../../avr/lib/avr5\libm.a(fixsfsi.o)
                              lab4demo.o (__fixsfsi)
c:/program files (x86)/atmel/atmel toolchain/avr8 gcc/native/3.4.1061/avr8-gnu-toolchain/bin/../lib/gcc/avr/4.8.1/../../../../avr/lib/avr5\libm.a(fixunssfsi.o)
                              lab4demo.o (__fixunssfsi)
c:/program files (x86)/atmel/atmel toolchain/avr8 gcc/native/3.4.1061/avr8-gnu-toolchain/bin/../lib/gcc/avr/4.8.1/../../../../avr/lib/avr5\libm.a(floatsisf.o)
                              lab4demo.o (__floatunsisf)
c:/program files (x86)/atmel/atmel toolchain/avr8 gcc/native/3.4.1061/avr8-gnu-toolchain/bin/../lib/gcc/avr/4.8.1/../../../../avr/lib/avr5\libm.a(fp_cmp.o)
                              c:/program files (x86)/atmel/atmel toolchain/avr8 gcc/native/3.4.1061/avr8-gnu-toolchain/bin/../lib/gcc/avr/4.8.1/../../../../avr/lib/avr5\libm.a(cmpsf2.o) (__fp_cmp)
c:/program files (x86)/atmel/atmel toolchain/avr8 gcc/native/3.4.1061/avr8-gnu-toolchain/bin/../lib/gcc/avr/4.8.1/../../../../avr/lib/avr5\libm.a(fp_inf.o)
                              c:/program files (x86)/atmel/atmel toolchain/avr8 gcc/native/3.4.1061/avr8-gnu-toolchain/bin/../lib/gcc/avr/4.8.1/../../../../avr/lib/avr5\libm.a(addsf3x.o) (__fp_inf)
c:/program files (x86)/atmel/atmel toolchain/avr8 gcc/native/3.4.1061/avr8-gnu-toolchain/bin/../lib/gcc/avr/4.8.1/../../../../avr/lib/avr5\libm.a(fp_nan.o)
                              c:/program files (x86)/atmel/atmel toolchain/avr8 gcc/native/3.4.1061/avr8-gnu-toolchain/bin/../lib/gcc/avr/4.8.1/../../../../avr/lib/avr5\libm.a(addsf3x.o) (__fp_nan)
c:/program files (x86)/atmel/atmel toolchain/avr8 gcc/native/3.4.1061/avr8-gnu-toolchain/bin/../lib/gcc/avr/4.8.1/../../../../avr/lib/avr5\libm.a(fp_powser.o)
                              c:/program files (x86)/atmel/atmel toolchain/avr8 gcc/native/3.4.1061/avr8-gnu-toolchain/bin/../lib/gcc/avr/4.8.1/../../../../avr/lib/avr5\libm.a(atan.o) (__fp_powser)
c:/program files (x86)/atmel/atmel toolchain/avr8 gcc/native/3.4.1061/avr8-gnu-toolchain/bin/../lib/gcc/avr/4.8.1/../../../../avr/lib/avr5\libm.a(fp_pscA.o)
                              c:/program files (x86)/atmel/atmel toolchain/avr8 gcc/native/3.4.1061/avr8-gnu-toolchain/bin/../lib/gcc/avr/4.8.1/../../../../avr/lib/avr5\libm.a(addsf3x.o) (__fp_pscA)
c:/program files (x86)/atmel/atmel toolchain/avr8 gcc/native/3.4.1061/avr8-gnu-toolchain/bin/../lib/gcc/avr/4.8.1/../../../../avr/lib/avr5\libm.a(fp_pscB.o)
                              c:/program files (x86)/atmel/atmel toolchain/avr8 gcc/native/3.4.1061/avr8-gnu-toolchain/bin/../lib/gcc/avr/4.8.1/../../../../avr/lib/avr5\libm.a(addsf3x.o) (__fp_pscB)
[...]
Memory Configuration

Name             Origin             Length             Attributes
text             0x00000000         0x00020000         xr
data             0x00800060         0x0000ffa0         rw !x
eeprom           0x00810000         0x00010000         rw !x
fuse             0x00820000         0x00000400         rw !x
lock             0x00830000         0x00000400         rw !x
signature        0x00840000         0x00000400         rw !x
user_signatures  0x00850000         0x00000400         rw !x
*default*        0x00000000         0xffffffff

Linker script and memory map

Address of section .data set to 0x800100
LOAD c:/program files (x86)/atmel/atmel toolchain/avr8 gcc/native/3.4.1061/avr8-gnu-toolchain/bin/../lib/gcc/avr/4.8.1/../../../../avr/lib/avr5/crtm324p.o
LOAD lab4demo.o
START GROUP
LOAD c:/program files (x86)/atmel/atmel toolchain/avr8 gcc/native/3.4.1061/avr8-gnu-toolchain/bin/../lib/gcc/avr/4.8.1/../../../../avr/lib/avr5\libm.a
LOAD c:/program files (x86)/atmel/atmel toolchain/avr8 gcc/native/3.4.1061/avr8-gnu-toolchain/bin/../lib/gcc/avr/4.8.1/../../../../avr/lib/avr5\libm.a
LOAD ../../../../../../Software/libraries/libcapi324v221\libcapi324v221.a
LOAD c:/program files (x86)/atmel/atmel toolchain/avr8 gcc/native/3.4.1061/avr8-gnu-toolchain/bin/../lib/gcc/avr/4.8.1/../../../../avr/lib/avr5\libprintf_flt.a
END GROUP
START GROUP
LOAD c:/program files (x86)/atmel/atmel toolchain/avr8 gcc/native/3.4.1061/avr8-gnu-toolchain/bin/../lib/gcc/avr/4.8.1/avr5\libgcc.a
LOAD c:/program files (x86)/atmel/atmel toolchain/avr8 gcc/native/3.4.1061/avr8-gnu-toolchain/bin/../lib/gcc/avr/4.8.1/../../../../avr/lib/avr5\libm.a
LOAD c:/program files (x86)/atmel/atmel toolchain/avr8 gcc/native/3.4.1061/avr8-gnu-toolchain/bin/../lib/gcc/avr/4.8.1/../../../../avr/lib/avr5\libc.a
END GROUP

.hash
 *(.hash)

.dynsym
 *(.dynsym)

.dynstr
 *(.dynstr)

.gnu.version
 *(.gnu.version)

.gnu.version_d
 *(.gnu.version_d)

.gnu.version_r
 *(.gnu.version_r)

.rel.init
 *(.rel.init)

.rela.init
 *(.rela.init)

.rel.text
 *(.rel.text)
 *(.rel.text.*)
 *(.rel.gnu.linkonce.t*)

.rela.text
 *(.rela.text)
 *(.rela.text.*)
 *(.rela.gnu.linkonce.t*)

.rel.fini
 *(.rel.fini)

.rela.fini
 *(.rela.fini)

.rel.rodata
 *(.rel.rodata)
 *(.rel.rodata.*)
 *(.rel.gnu.linkonce.r*)

.rela.rodata
 *(.rela.rodata)
 *(.rela.rodata.*)
 *(.rela.gnu.linkonce.r*)

.rel.data
 *(.rel.data)
 *(.rel.data.*)
 *(.rel.gnu.linkonce.d*)

.rela.data
 *(.rela.data)
 *(.rela.data.*)
 *(.rela.gnu.linkonce.d*)

.rel.ctors
 *(.rel.ctors)

.rela.ctors
 *(.rela.ctors)

.rel.dtors
 *(.rel.dtors)

.rela.dtors
 *(.rela.dtors)

.rel.got
 *(.rel.got)

.rela.got
 *(.rela.got)

.rel.bss
 *(.rel.bss)

.rela.bss
 *(.rela.bss)

.rel.plt
 *(.rel.plt)

.rela.plt
 *(.rela.plt)

.text           0x00000000     0x687c
 *(.vectors)
 .vectors       0x00000000       0x7c c:/program files (x86)/atmel/atmel toolchain/avr8 gcc/native/3.4.1061/avr8-gnu-toolchain/bin/../lib/gcc/avr/4.8.1/../../../../avr/lib/avr5/crtm324p.o
                0x00000000                __vector_default
                0x00000000                __vectors
 *(.vectors)
 *(.progmem.gcc*)
 .progmem.gcc_fplib
                0x0000007c       0x1e c:/program files (x86)/atmel/atmel toolchain/avr8 gcc/native/3.4.1061/avr8-gnu-toolchain/bin/../lib/gcc/avr/4.8.1/../../../../avr/lib/avr5\libm.a(fp_sinus.o)
 .progmem.gcc_sw_table
                0x0000009a       0x26 ../../../../../../Software/libraries/libcapi324v221\libcapi324v221.a(SYS_get_state.o)
 .progmem.gcc_sw_table
                0x000000c0       0x26 ../../../../../../Software/libraries/libcapi324v221\libcapi324v221.a(SYS_set_state.o)
 .progmem.gcc_fplib
                0x000000e6       0x28 c:/program files (x86)/atmel/atmel toolchain/avr8 gcc/native/3.4.1061/avr8-gnu-toolchain/bin/../lib/gcc/avr/4.8.1/../../../../avr/lib/avr5\libm.a(exp.o)
 .progmem.gcc_fplib
                0x0000010e       0x5a c:/program files (x86)/atmel/atmel toolchain/avr8 gcc/native/3.4.1061/avr8-gnu-toolchain/bin/../lib/gcc/avr/4.8.1/../../../../avr/lib/avr5\libm.a(log.o)
                0x00000168                . = ALIGN (0x2)
                0x00000168                __trampolines_start = .
 *(.trampolines)
 .trampolines   0x00000168        0x0 linker stubs
 *(.trampolines*)
                0x00000168                __trampolines_end = .
 *(.progmem*)
 .progmem.data  0x00000168      0x415 ../../../../../../Software/libraries/libcapi324v221\libcapi324v221.a(LCD_globals.o)
                0x00000168                char_bitmap
                0x0000037d                CEENBoT_Inc_logo_bitmap
 .progmem.data  0x0000057d        0x8 c:/program files (x86)/atmel/atmel toolchain/avr8 gcc/native/3.4.1061/avr8-gnu-toolchain/bin/../lib/gcc/avr/4.8.1/../../../../avr/lib/avr5\libprintf_flt.a(vfprintf_flt.o)
 .progmem.data  0x00000585       0xfa c:/program files (x86)/atmel/atmel toolchain/avr8 gcc/native/3.4.1061/avr8-gnu-toolchain/bin/../lib/gcc/avr/4.8.1/../../../../avr/lib/avr5\libc.a(ftoa_engine.o)
                0x00000680                . = ALIGN (0x2)
 *fill*         0x0000067f        0x1 
 *(.jumptables)
 *(.jumptables*)
 *(.lowtext)
 *(.lowtext*)
                0x00000680                __ctors_start = .
 *(.ctors)
                0x00000680                __ctors_end = .
                0x00000680                __dtors_start = .
 *(.dtors)
                0x00000680                __dtors_end = .
 SORT(*)(.ctors)
 SORT(*)(.dtors)
 *(.init0)
 .init0         0x00000680        0x0 c:/program files (x86)/atmel/atmel toolchain/avr8 gcc/native/3.4.1061/avr8-gnu-toolchain/bin/../lib/gcc/avr/4.8.1/../../../../avr/lib/avr5/crtm324p.o
                0x00000680                __init
 *(.init0)
 *(.init1)
 *(.init1)
 *(.init2)
 .init2         0x00000680        0xc c:/program files (x86)/atmel/atmel toolchain/avr8 gcc/native/3.4.1061/avr8-gnu-toolchain/bin/../lib/gcc/avr/4.8.1/../../../../avr/lib/avr5/crtm324p.o
 *(.init2)
 *(.init3)
 *(.init3)
 *(.init4)
 .init4         0x0000068c       0x16 c:/program files (x86)/atmel/atmel toolchain/avr8 gcc/native/3.4.1061/avr8-gnu-toolchain/bin/../lib/gcc/avr/4.8.1/avr5\libgcc.a(_copy_data.o)
                0x0000068c                __do_copy_data
 .init4         0x000006a2       0x10 c:/program files (x86)/atmel/atmel toolchain/avr8 gcc/native/3.4.1061/avr8-gnu-toolchain/bin/../lib/gcc/avr/4.8.1/avr5\libgcc.a(_clear_bss.o)
                0x000006a2                __do_clear_bss
 *(.init4)
 *(.init5)
 *(.init5)
 *(.init6)
 *(.init6)
 *(.init7)
 *(.init7)
 *(.init8)
 *(.init8)
 *(.init9)
 .init9         0x000006b2        0x8 c:/program files (x86)/atmel/atmel toolchain/avr8 gcc/native/3.4.1061/avr8-gnu-toolchain/bin/../lib/gcc/avr/4.8.1/../../../../avr/lib/avr5/crtm324p.o
 *(.init9)
 *(.text)
 .text          0x000006ba        0x4 c:/program files (x86)/atmel/atmel toolchain/avr8 gcc/native/3.4.1061/avr8-gnu-toolchain/bin/../lib/gcc/avr/4.8.1/../../../../avr/lib/avr5/crtm324p.o
                0x000006ba                __vector_22
                0x000006ba                __vector_28
                0x000006ba                __vector_1
                0x000006ba                __vector_24
                0x000006ba                __bad_interrupt
                0x000006ba                __vector_3
                0x000006ba                __vector_23
                0x000006ba                __vector_30
                0x000006ba                __vector_25
                0x000006ba                __vector_19
                0x000006ba                __vector_27
                0x000006ba                __vector_2
                0x000006ba                __vector_21
                0x000006ba                __vector_29
                0x000006ba                __vector_8
                0x000006ba                __vector_26
                0x000006ba                __vector_20
 .text          0x000006be       0x1c ../../../../../../Software/libraries/libcapi324v221\libcapi324v221.a(ADC_open.o)
                0x000006be                ADC_open
 .text          0x000006da       0x3a ../../../../../../Software/libraries/libcapi324v221\libcapi324v221.a(ADC_sample.o)
                0x000006da                ADC_sample
 .text          0x00000714       0x6e ../../../../../../Software/libraries/libcapi324v221\libcapi324v221.a(ADC_set_channel.o)
                0x00000714                ADC_set_channel
 .text          0x00000782       0x16 ../../../../../../Software/libraries/libcapi324v221\libcapi324v221.a(ADC_set_VREF.o)
                0x00000782                ADC_set_VREF
 .text          0x00000798       0x12 ../../../../../../Software/libraries/libcapi324v221\libcapi324v221.a(CBOT_main.o)
                0x00000798                main
 .text          0x000007aa       0x3a ../../../../../../Software/libraries/libcapi324v221\libcapi324v221.a(LCD_clear.o)
                0x000007aa                LCD_clear
 .text          0x000007e4      0x102 ../../../../../../Software/libraries/libcapi324v221\libcapi324v221.a(LCD_open.o)
                0x000007e4                LCD_open
 .text          0x000008e6       0x42 ../../../../../../Software/libraries/libcapi324v221\libcapi324v221.a(LCD_set_backlight.o)
                0x000008e6                LCD_set_backlight
 .text          0x00000928        0xe ../../../../../../Software/libraries/libcapi324v221\libcapi324v221.a(LCD_set_next_PGC.o)
                0x00000928                LCD_set_next_PGC
 .text          0x00000936       0x32 ../../../../../../Software/libraries/libcapi324v221\libcapi324v221.a(LCD_set_PGC_addr.o)
                0x00000936                LCD_set_PGC_addr
 .text          0x00000968       0x36 ../../../../../../Software/libraries/libcapi324v221\libcapi324v221.a(LCD_write.o)
                0x00000968                LCD_write
 .text          0x0000099e       0xa2 ../../../../../../Software/libraries/libcapi324v221\libcapi324v221.a(SPI_set_slave_addr.o)
                0x0000099e                SPI_set_slave_addr
 .text          0x00000a40       0x1e ../../../../../../Software/libraries/libcapi324v221\libcapi324v221.a(SPI_transmit.o)
                0x00000a40                SPI_transmit
 .text          0x00000a5e      0x13c ../../../../../../Software/libraries/libcapi324v221\libcapi324v221.a(SPKR_open.o)
                0x00000a5e                __SPKR_set_up_freq_LUT
                0x00000afc                __SPKR_open_beep_mode
                0x00000b28                __SPKR_open_tone_mode
                0x00000b80                SPKR_open
 .text          0x00000b9a       0x9a ../../../../../../Software/libraries/libcapi324v221\libcapi324v221.a(SPKR_play_beep.o)
                0x00000b9a                SPKR_play_beep
 .text          0x00000c34       0x1c ../../../../../../Software/libraries/libcapi324v221\libcapi324v221.a(STEPPER_close.o)
                0x00000c34                STEPPER_close
 .text          0x00000c50      0x2c8 ../../../../../../Software/libraries/libcapi324v221\libcapi324v221.a(STEPPER_move.o)
                0x00000dca                STEPPER_move
 .text          0x00000f18       0xae ../../../../../../Software/libraries/libcapi324v221\libcapi324v221.a(STEPPER_open.o)
                0x00000f18                STEPPER_open
 .text          0x00000fc6       0x2e ../../../../../../Software/libraries/libcapi324v221\libcapi324v221.a(STEPPER_run.o)
                0x00000fc6                STEPPER_run
 .text          0x00000ff4       0x44 ../../../../../../Software/libraries/libcapi324v221\libcapi324v221.a(STEPPER_set_accel.o)
                0x00000ff4                STEPPER_set_accel
 .text          0x00001038       0x2a ../../../../../../Software/libraries/libcapi324v221\libcapi324v221.a(STEPPER_set_dir.o)
                0x00001038                STEPPER_set_dir
 .text          0x00001062       0x2a ../../../../../../Software/libraries/libcapi324v221\libcapi324v221.a(STEPPER_set_mode.o)
                0x00001062                STEPPER_set_mode
 .text          0x0000108c       0x44 ../../../../../../Software/libraries/libcapi324v221\libcapi324v221.a(STEPPER_set_speed.o)
                0x0000108c                STEPPER_set_speed
 .text          0x000010d0      0x118 ../../../../../../Software/libraries/libcapi324v221\libcapi324v221.a(STEPPER_step.o)
                0x000010d0                STEPPER_step
 .text          0x000011e8       0x4a ../../../../../../Software/libraries/libcapi324v221\libcapi324v221.a(STEPPER_stop.o)
                0x000011e8                STEPPER_stop
 .text          0x00001232       0x9c ../../../../../../Software/libraries/libcapi324v221\libcapi324v221.a(STEPPER_wait_and_then.o)
                0x00001232                STEPPER_wait_and_then
 .text          0x000012ce       0x90 ../../../../../../Software/libraries/libcapi324v221\libcapi324v221.a(SYS_get_state.o)
                0x000012ce                SYS_get_state
 .text          0x0000135e       0x8e ../../../../../../Software/libraries/libcapi324v221\libcapi324v221.a(SYS_set_state.o)
                0x0000135e                SYS_set_state
 .text          0x000013ec       0x9c ../../../../../../Software/libraries/libcapi324v221\libcapi324v221.a(ATTINY_get_SW_state.o)
                0x000013ec                ATTINY_get_SW_state
 .text          0x00001488       0x9e ../../../../../../Software/libraries/libcapi324v221\libcapi324v221.a(ATTINY_open.o)
                0x00001488                ATTINY_open
 .text          0x00001526       0x42 ../../../../../../Software/libraries/libcapi324v221\libcapi324v221.a(TMRSRVC_delay.o)
                0x00001526                TMRSRVC_delay
 .text          0x00001568       0x7c ../../../../../../Software/libraries/libcapi324v221\libcapi324v221.a(TMRSRVC_new.o)
                0x00001568                TMRSRVC_new
 .text          0x000015e4       0x16 ../../../../../../Software/libraries/libcapi324v221\libcapi324v221.a(__ADC_init.o)
                0x000015e4                __ADC_init
 .text          0x000015fa       0x1c ../../../../../../Software/libraries/libcapi324v221\libcapi324v221.a(CBOT_init.o)
                0x000015fa                CBOT_init
 .text          0x00001616      0x480 ../../../../../../Software/libraries/libcapi324v221\libcapi324v221.a(CBOT_isr.o)
                0x00001616                CBOT_ISR_init
                0x0000161a                __vector_16
                0x0000166c                __vector_17
                0x000016be                __vector_18
                0x00001710                __vector_9
                0x00001762                __vector_10
                0x000017b4                __vector_11
                0x00001806                __vector_13
                0x00001858                __vector_14
                0x000018aa                __vector_12
                0x000018fc                __vector_15
                0x0000194e                __vector_4
                0x000019a0                __vector_5
                0x000019f2                __vector_6
                0x00001a44                __vector_7
 .text          0x00001a96       0x28 ../../../../../../Software/libraries/libcapi324v221\libcapi324v221.a(ISR_attach.o)
                0x00001a96                ISR_attach
 .text          0x00001abe       0x28 ../../../../../../Software/libraries/libcapi324v221\libcapi324v221.a(ISR_open.o)
                0x00001abe                ISR_open
 .text          0x00001ae6        0x4 ../../../../../../Software/libraries/libcapi324v221\libcapi324v221.a(__LCD_init.o)
                0x00001ae6                __LCD_init
 .text          0x00001aea      0x15a ../../../../../../Software/libraries/libcapi324v221\libcapi324v221.a(__LCD_putchar.o)
                0x00001aea                __LCD_putchar
 .text          0x00001c44       0x24 ../../../../../../Software/libraries/libcapi324v221\libcapi324v221.a(ATMEGA_open.o)
                0x00001c44                ATMEGA_open
 .text          0x00001c68       0xa6 ../../../../../../Software/libraries/libcapi324v221\libcapi324v221.a(ATMEGA_set_clk_mode.o)
                0x00001c68                ATMEGA_set_clk_mode
 .text          0x00001d0e       0x72 ../../../../../../Software/libraries/libcapi324v221\libcapi324v221.a(SPI_open.o)
                0x00001d0e                SPI_open
 .text          0x00001d80       0x12 ../../../../../../Software/libraries/libcapi324v221\libcapi324v221.a(SPI_set_config_func.o)
                0x00001d80                SPI_set_config_func
 .text          0x00001d92        0x6 ../../../../../../Software/libraries/libcapi324v221\libcapi324v221.a(ISR__SPKR__TIMER1_COMPA_vect.o)
                0x00001d92                __SPKR_TIMER1_COMPA_vect
 .text          0x00001d98       0x2e ../../../../../../Software/libraries/libcapi324v221\libcapi324v221.a(SPKR_beep.o)
                0x00001d98                SPKR_beep
 .text          0x00001dc6       0x82 ../../../../../../Software/libraries/libcapi324v221\libcapi324v221.a(SPKR_clk.o)
                0x00001dc6                SPKR_clk
 .text          0x00001e48       0x72 ../../../../../../Software/libraries/libcapi324v221\libcapi324v221.a(SPKR_close.o)
                0x00001e48                __SPKR_close_beep_mode
                0x00001e64                __SPKR_close_tone_mode
                0x00001ea6                SPKR_close
 .text          0x00001eba       0x54 ../../../../../../Software/libraries/libcapi324v221\libcapi324v221.a(__SPKR_init.o)
                0x00001eba                __SPKR_init
 .text          0x00001f0e        0xc ../../../../../../Software/libraries/libcapi324v221\libcapi324v221.a(__SPKR_stop.o)
                0x00001f0e                __SPKR_stop
 .text          0x00001f1a       0x14 ../../../../../../Software/libraries/libcapi324v221\libcapi324v221.a(__STEPPER_close.o)
                0x00001f1a                __STEPPER_close
 .text          0x00001f2e       0x2a ../../../../../../Software/libraries/libcapi324v221\libcapi324v221.a(STEPPER_go.o)
                0x00001f2e                STEPPER_go
 .text          0x00001f58       0x14 ../../../../../../Software/libraries/libcapi324v221\libcapi324v221.a(__STEPPER_init.o)
                0x00001f58                __STEPPER_init
 .text          0x00001f6c       0x36 ../../../../../../Software/libraries/libcapi324v221\libcapi324v221.a(STEPPER_set_steps.o)
                0x00001f6c                STEPPER_set_steps
 .text          0x00001fa2       0x2a ../../../../../../Software/libraries/libcapi324v221\libcapi324v221.a(STEPPER_set_stop_mode.o)
                0x00001fa2                STEPPER_set_stop_mode
 .text          0x00001fcc       0x7a ../../../../../../Software/libraries/libcapi324v221\libcapi324v221.a(STEPPER_setup_decels.o)
                0x00001fcc                STEPPER_setup_decels
 .text          0x00002046       0x46 ../../../../../../Software/libraries/libcapi324v221\libcapi324v221.a(SYS_init.o)
                0x00002046                SYS_init
 .text          0x0000208c       0x62 ../../../../../../Software/libraries/libcapi324v221\libcapi324v221.a(ATTINY_get_sensors.o)
                0x0000208c                ATTINY_get_sensors
 .text          0x000020ee       0xd2 ../../../../../../Software/libraries/libcapi324v221\libcapi324v221.a(__TMRSRVC_insert.o)
                0x000020ee                TMRSRVC_insert
 .text          0x000021c0       0x3e ../../../../../../Software/libraries/libcapi324v221\libcapi324v221.a(TMRSRVC_open.o)
                0x000021c0                TMRSRVC_open
 .text          0x000021fe        0xc ../../../../../../Software/libraries/libcapi324v221\libcapi324v221.a(__TMRSRVC_start.o)
                0x000021fe                __TMRSRVC_start
 .text          0x0000220a        0x8 ../../../../../../Software/libraries/libcapi324v221\libcapi324v221.a(TMRSRVC_start.o)
                0x0000220a                TMRSRVC_start
 .text          0x00002212       0x22 ../../../../../../Software/libraries/libcapi324v221\libcapi324v221.a(__ISR_attach.o)
                0x00002212                __ISR_attach
 .text          0x00002234        0x6 ../../../../../../Software/libraries/libcapi324v221\libcapi324v221.a(__ATMEGA_init.o)
                0x00002234                __ATMEGA_init
 .text          0x0000223a       0x52 ../../../../../../Software/libraries/libcapi324v221\libcapi324v221.a(SPI_cfgrs.o)
                0x0000223a                SPI_default_config
                0x0000224a                SPI_ATtiny0_config
                0x0000225a                SPI_PSXC_config
                0x0000226a                SPI_LCD_config
                0x0000227a                SPI_FLASH_config
 .text          0x0000228c        0xe ../../../../../../Software/libraries/libcapi324v221\libcapi324v221.a(__SPI_init.o)
                0x0000228c                __SPI_init
 .text          0x0000229a       0x24 ../../../../../../Software/libraries/libcapi324v221\libcapi324v221.a(SPI_receive.o)
                0x0000229a                SPI_receive
 .text          0x000022be       0x38 ../../../../../../Software/libraries/libcapi324v221\libcapi324v221.a(__SPKR_close.o)
                0x000022be                __SPKR_close
 .text          0x000022f6       0xda ../../../../../../Software/libraries/libcapi324v221\libcapi324v221.a(STEPPER_set_decel_step_values.o)
                0x000022f6                STEPPER_set_decel_step_values
 .text          0x000023d0        0xe ../../../../../../Software/libraries/libcapi324v221\libcapi324v221.a(ISR__TIMER0_COMPA_vect.o)
                0x000023d0                __TIMER0_COMPA_vect
 .text          0x000023de       0x12 ../../../../../../Software/libraries/libcapi324v221\libcapi324v221.a(__TMRSRVC_init.o)
                0x000023de                __TMRSRVC_init
 .text          0x000023f0       0x32 ../../../../../../Software/libraries/libcapi324v221\libcapi324v221.a(TMRSRVC_tick.o)
                0x000023f0                TMRSRVC_tick
 .text          0x00002422       0x4e ../../../../../../Software/libraries/libcapi324v221\libcapi324v221.a(SPKR_beep_clk.o)
                0x00002422                SPKR_beep_clk
 .text          0x00002470      0x162 ../../../../../../Software/libraries/libcapi324v221\libcapi324v221.a(STEPPER_clk.o)
                0x00002470                STEPPER_clk
 .text          0x000025d2       0x8a ../../../../../../Software/libraries/libcapi324v221\libcapi324v221.a(STEPPER_process_accel.o)
                0x000025d2                STEPPER_process_accel
 .text          0x0000265c      0x206 ../../../../../../Software/libraries/libcapi324v221\libcapi324v221.a(STEPPER_process_run_mode.o)
                0x0000265c                STEPPER_process_run_mode
 .text          0x00002862       0xa8 ../../../../../../Software/libraries/libcapi324v221\libcapi324v221.a(STEPPER_process_step_mode.o)
                0x00002862                STEPPER_process_step_mode
 .text          0x0000290a       0xd6 ../../../../../../Software/libraries/libcapi324v221\libcapi324v221.a(TMRSRVC_process.o)
                0x0000290a                TMRSRVC_process
 .text          0x000029e0        0x6 ../../../../../../Software/libraries/libcapi324v221\libcapi324v221.a(TMRSRVC_stop.o)
                0x000029e0                TMRSRVC_stop
 .text          0x000029e6      0x130 ../../../../../../Software/libraries/libcapi324v221\libcapi324v221.a(STEPPER_process_pwm.o)
                0x000029e6                STEPPER_process_pwm
                0x00002b16                . = ALIGN (0x2)
 *(.text.*)
 .text.Random_Wanderer
                0x00002b16       0x9c lab4demo.o
                0x00002b16                Random_Wanderer
 .text.getLeftIR
                0x00002bb2       0x50 lab4demo.o
                0x00002bb2                getLeftIR
 .text.getRightIR
                0x00002c02       0x50 lab4demo.o
                0x00002c02                getRightIR
 .text.getFrontIR
                0x00002c52       0x50 lab4demo.o
                0x00002c52                getFrontIR
 .text.moveForward
                0x00002ca2       0x92 lab4demo.o
                0x00002ca2                moveForward
 .text.sTurnLeft
                0x00002d34       0xa8 lab4demo.o
                0x00002d34                sTurnLeft
 .text.sTurnRight
                0x00002ddc       0xaa lab4demo.o
                0x00002ddc                sTurnRight
 .text.go2Angle
                0x00002e86       0x84 lab4demo.o
                0x00002e86                go2Angle
 .text.go2ContAngle
                0x00002f0a      0x184 lab4demo.o
                0x00002f0a                go2ContAngle
 .text.rightFollow
                0x0000308e      0x410 lab4demo.o
                0x0000308e                rightFollow
 .text.leftFollow
                0x0000349e      0x410 lab4demo.o
                0x0000349e                leftFollow
 .text.centerFollow
                0x000038ae      0x33e lab4demo.o
                0x000038ae                centerFollow
 .text.rightStepFollow
                0x00003bec      0x6a6 lab4demo.o
                0x00003bec                rightStepFollow
 .text.leftStepFollow
                0x00004292      0x70e lab4demo.o
                0x00004292                leftStepFollow
 .text.go2Goal  0x000049a0      0x29e lab4demo.o
                0x000049a0                go2Goal
 .text.CBOT_main
                0x00004c3e      0x4fe lab4demo.o
                0x00004c3e                CBOT_main
 .text.avr-libc.fplib
                0x0000513c        0xa c:/program files (x86)/atmel/atmel toolchain/avr8 gcc/native/3.4.1061/avr8-gnu-toolchain/bin/../lib/gcc/avr/4.8.1/../../../../avr/lib/avr5\libm.a(addsf3.o)
                0x0000513c                __subsf3
                0x0000513e                __addsf3
 .text.avr-libc.fplib
                0x00005146       0xc0 c:/program files (x86)/atmel/atmel toolchain/avr8 gcc/native/3.4.1061/avr8-gnu-toolchain/bin/../lib/gcc/avr/4.8.1/../../../../avr/lib/avr5\libm.a(addsf3x.o)
                0x00005160                __addsf3x
 .text.avr-libc.fplib
                0x00005206        0x8 c:/program files (x86)/atmel/atmel toolchain/avr8 gcc/native/3.4.1061/avr8-gnu-toolchain/bin/../lib/gcc/avr/4.8.1/../../../../avr/lib/avr5\libm.a(cmpsf2.o)
                0x00005206                __nesf2
                0x00005206                __eqsf2
                0x00005206                __cmpsf2
                0x00005206                __ltsf2
                0x00005206                __lesf2
 .text.avr-libc.fplib
                0x0000520e        0x6 c:/program files (x86)/atmel/atmel toolchain/avr8 gcc/native/3.4.1061/avr8-gnu-toolchain/bin/../lib/gcc/avr/4.8.1/../../../../avr/lib/avr5\libm.a(cos.o)
                0x0000520e                cos
 .text.avr-libc.fplib
                0x00005214        0x4 c:/program files (x86)/atmel/atmel toolchain/avr8 gcc/native/3.4.1061/avr8-gnu-toolchain/bin/../lib/gcc/avr/4.8.1/../../../../avr/lib/avr5\libm.a(divsf3.o)
                0x00005214                __divsf3
 .text.avr-libc.fplib
                0x00005218       0xcc c:/program files (x86)/atmel/atmel toolchain/avr8 gcc/native/3.4.1061/avr8-gnu-toolchain/bin/../lib/gcc/avr/4.8.1/../../../../avr/lib/avr5\libm.a(divsf3x.o)
                0x0000522e                __divsf3x
                0x00005232                __divsf3_pse
 .text.avr-libc.fplib
                0x000052e4        0xa c:/program files (x86)/atmel/atmel toolchain/avr8 gcc/native/3.4.1061/avr8-gnu-toolchain/bin/../lib/gcc/avr/4.8.1/../../../../avr/lib/avr5\libm.a(fixsfsi.o)
                0x000052e4                __fixsfsi
 .text.avr-libc.fplib
                0x000052ee       0x58 c:/program files (x86)/atmel/atmel toolchain/avr8 gcc/native/3.4.1061/avr8-gnu-toolchain/bin/../lib/gcc/avr/4.8.1/../../../../avr/lib/avr5\libm.a(fixunssfsi.o)
                0x000052ee                __fixunssfsi
 .text.avr-libc.fplib
                0x00005346       0x7a c:/program files (x86)/atmel/atmel toolchain/avr8 gcc/native/3.4.1061/avr8-gnu-toolchain/bin/../lib/gcc/avr/4.8.1/../../../../avr/lib/avr5\libm.a(floatsisf.o)
                0x00005346                __floatunsisf
                0x0000534a                __floatsisf
 .text.avr-libc.fplib
                0x000053c0       0x48 c:/program files (x86)/atmel/atmel toolchain/avr8 gcc/native/3.4.1061/avr8-gnu-toolchain/bin/../lib/gcc/avr/4.8.1/../../../../avr/lib/avr5\libm.a(fp_cmp.o)
                0x000053c0                __fp_cmp
 .text.avr-libc.fplib
                0x00005408        0xc c:/program files (x86)/atmel/atmel toolchain/avr8 gcc/native/3.4.1061/avr8-gnu-toolchain/bin/../lib/gcc/avr/4.8.1/../../../../avr/lib/avr5\libm.a(fp_inf.o)
                0x00005408                __fp_inf
 .text.avr-libc.fplib
                0x00005414        0x6 c:/program files (x86)/atmel/atmel toolchain/avr8 gcc/native/3.4.1061/avr8-gnu-toolchain/bin/../lib/gcc/avr/4.8.1/../../../../avr/lib/avr5\libm.a(fp_nan.o)
                0x00005414                __fp_nan
 .text.avr-libc.fplib
                0x0000541a       0x4a c:/program files (x86)/atmel/atmel toolchain/avr8 gcc/native/3.4.1061/avr8-gnu-toolchain/bin/../lib/gcc/avr/4.8.1/../../../../avr/lib/avr5\libm.a(fp_powser.o)
                0x0000541a                __fp_powser
 .text.avr-libc.fplib
                0x00005464        0xe c:/program files (x86)/atmel/atmel toolchain/avr8 gcc/native/3.4.1061/avr8-gnu-toolchain/bin/../lib/gcc/avr/4.8.1/../../../../avr/lib/avr5\libm.a(fp_pscA.o)
                0x00005464                __fp_pscA
 .text.avr-libc.fplib
                0x00005472        0xe c:/program files (x86)/atmel/atmel toolchain/avr8 gcc/native/3.4.1061/avr8-gnu-toolchain/bin/../lib/gcc/avr/4.8.1/../../../../avr/lib/avr5\libm.a(fp_pscB.o)
                0x00005472                __fp_pscB
 .text.avr-libc.fplib
                0x00005480       0x50 c:/program files (x86)/atmel/atmel toolchain/avr8 gcc/native/3.4.1061/avr8-gnu-toolchain/bin/../lib/gcc/avr/4.8.1/../../../../avr/lib/avr5\libm.a(fp_rempio2.o)
                0x00005482                __fp_rempio2
 .text.avr-libc.fplib
                0x000054d0       0x22 c:/program files (x86)/atmel/atmel toolchain/avr8 gcc/native/3.4.1061/avr8-gnu-toolchain/bin/../lib/gcc/avr/4.8.1/../../../../avr/lib/avr5\libm.a(fp_round.o)
                0x000054d0                __fp_round
 .text.avr-libc.fplib
                0x000054f2       0x22 c:/program files (x86)/atmel/atmel toolchain/avr8 gcc/native/3.4.1061/avr8-gnu-toolchain/bin/../lib/gcc/avr/4.8.1/../../../../avr/lib/avr5\libm.a(fp_sinus.o)
                0x000054f2                __fp_sinus
 .text.avr-libc.fplib
                0x00005514       0x44 c:/program files (x86)/atmel/atmel toolchain/avr8 gcc/native/3.4.1061/avr8-gnu-toolchain/bin/../lib/gcc/avr/4.8.1/../../../../avr/lib/avr5\libm.a(fp_split3.o)
                0x00005514                __fp_split3
                0x00005524                __fp_splitA
 .text.avr-libc.fplib
                0x00005558        0xe c:/program files (x86)/atmel/atmel toolchain/avr8 gcc/native/3.4.1061/avr8-gnu-toolchain/bin/../lib/gcc/avr/4.8.1/../../../../avr/lib/avr5\libm.a(fp_zero.o)
                0x00005558                __fp_zero
                0x0000555a                __fp_szero
 .text.avr-libc.fplib
                0x00005566        0x8 c:/program files (x86)/atmel/atmel toolchain/avr8 gcc/native/3.4.1061/avr8-gnu-toolchain/bin/../lib/gcc/avr/4.8.1/../../../../avr/lib/avr5\libm.a(gesf2.o)
                0x00005566                __gesf2
                0x00005566                __gtsf2
 .text.avr-libc.fplib
                0x0000556e        0xe c:/program files (x86)/atmel/atmel toolchain/avr8 gcc/native/3.4.1061/avr8-gnu-toolchain/bin/../lib/gcc/avr/4.8.1/../../../../avr/lib/avr5\libm.a(inverse.o)
                0x0000556e                inverse
 .text.avr-libc.fplib
                0x0000557c        0x4 c:/program files (x86)/atmel/atmel toolchain/avr8 gcc/native/3.4.1061/avr8-gnu-toolchain/bin/../lib/gcc/avr/4.8.1/../../../../avr/lib/avr5\libm.a(mulsf3.o)
                0x0000557c                __mulsf3
 .text.avr-libc.fplib
                0x00005580       0xc2 c:/program files (x86)/atmel/atmel toolchain/avr8 gcc/native/3.4.1061/avr8-gnu-toolchain/bin/../lib/gcc/avr/4.8.1/../../../../avr/lib/avr5\libm.a(mulsf3x.o)
                0x00005594                __mulsf3x
                0x00005598                __mulsf3_pse
 .text.avr-libc.fplib
                0x00005642        0xc c:/program files (x86)/atmel/atmel toolchain/avr8 gcc/native/3.4.1061/avr8-gnu-toolchain/bin/../lib/gcc/avr/4.8.1/../../../../avr/lib/avr5\libm.a(sin.o)
                0x00005642                sin
 .text.avr-libc.fplib
                0x0000564e       0x1c c:/program files (x86)/atmel/atmel toolchain/avr8 gcc/native/3.4.1061/avr8-gnu-toolchain/bin/../lib/gcc/avr/4.8.1/../../../../avr/lib/avr5\libm.a(fp_mpack.o)
                0x0000564e                __fp_mpack
                0x00005652                __fp_mpack_finite
 .text.avr-libc.fplib
                0x0000566a       0x22 c:/program files (x86)/atmel/atmel toolchain/avr8 gcc/native/3.4.1061/avr8-gnu-toolchain/bin/../lib/gcc/avr/4.8.1/../../../../avr/lib/avr5\libm.a(fp_powsodd.o)
                0x0000566a                __fp_powsodd
 .text.avr-libc
                0x0000568c      0x6f6 c:/program files (x86)/atmel/atmel toolchain/avr8 gcc/native/3.4.1061/avr8-gnu-toolchain/bin/../lib/gcc/avr/4.8.1/../../../../avr/lib/avr5\libprintf_flt.a(vfprintf_flt.o)
                0x0000568c                vfprintf
 .text.avr-libc.fplib
                0x00005d82       0x74 c:/program files (x86)/atmel/atmel toolchain/avr8 gcc/native/3.4.1061/avr8-gnu-toolchain/bin/../lib/gcc/avr/4.8.1/../../../../avr/lib/avr5\libm.a(lrint.o)
                0x00005d82                lrint
 .text.avr-libc.fplib
                0x00005df6       0x98 c:/program files (x86)/atmel/atmel toolchain/avr8 gcc/native/3.4.1061/avr8-gnu-toolchain/bin/../lib/gcc/avr/4.8.1/../../../../avr/lib/avr5\libm.a(pow.o)
                0x00005df6                pow
 .text.avr-libc.fplib
                0x00005e8e       0x62 c:/program files (x86)/atmel/atmel toolchain/avr8 gcc/native/3.4.1061/avr8-gnu-toolchain/bin/../lib/gcc/avr/4.8.1/../../../../avr/lib/avr5\libm.a(exp.o)
                0x00005e98                exp
 .text.avr-libc.fplib
                0x00005ef0       0x6c c:/program files (x86)/atmel/atmel toolchain/avr8 gcc/native/3.4.1061/avr8-gnu-toolchain/bin/../lib/gcc/avr/4.8.1/../../../../avr/lib/avr5\libm.a(ldexp.o)
                0x00005ef4                ldexp
 .text.avr-libc.fplib
                0x00005f5c       0x8a c:/program files (x86)/atmel/atmel toolchain/avr8 gcc/native/3.4.1061/avr8-gnu-toolchain/bin/../lib/gcc/avr/4.8.1/../../../../avr/lib/avr5\libm.a(log.o)
                0x00005f66                log
 .text.avr-libc.fplib
                0x00005fe6       0x66 c:/program files (x86)/atmel/atmel toolchain/avr8 gcc/native/3.4.1061/avr8-gnu-toolchain/bin/../lib/gcc/avr/4.8.1/../../../../avr/lib/avr5\libm.a(modf.o)
                0x00005fe6                modf
                0x00005fe6                modff
 .text.libgcc.mul
                0x0000604c       0x20 c:/program files (x86)/atmel/atmel toolchain/avr8 gcc/native/3.4.1061/avr8-gnu-toolchain/bin/../lib/gcc/avr/4.8.1/avr5\libgcc.a(_mulsi3.o)
                0x0000604c                __mulsi3
 .text.libgcc.div
                0x0000606c       0x28 c:/program files (x86)/atmel/atmel toolchain/avr8 gcc/native/3.4.1061/avr8-gnu-toolchain/bin/../lib/gcc/avr/4.8.1/avr5\libgcc.a(_divmodhi4.o)
                0x0000606c                _div
                0x0000606c                __divmodhi4
 .text.libgcc.div
                0x00006094       0x44 c:/program files (x86)/atmel/atmel toolchain/avr8 gcc/native/3.4.1061/avr8-gnu-toolchain/bin/../lib/gcc/avr/4.8.1/avr5\libgcc.a(_udivmodsi4.o)
                0x00006094                __udivmodsi4
 .text.libgcc.mul
                0x000060d8       0x16 c:/program files (x86)/atmel/atmel toolchain/avr8 gcc/native/3.4.1061/avr8-gnu-toolchain/bin/../lib/gcc/avr/4.8.1/avr5\libgcc.a(_muluhisi3.o)
                0x000060d8                __muluhisi3
 .text.libgcc.prologue
                0x000060ee       0x38 c:/program files (x86)/atmel/atmel toolchain/avr8 gcc/native/3.4.1061/avr8-gnu-toolchain/bin/../lib/gcc/avr/4.8.1/avr5\libgcc.a(_prologue.o)
                0x000060ee                __prologue_saves__
 .text.libgcc.prologue
                0x00006126       0x36 c:/program files (x86)/atmel/atmel toolchain/avr8 gcc/native/3.4.1061/avr8-gnu-toolchain/bin/../lib/gcc/avr/4.8.1/avr5\libgcc.a(_epilogue.o)
                0x00006126                __epilogue_restores__
 .text.libgcc.div
                0x0000615c       0x28 c:/program files (x86)/atmel/atmel toolchain/avr8 gcc/native/3.4.1061/avr8-gnu-toolchain/bin/../lib/gcc/avr/4.8.1/avr5\libgcc.a(_udivmodhi4.o)
                0x0000615c                __udivmodhi4
 .text.libgcc.mul
                0x00006184       0x1e c:/program files (x86)/atmel/atmel toolchain/avr8 gcc/native/3.4.1061/avr8-gnu-toolchain/bin/../lib/gcc/avr/4.8.1/avr5\libgcc.a(_umulhisi3.o)
                0x00006184                __umulhisi3
 .text.avr-libc
                0x000061a2      0x24e c:/program files (x86)/atmel/atmel toolchain/avr8 gcc/native/3.4.1061/avr8-gnu-toolchain/bin/../lib/gcc/avr/4.8.1/../../../../avr/lib/avr5\libc.a(malloc.o)
                0x000061a2                malloc
                0x000062d2                free
 .text.avr-libc
                0x000063f0       0xbc c:/program files (x86)/atmel/atmel toolchain/avr8 gcc/native/3.4.1061/avr8-gnu-toolchain/bin/../lib/gcc/avr/4.8.1/../../../../avr/lib/avr5\libc.a(rand.o)
                0x00006486                rand_r
                0x0000648c                rand
                0x00006496                srand
 .text.avr-libc
                0x000064ac      0x1b0 c:/program files (x86)/atmel/atmel toolchain/avr8 gcc/native/3.4.1061/avr8-gnu-toolchain/bin/../lib/gcc/avr/4.8.1/../../../../avr/lib/avr5\libc.a(ftoa_engine.o)
                0x000064ac                __ftoa_engine
 .text.avr-libc
                0x0000665c       0x16 c:/program files (x86)/atmel/atmel toolchain/avr8 gcc/native/3.4.1061/avr8-gnu-toolchain/bin/../lib/gcc/avr/4.8.1/../../../../avr/lib/avr5\libc.a(strnlen_P.o)
                0x0000665c                strnlen_P
 .text.avr-libc
                0x00006672       0x16 c:/program files (x86)/atmel/atmel toolchain/avr8 gcc/native/3.4.1061/avr8-gnu-toolchain/bin/../lib/gcc/avr/4.8.1/../../../../avr/lib/avr5\libc.a(strnlen.o)
                0x00006672                strnlen
 .text.avr-libc
                0x00006688       0x64 c:/program files (x86)/atmel/atmel toolchain/avr8 gcc/native/3.4.1061/avr8-gnu-toolchain/bin/../lib/gcc/avr/4.8.1/../../../../avr/lib/avr5\libc.a(fputc.o)
                0x00006688                fputc
 .text.avr-libc
                0x000066ec       0x28 c:/program files (x86)/atmel/atmel toolchain/avr8 gcc/native/3.4.1061/avr8-gnu-toolchain/bin/../lib/gcc/avr/4.8.1/../../../../avr/lib/avr5\libc.a(printf.o)
                0x000066ec                printf
 .text.avr-libc
                0x00006714       0x5a c:/program files (x86)/atmel/atmel toolchain/avr8 gcc/native/3.4.1061/avr8-gnu-toolchain/bin/../lib/gcc/avr/4.8.1/../../../../avr/lib/avr5\libc.a(puts.o)
                0x00006714                puts
 .text.avr-libc
                0x0000676e       0xbc c:/program files (x86)/atmel/atmel toolchain/avr8 gcc/native/3.4.1061/avr8-gnu-toolchain/bin/../lib/gcc/avr/4.8.1/../../../../avr/lib/avr5\libc.a(ultoa_invert.o)
                0x0000676e                __ultoa_invert
 .text.libgcc.div
                0x0000682a       0x2e c:/program files (x86)/atmel/atmel toolchain/avr8 gcc/native/3.4.1061/avr8-gnu-toolchain/bin/../lib/gcc/avr/4.8.1/avr5\libgcc.a(_divmodsi4.o)
                0x0000682a                __divmodsi4
 .text.libgcc.div
                0x00006858       0x10 c:/program files (x86)/atmel/atmel toolchain/avr8 gcc/native/3.4.1061/avr8-gnu-toolchain/bin/../lib/gcc/avr/4.8.1/avr5\libgcc.a(_negsi2.o)
                0x00006858                __negsi2
 .text.libgcc.mul
                0x00006868       0x10 c:/program files (x86)/atmel/atmel toolchain/avr8 gcc/native/3.4.1061/avr8-gnu-toolchain/bin/../lib/gcc/avr/4.8.1/avr5\libgcc.a(_mulshisi3.o)
                0x00006868                __mulshisi3
                0x0000686e                __mulohisi3
                0x00006878                . = ALIGN (0x2)
 *(.fini9)
 .fini9         0x00006878        0x0 c:/program files (x86)/atmel/atmel toolchain/avr8 gcc/native/3.4.1061/avr8-gnu-toolchain/bin/../lib/gcc/avr/4.8.1/avr5\libgcc.a(_exit.o)
                0x00006878                _exit
                0x00006878                exit
 *(.fini9)
 *(.fini8)
 *(.fini8)
 *(.fini7)
 *(.fini7)
 *(.fini6)
 *(.fini6)
 *(.fini5)
 *(.fini5)
 *(.fini4)
 *(.fini4)
 *(.fini3)
 *(.fini3)
 *(.fini2)
 *(.fini2)
 *(.fini1)
 *(.fini1)
 *(.fini0)
 .fini0         0x00006878        0x4 c:/program files (x86)/atmel/atmel toolchain/avr8 gcc/native/3.4.1061/avr8-gnu-toolchain/bin/../lib/gcc/avr/4.8.1/avr5\libgcc.a(_exit.o)
 *(.fini0)
                0x0000687c                _etext = .

.data           0x00800100      0x29c load address 0x0000687c
                0x00800100                PROVIDE (__data_start, .)
 *(.data)
 .data          0x00800100        0x1 ../../../../../../Software/libraries/libcapi324v221\libcapi324v221.a(ADC_set_channel.o)
 .data          0x00800101        0x8 ../../../../../../Software/libraries/libcapi324v221\libcapi324v221.a(STEPPER_globals.o)
                0x00800101                Motor_L_LUT
                0x00800105                Motor_R_LUT
 .data          0x00800109        0x6 ../../../../../../Software/libraries/libcapi324v221\libcapi324v221.a(ATTINY_get_SW_state.o)
 .data          0x0080010f        0xe ../../../../../../Software/libraries/libcapi324v221\libcapi324v221.a(LCD_globals.o)
                0x0080010f                LCD_stdout
 .data          0x0080011d        0x6 c:/program files (x86)/atmel/atmel toolchain/avr8 gcc/native/3.4.1061/avr8-gnu-toolchain/bin/../lib/gcc/avr/4.8.1/../../../../avr/lib/avr5\libc.a(malloc.o)
                0x0080011d                __malloc_heap_end
                0x0080011f                __malloc_heap_start
                0x00800121                __malloc_margin
 .data          0x00800123        0x4 c:/program files (x86)/atmel/atmel toolchain/avr8 gcc/native/3.4.1061/avr8-gnu-toolchain/bin/../lib/gcc/avr/4.8.1/../../../../avr/lib/avr5\libc.a(rand.o)
 *(.data*)
 *(.rodata)
 *(.rodata*)
 .rodata.str1.1
                0x00800127      0x275 lab4demo.o
 *(.gnu.linkonce.d*)
                0x0080039c                . = ALIGN (0x2)
                0x0080039c                _edata = .
                0x0080039c                PROVIDE (__data_end, .)

.bss            0x0080039c       0xfc
                0x0080039c                PROVIDE (__bss_start, .)
 *(.bss)
 .bss           0x0080039c        0x2 ../../../../../../Software/libraries/libcapi324v221\libcapi324v221.a(STEPPER_step.o)
 .bss           0x0080039e        0xe ../../../../../../Software/libraries/libcapi324v221\libcapi324v221.a(ATTINY_get_SW_state.o)
 .bss           0x008003ac       0x40 ../../../../../../Software/libraries/libcapi324v221\libcapi324v221.a(ISR_globals.o)
                0x008003ac                CBOT_ISR_vtable
 .bss           0x008003ec       0x10 ../../../../../../Software/libraries/libcapi324v221\libcapi324v221.a(SPI_globals.o)
                0x008003ec                spi_config_func_LUT
 .bss           0x008003fc       0x10 ../../../../../../Software/libraries/libcapi324v221\libcapi324v221.a(SPKR_globals.o)
                0x008003fc                tone_mode_active
                0x008003fd                beep_mode_active
                0x008003fe                spkr_accum32
                0x00800402                spkr_freq
                0x00800406                beep_accum16
                0x00800408                beep_freq
                0x0080040a                p_Freq_LUT
 .bss           0x0080040c        0x2 ../../../../../../Software/libraries/libcapi324v221\libcapi324v221.a(TMRSRVC_globals.o)
                0x0080040c                timer_busy_status
                0x0080040d                timer_run_status
 .bss           0x0080040e        0x1 ../../../../../../Software/libraries/libcapi324v221\libcapi324v221.a(STEPPER_process_run_mode.o)
 .bss           0x0080040f        0x4 ../../../../../../Software/libraries/libcapi324v221\libcapi324v221.a(STEPPER_process_pwm.o)
 *(.bss*)
 .bss.yo        0x00800413        0x4 lab4demo.o
                0x00800413                yo
 .bss.xo        0x00800417        0x4 lab4demo.o
                0x00800417                xo
 *(COMMON)
 COMMON         0x0080041b       0x39 ../../../../../../Software/libraries/libcapi324v221\libcapi324v221.a(STEPPER_globals.o)
                0x0080041b                STEPPER_params
                0x00800452                step_done
 COMMON         0x00800454       0x13 ../../../../../../Software/libraries/libcapi324v221\libcapi324v221.a(SYS_globals.o)
                0x00800454                CBOT_system
 COMMON         0x00800467        0x5 ../../../../../../Software/libraries/libcapi324v221\libcapi324v221.a(LCD_globals.o)
                0x00800467                LCD_params
 COMMON         0x0080046c        0x1 ../../../../../../Software/libraries/libcapi324v221\libcapi324v221.a(SPI_globals.o)
                0x0080046c                curr_spi_addr
 COMMON         0x0080046d       0x1e ../../../../../../Software/libraries/libcapi324v221\libcapi324v221.a(ATTINY_globals.o)
                0x0080046d                ATTINY_params
 COMMON         0x0080048b        0x3 ../../../../../../Software/libraries/libcapi324v221\libcapi324v221.a(TMRSRVC_globals.o)
                0x0080048b                tmrNodes
 COMMON         0x0080048e        0x4 c:/program files (x86)/atmel/atmel toolchain/avr8 gcc/native/3.4.1061/avr8-gnu-toolchain/bin/../lib/gcc/avr/4.8.1/../../../../avr/lib/avr5\libc.a(malloc.o)
                0x0080048e                __brkval
                0x00800490                __flp
 COMMON         0x00800492        0x6 c:/program files (x86)/atmel/atmel toolchain/avr8 gcc/native/3.4.1061/avr8-gnu-toolchain/bin/../lib/gcc/avr/4.8.1/../../../../avr/lib/avr5\libc.a(iob.o)
                0x00800492                __iob
                0x00800498                PROVIDE (__bss_end, .)
                0x0000687c                __data_load_start = LOADADDR (.data)
                0x00006b18                __data_load_end = (__data_load_start + SIZEOF (.data))

.noinit         0x00800498        0x0
                0x00800498                PROVIDE (__noinit_start, .)
 *(.noinit*)
                0x00800498                PROVIDE (__noinit_end, .)
                0x00800498                _end = .
                0x00800498                PROVIDE (__heap_start, .)

.eeprom         0x00810000        0x0
 *(.eeprom*)
                0x00810000                __eeprom_end = .

.fuse
 *(.fuse)
 *(.lfuse)
 *(.hfuse)
 *(.efuse)

.lock
 *(.lock*)

.signature
 *(.signature*)

.user_signatures
 *(.user_signatures*)

.stab
 *(.stab)

.stabstr
 *(.stabstr)

.stab.excl
 *(.stab.excl)

.stab.exclstr
 *(.stab.exclstr)

.stab.index
 *(.stab.index)

.stab.indexstr
 *(.stab.indexstr)

.comment        0x00000000       0x5c
 *(.comment)
 .comment       0x00000000       0x30 lab4demo.o
                                 0x31 (size before relaxing)
 .comment       0x00000030       0x2c c:/program files (x86)/atmel/atmel toolchain/avr8 gcc/native/3.4.1061/avr8-gnu-toolchain/bin/../lib/gcc/avr/4.8.1/../../../../avr/lib/avr5\libprintf_flt.a(vfprintf_flt.o)
                                 0x2d (size before relaxing)
 .comment       0x00000000       0x31 c:/program files (x86)/atmel/atmel toolchain/avr8 gcc/native/3.4.1061/avr8-gnu-toolchain/bin/../lib/gcc/avr/4.8.1/../../../../avr/lib/avr5\libc.a(malloc.o)
 .comment       0x00000000       0x31 c:/program files (x86)/atmel/atmel toolchain/avr8 gcc/native/3.4.1061/avr8-gnu-toolchain/bin/../lib/gcc/avr/4.8.1/../../../../avr/lib/avr5\libc.a(rand.o)
 .comment       0x00000000       0x31 c:/program files (x86)/atmel/atmel toolchain/avr8 gcc/native/3.4.1061/avr8-gnu-toolchain/bin/../lib/gcc/avr/4.8.1/../../../../avr/lib/avr5\libc.a(fputc.o)
 .comment       0x00000000       0x31 c:/program files (x86)/atmel/atmel toolchain/avr8 gcc/native/3.4.1061/avr8-gnu-toolchain/bin/../lib/gcc/avr/4.8.1/../../../../avr/lib/avr5\libc.a(iob.o)
 .comment       0x00000000       0x31 c:/program files (x86)/atmel/atmel toolchain/avr8 gcc/native/3.4.1061/avr8-gnu-toolchain/bin/../lib/gcc/avr/4.8.1/../../../../avr/lib/avr5\libc.a(printf.o)
 .comment       0x00000000       0x31 c:/program files (x86)/atmel/atmel toolchain/avr8 gcc/native/3.4.1061/avr8-gnu-toolchain/bin/../lib/gcc/avr/4.8.1/../../../../avr/lib/avr5\libc.a(puts.o)

.note.gnu.build-id
 *(.note.gnu.build-id)

.debug
 *(.debug)

.line
 *(.line)

.debug_srcinfo
 *(.debug_srcinfo)

.debug_sfnames
 *(.debug_sfnames)

.debug_aranges  0x00000000       0xf8
 *(.debug_aranges)
 .debug_aranges
                0x00000000       0xf8 lab4demo.o

.debug_pubnames
 *(.debug_pubnames)

.debug_info     0x00000000     0x3316
 *(.debug_info .gnu.linkonce.wi.*)
 .debug_info    0x00000000     0x3316 lab4demo.o

.debug_abbrev   0x00000000      0x3c4
 *(.debug_abbrev)
 .debug_abbrev  0x00000000      0x3c4 lab4demo.o

.debug_line     0x00000000      0x763
 *(.debug_line .debug_line.* .debug_line_end)
 .debug_line    0x00000000      0x763 lab4demo.o

.debug_frame    0x00000000      0x98c
 *(.debug_frame)
 .debug_frame   0x00000000      0x98c lab4demo.o

.debug_str      0x00000000      0x97c
 *(.debug_str)
 .debug_str     0x00000000      0x97c lab4demo.o
                                0x9ca (size before relaxing)

.debug_loc      0x00000000     0x39e6
 *(.debug_loc)
 .debug_loc     0x00000000     0x39e6 lab4demo.o

.debug_macinfo
 *(.debug_macinfo)

.debug_weaknames
 *(.debug_weaknames)

.debug_funcnames
 *(.debug_funcnames)

.debug_typenames
 *(.debug_typenames)

.debug_varnames
 *(.debug_varnames)

.debug_pubtypes
 *(.debug_pubtypes)

.debug_ranges   0x00000000       0xe8
 *(.debug_ranges)
 .debug_ranges  0x00000000       0xe8 lab4demo.o

.debug_macro
 *(.debug_macro)
OUTPUT(lab4demo.elf elf32-avr)
LOAD linker stubs
