Archive member included because of file (symbol)

../../../../../Libraries\libcapi324v221.a(CBOT_main.o)
                              c:/program files (x86)/atmel/atmel toolchain/avr8 gcc/native/3.4.1061/avr8-gnu-toolchain/bin/../lib/gcc/avr/4.8.1/../../../../avr/lib/avr51/crtm1284.o (main)
../../../../../Libraries\libcapi324v221.a(LCD_open.o)
                              HelloDolly.o (LCD_open)
../../../../../Libraries\libcapi324v221.a(LCD_set_backlight.o)
                              ../../../../../Libraries\libcapi324v221.a(LCD_open.o) (LCD_set_backlight)
../../../../../Libraries\libcapi324v221.a(LCD_set_next_PGC.o)
                              ../../../../../Libraries\libcapi324v221.a(LCD_open.o) (LCD_set_next_PGC)
../../../../../Libraries\libcapi324v221.a(LCD_set_PGC_addr.o)
                              ../../../../../Libraries\libcapi324v221.a(LCD_open.o) (LCD_set_PGC_addr)
../../../../../Libraries\libcapi324v221.a(LCD_write.o)
                              ../../../../../Libraries\libcapi324v221.a(LCD_open.o) (LCD_write)
../../../../../Libraries\libcapi324v221.a(SPI_set_slave_addr.o)
                              ../../../../../Libraries\libcapi324v221.a(LCD_set_backlight.o) (SPI_set_slave_addr)
../../../../../Libraries\libcapi324v221.a(SPI_transmit.o)
                              ../../../../../Libraries\libcapi324v221.a(LCD_set_backlight.o) (SPI_transmit)
../../../../../Libraries\libcapi324v221.a(SYS_get_state.o)
                              ../../../../../Libraries\libcapi324v221.a(LCD_open.o) (SYS_get_state)
../../../../../Libraries\libcapi324v221.a(SYS_globals.o)
                              ../../../../../Libraries\libcapi324v221.a(SYS_get_state.o) (CBOT_system)
../../../../../Libraries\libcapi324v221.a(SYS_set_state.o)
                              ../../../../../Libraries\libcapi324v221.a(LCD_open.o) (SYS_set_state)
../../../../../Libraries\libcapi324v221.a(CBOT_init.o)
                              ../../../../../Libraries\libcapi324v221.a(CBOT_main.o) (CBOT_init)
../../../../../Libraries\libcapi324v221.a(CBOT_isr.o)
                              ../../../../../Libraries\libcapi324v221.a(CBOT_main.o) (CBOT_ISR_init)
../../../../../Libraries\libcapi324v221.a(ISR_globals.o)
                              ../../../../../Libraries\libcapi324v221.a(CBOT_isr.o) (CBOT_ISR_vtable)
../../../../../Libraries\libcapi324v221.a(ISR_open.o)
                              ../../../../../Libraries\libcapi324v221.a(CBOT_init.o) (ISR_open)
../../../../../Libraries\libcapi324v221.a(LCD_clear.o)
                              ../../../../../Libraries\libcapi324v221.a(LCD_open.o) (LCD_clear)
../../../../../Libraries\libcapi324v221.a(LCD_globals.o)
                              ../../../../../Libraries\libcapi324v221.a(LCD_open.o) (LCD_stdout)
../../../../../Libraries\libcapi324v221.a(__LCD_init.o)
                              ../../../../../Libraries\libcapi324v221.a(LCD_open.o) (__LCD_init)
../../../../../Libraries\libcapi324v221.a(__LCD_putchar.o)
                              ../../../../../Libraries\libcapi324v221.a(LCD_globals.o) (__LCD_putchar)
../../../../../Libraries\libcapi324v221.a(ATMEGA_open.o)
                              ../../../../../Libraries\libcapi324v221.a(CBOT_init.o) (ATMEGA_open)
../../../../../Libraries\libcapi324v221.a(ATMEGA_set_clk_mode.o)
                              ../../../../../Libraries\libcapi324v221.a(ATMEGA_open.o) (ATMEGA_set_clk_mode)
../../../../../Libraries\libcapi324v221.a(SPI_globals.o)
                              ../../../../../Libraries\libcapi324v221.a(SPI_set_slave_addr.o) (spi_config_func_LUT)
../../../../../Libraries\libcapi324v221.a(SPI_open.o)
                              ../../../../../Libraries\libcapi324v221.a(CBOT_init.o) (SPI_open)
../../../../../Libraries\libcapi324v221.a(SPI_set_config_func.o)
                              ../../../../../Libraries\libcapi324v221.a(SPI_open.o) (SPI_set_config_func)
../../../../../Libraries\libcapi324v221.a(SPKR_close.o)
                              ../../../../../Libraries\libcapi324v221.a(__LCD_putchar.o) (SPKR_close)
../../../../../Libraries\libcapi324v221.a(SPKR_globals.o)
                              ../../../../../Libraries\libcapi324v221.a(SPKR_close.o) (tone_mode_active)
../../../../../Libraries\libcapi324v221.a(SPKR_open.o)
                              ../../../../../Libraries\libcapi324v221.a(__LCD_putchar.o) (SPKR_open)
../../../../../Libraries\libcapi324v221.a(SPKR_play_beep.o)
                              ../../../../../Libraries\libcapi324v221.a(__LCD_putchar.o) (SPKR_play_beep)
../../../../../Libraries\libcapi324v221.a(__SPKR_stop.o)
                              ../../../../../Libraries\libcapi324v221.a(SPKR_close.o) (__SPKR_stop)
../../../../../Libraries\libcapi324v221.a(SYS_init.o)
                              ../../../../../Libraries\libcapi324v221.a(CBOT_init.o) (SYS_init)
[...]
Memory Configuration

Name             Origin             Length             Attributes
text             0x00000000         0x00020000         xr
data             0x00800100         0x0000ff00         rw !x
eeprom           0x00810000         0x00010000         rw !x
fuse             0x00820000         0x00000400         rw !x
lock             0x00830000         0x00000400         rw !x
signature        0x00840000         0x00000400         rw !x
user_signatures  0x00850000         0x00000400         rw !x
*default*        0x00000000         0xffffffff

Linker script and memory map

Address of section .data set to 0x800100
LOAD c:/program files (x86)/atmel/atmel toolchain/avr8 gcc/native/3.4.1061/avr8-gnu-toolchain/bin/../lib/gcc/avr/4.8.1/../../../../avr/lib/avr51/crtm1284.o
LOAD HelloDolly.o
START GROUP
LOAD c:/program files (x86)/atmel/atmel toolchain/avr8 gcc/native/3.4.1061/avr8-gnu-toolchain/bin/../lib/gcc/avr/4.8.1/../../../../avr/lib/avr51\libm.a
LOAD c:/program files (x86)/atmel/atmel toolchain/avr8 gcc/native/3.4.1061/avr8-gnu-toolchain/bin/../lib/gcc/avr/4.8.1/../../../../avr/lib/avr51\libm.a
LOAD ../../../../../Libraries\libcapi324v221.a
LOAD c:/program files (x86)/atmel/atmel toolchain/avr8 gcc/native/3.4.1061/avr8-gnu-toolchain/bin/../lib/gcc/avr/4.8.1/../../../../avr/lib/avr51\libprintf_flt.a
END GROUP
START GROUP
LOAD c:/program files (x86)/atmel/atmel toolchain/avr8 gcc/native/3.4.1061/avr8-gnu-toolchain/bin/../lib/gcc/avr/4.8.1/avr51\libgcc.a
LOAD c:/program files (x86)/atmel/atmel toolchain/avr8 gcc/native/3.4.1061/avr8-gnu-toolchain/bin/../lib/gcc/avr/4.8.1/../../../../avr/lib/avr51\libm.a
LOAD c:/program files (x86)/atmel/atmel toolchain/avr8 gcc/native/3.4.1061/avr8-gnu-toolchain/bin/../lib/gcc/avr/4.8.1/../../../../avr/lib/avr51\libc.a
END GROUP

.hash
 *(.hash)

.dynsym
 *(.dynsym)

.dynstr
 *(.dynstr)

.gnu.version
 *(.gnu.version)

.gnu.version_d
 *(.gnu.version_d)

.gnu.version_r
 *(.gnu.version_r)

.rel.init
 *(.rel.init)

.rela.init
 *(.rela.init)

.rel.text
 *(.rel.text)
 *(.rel.text.*)
 *(.rel.gnu.linkonce.t*)

.rela.text
 *(.rela.text)
 *(.rela.text.*)
 *(.rela.gnu.linkonce.t*)

.rel.fini
 *(.rel.fini)

.rela.fini
 *(.rela.fini)

.rel.rodata
 *(.rel.rodata)
 *(.rel.rodata.*)
 *(.rel.gnu.linkonce.r*)

.rela.rodata
 *(.rela.rodata)
 *(.rela.rodata.*)
 *(.rela.gnu.linkonce.r*)

.rel.data
 *(.rel.data)
 *(.rel.data.*)
 *(.rel.gnu.linkonce.d*)

.rela.data
 *(.rela.data)
 *(.rela.data.*)
 *(.rela.gnu.linkonce.d*)

.rel.ctors
 *(.rel.ctors)

.rela.ctors
 *(.rela.ctors)

.rel.dtors
 *(.rel.dtors)

.rela.dtors
 *(.rela.dtors)

.rel.got
 *(.rel.got)

.rela.got
 *(.rela.got)

.rel.bss
 *(.rel.bss)

.rela.bss
 *(.rela.bss)

.rel.plt
 *(.rel.plt)

.rela.plt
 *(.rela.plt)

.text           0x00000000     0x33fe
 *(.vectors)
 .vectors       0x00000000       0x8c c:/program files (x86)/atmel/atmel toolchain/avr8 gcc/native/3.4.1061/avr8-gnu-toolchain/bin/../lib/gcc/avr/4.8.1/../../../../avr/lib/avr51/crtm1284.o
                0x00000000                __vector_default
                0x00000000                __vectors
 *(.vectors)
 *(.progmem.gcc*)
 .progmem.gcc_sw_table
                0x0000008c       0x26 ../../../../../Libraries\libcapi324v221.a(SYS_get_state.o)
 .progmem.gcc_sw_table
                0x000000b2       0x26 ../../../../../Libraries\libcapi324v221.a(SYS_set_state.o)
 .progmem.gcc_fplib
                0x000000d8       0x28 c:/program files (x86)/atmel/atmel toolchain/avr8 gcc/native/3.4.1061/avr8-gnu-toolchain/bin/../lib/gcc/avr/4.8.1/../../../../avr/lib/avr51\libm.a(exp.o)
 .progmem.gcc_fplib
                0x00000100       0x5a c:/program files (x86)/atmel/atmel toolchain/avr8 gcc/native/3.4.1061/avr8-gnu-toolchain/bin/../lib/gcc/avr/4.8.1/../../../../avr/lib/avr51\libm.a(log.o)
                0x0000015a                . = ALIGN (0x2)
                0x0000015a                __trampolines_start = .
 *(.trampolines)
 .trampolines   0x0000015a        0x0 linker stubs
 *(.trampolines*)
                0x0000015a                __trampolines_end = .
 *(.progmem*)
 .progmem.data  0x0000015a      0x415 ../../../../../Libraries\libcapi324v221.a(LCD_globals.o)
                0x0000015a                char_bitmap
                0x0000036f                CEENBoT_Inc_logo_bitmap
 .progmem.data  0x0000056f        0x8 c:/program files (x86)/atmel/atmel toolchain/avr8 gcc/native/3.4.1061/avr8-gnu-toolchain/bin/../lib/gcc/avr/4.8.1/../../../../avr/lib/avr51\libprintf_flt.a(vfprintf_flt.o)
 .progmem.data  0x00000577       0xfa c:/program files (x86)/atmel/atmel toolchain/avr8 gcc/native/3.4.1061/avr8-gnu-toolchain/bin/../lib/gcc/avr/4.8.1/../../../../avr/lib/avr51\libc.a(ftoa_engine.o)
                0x00000672                . = ALIGN (0x2)
 *fill*         0x00000671        0x1 
 *(.jumptables)
 *(.jumptables*)
 *(.lowtext)
 *(.lowtext*)
                0x00000672                __ctors_start = .
 *(.ctors)
                0x00000672                __ctors_end = .
                0x00000672                __dtors_start = .
 *(.dtors)
                0x00000672                __dtors_end = .
 SORT(*)(.ctors)
 SORT(*)(.dtors)
 *(.init0)
 .init0         0x00000672        0x0 c:/program files (x86)/atmel/atmel toolchain/avr8 gcc/native/3.4.1061/avr8-gnu-toolchain/bin/../lib/gcc/avr/4.8.1/../../../../avr/lib/avr51/crtm1284.o
                0x00000672                __init
 *(.init0)
 *(.init1)
 *(.init1)
 *(.init2)
 .init2         0x00000672        0xc c:/program files (x86)/atmel/atmel toolchain/avr8 gcc/native/3.4.1061/avr8-gnu-toolchain/bin/../lib/gcc/avr/4.8.1/../../../../avr/lib/avr51/crtm1284.o
 *(.init2)
 *(.init3)
 *(.init3)
 *(.init4)
 .init4         0x0000067e       0x1a c:/program files (x86)/atmel/atmel toolchain/avr8 gcc/native/3.4.1061/avr8-gnu-toolchain/bin/../lib/gcc/avr/4.8.1/avr51\libgcc.a(_copy_data.o)
                0x0000067e                __do_copy_data
 .init4         0x00000698       0x10 c:/program files (x86)/atmel/atmel toolchain/avr8 gcc/native/3.4.1061/avr8-gnu-toolchain/bin/../lib/gcc/avr/4.8.1/avr51\libgcc.a(_clear_bss.o)
                0x00000698                __do_clear_bss
 *(.init4)
 *(.init5)
 *(.init5)
 *(.init6)
 *(.init6)
 *(.init7)
 *(.init7)
 *(.init8)
 *(.init8)
 *(.init9)
 .init9         0x000006a8        0x6 c:/program files (x86)/atmel/atmel toolchain/avr8 gcc/native/3.4.1061/avr8-gnu-toolchain/bin/../lib/gcc/avr/4.8.1/../../../../avr/lib/avr51/crtm1284.o
 *(.init9)
 *(.text)
 .text          0x000006ae        0x2 c:/program files (x86)/atmel/atmel toolchain/avr8 gcc/native/3.4.1061/avr8-gnu-toolchain/bin/../lib/gcc/avr/4.8.1/../../../../avr/lib/avr51/crtm1284.o
                0x000006ae                __vector_22
                0x000006ae                __vector_28
                0x000006ae                __vector_1
                0x000006ae                __vector_32
                0x000006ae                __vector_34
                0x000006ae                __vector_24
                0x000006ae                __bad_interrupt
                0x000006ae                __vector_31
                0x000006ae                __vector_3
                0x000006ae                __vector_23
                0x000006ae                __vector_30
                0x000006ae                __vector_25
                0x000006ae                __vector_19
                0x000006ae                __vector_27
                0x000006ae                __vector_33
                0x000006ae                __vector_2
                0x000006ae                __vector_21
                0x000006ae                __vector_29
                0x000006ae                __vector_8
                0x000006ae                __vector_26
                0x000006ae                __vector_20
 .text          0x000006b0        0xe ../../../../../Libraries\libcapi324v221.a(CBOT_main.o)
                0x000006b0                main
 .text          0x000006be       0xd6 ../../../../../Libraries\libcapi324v221.a(LCD_open.o)
                0x000006be                LCD_open
 .text          0x00000794       0x36 ../../../../../Libraries\libcapi324v221.a(LCD_set_backlight.o)
                0x00000794                LCD_set_backlight
 .text          0x000007ca        0xe ../../../../../Libraries\libcapi324v221.a(LCD_set_next_PGC.o)
                0x000007ca                LCD_set_next_PGC
 .text          0x000007d8       0x2c ../../../../../Libraries\libcapi324v221.a(LCD_set_PGC_addr.o)
                0x000007d8                LCD_set_PGC_addr
 .text          0x00000804       0x32 ../../../../../Libraries\libcapi324v221.a(LCD_write.o)
                0x00000804                LCD_write
 .text          0x00000836       0xa0 ../../../../../Libraries\libcapi324v221.a(SPI_set_slave_addr.o)
                0x00000836                SPI_set_slave_addr
 .text          0x000008d6       0x1a ../../../../../Libraries\libcapi324v221.a(SPI_transmit.o)
                0x000008d6                SPI_transmit
 .text          0x000008f0       0x90 ../../../../../Libraries\libcapi324v221.a(SYS_get_state.o)
                0x000008f0                SYS_get_state
 .text          0x00000980       0x8e ../../../../../Libraries\libcapi324v221.a(SYS_set_state.o)
                0x00000980                SYS_set_state
 .text          0x00000a0e       0x10 ../../../../../Libraries\libcapi324v221.a(CBOT_init.o)
                0x00000a0e                CBOT_init
 .text          0x00000a1e      0x480 ../../../../../Libraries\libcapi324v221.a(CBOT_isr.o)
                0x00000a1e                CBOT_ISR_init
                0x00000a22                __vector_16
                0x00000a74                __vector_17
                0x00000ac6                __vector_18
                0x00000b18                __vector_9
                0x00000b6a                __vector_10
                0x00000bbc                __vector_11
                0x00000c0e                __vector_13
                0x00000c60                __vector_14
                0x00000cb2                __vector_12
                0x00000d04                __vector_15
                0x00000d56                __vector_4
                0x00000da8                __vector_5
                0x00000dfa                __vector_6
                0x00000e4c                __vector_7
 .text          0x00000e9e       0x24 ../../../../../Libraries\libcapi324v221.a(ISR_open.o)
                0x00000e9e                ISR_open
 .text          0x00000ec2       0x32 ../../../../../Libraries\libcapi324v221.a(LCD_clear.o)
                0x00000ec2                LCD_clear
 .text          0x00000ef4        0x4 ../../../../../Libraries\libcapi324v221.a(__LCD_init.o)
                0x00000ef4                __LCD_init
 .text          0x00000ef8      0x14a ../../../../../Libraries\libcapi324v221.a(__LCD_putchar.o)
                0x00000ef8                __LCD_putchar
 .text          0x00001042       0x1c ../../../../../Libraries\libcapi324v221.a(ATMEGA_open.o)
                0x00001042                ATMEGA_open
 .text          0x0000105e       0xa6 ../../../../../Libraries\libcapi324v221.a(ATMEGA_set_clk_mode.o)
                0x0000105e                ATMEGA_set_clk_mode
 .text          0x00001104       0x5c ../../../../../Libraries\libcapi324v221.a(SPI_open.o)
                0x00001104                SPI_open
 .text          0x00001160       0x12 ../../../../../Libraries\libcapi324v221.a(SPI_set_config_func.o)
                0x00001160                SPI_set_config_func
 .text          0x00001172       0x5e ../../../../../Libraries\libcapi324v221.a(SPKR_close.o)
                0x00001172                __SPKR_close_beep_mode
                0x00001188                __SPKR_close_tone_mode
                0x000011c2                SPKR_close
 .text          0x000011d0      0x122 ../../../../../Libraries\libcapi324v221.a(SPKR_open.o)
                0x000011d0                __SPKR_set_up_freq_LUT
                0x0000126e                __SPKR_open_beep_mode
                0x00001294                __SPKR_open_tone_mode
                0x000012e0                SPKR_open
 .text          0x000012f2       0x92 ../../../../../Libraries\libcapi324v221.a(SPKR_play_beep.o)
                0x000012f2                SPKR_play_beep
 .text          0x00001384        0xc ../../../../../Libraries\libcapi324v221.a(__SPKR_stop.o)
                0x00001384                __SPKR_stop
 .text          0x00001390       0x46 ../../../../../Libraries\libcapi324v221.a(SYS_init.o)
                0x00001390                SYS_init
 .text          0x000013d6       0x9a ../../../../../Libraries\libcapi324v221.a(ATTINY_open.o)
                0x000013d6                ATTINY_open
 .text          0x00001470       0x40 ../../../../../Libraries\libcapi324v221.a(TMRSRVC_delay.o)
                0x00001470                TMRSRVC_delay
 .text          0x000014b0       0x78 ../../../../../Libraries\libcapi324v221.a(TMRSRVC_new.o)
                0x000014b0                TMRSRVC_new
 .text          0x00001528       0x34 ../../../../../Libraries\libcapi324v221.a(TMRSRVC_open.o)
                0x00001528                TMRSRVC_open
 .text          0x0000155c        0xc ../../../../../Libraries\libcapi324v221.a(__TMRSRVC_start.o)
                0x0000155c                __TMRSRVC_start
 .text          0x00001568       0x22 ../../../../../Libraries\libcapi324v221.a(__ISR_attach.o)
                0x00001568                __ISR_attach
 .text          0x0000158a       0x28 ../../../../../Libraries\libcapi324v221.a(ISR_attach.o)
                0x0000158a                ISR_attach
 .text          0x000015b2        0x6 ../../../../../Libraries\libcapi324v221.a(__ATMEGA_init.o)
                0x000015b2                __ATMEGA_init
 .text          0x000015b8       0x52 ../../../../../Libraries\libcapi324v221.a(SPI_cfgrs.o)
                0x000015b8                SPI_default_config
                0x000015c8                SPI_ATtiny0_config
                0x000015d8                SPI_PSXC_config
                0x000015e8                SPI_LCD_config
                0x000015f8                SPI_FLASH_config
 .text          0x0000160a        0xe ../../../../../Libraries\libcapi324v221.a(__SPI_init.o)
                0x0000160a                __SPI_init
 .text          0x00001618        0x4 ../../../../../Libraries\libcapi324v221.a(ISR__SPKR__TIMER1_COMPA_vect.o)
                0x00001618                __SPKR_TIMER1_COMPA_vect
 .text          0x0000161c       0x2e ../../../../../Libraries\libcapi324v221.a(SPKR_beep.o)
                0x0000161c                SPKR_beep
 .text          0x0000164a       0x82 ../../../../../Libraries\libcapi324v221.a(SPKR_clk.o)
                0x0000164a                SPKR_clk
 .text          0x000016cc       0x38 ../../../../../Libraries\libcapi324v221.a(__SPKR_close.o)
                0x000016cc                __SPKR_close
 .text          0x00001704       0x54 ../../../../../Libraries\libcapi324v221.a(__SPKR_init.o)
                0x00001704                __SPKR_init
 .text          0x00001758        0x6 ../../../../../Libraries\libcapi324v221.a(ISR__TIMER0_COMPA_vect.o)
                0x00001758                __TIMER0_COMPA_vect
 .text          0x0000175e       0x12 ../../../../../Libraries\libcapi324v221.a(__TMRSRVC_init.o)
                0x0000175e                __TMRSRVC_init
 .text          0x00001770       0xd0 ../../../../../Libraries\libcapi324v221.a(__TMRSRVC_insert.o)
                0x00001770                TMRSRVC_insert
 .text          0x00001840        0x8 ../../../../../Libraries\libcapi324v221.a(TMRSRVC_start.o)
                0x00001840                TMRSRVC_start
 .text          0x00001848       0x2e ../../../../../Libraries\libcapi324v221.a(TMRSRVC_tick.o)
                0x00001848                TMRSRVC_tick
 .text          0x00001876       0x4e ../../../../../Libraries\libcapi324v221.a(SPKR_beep_clk.o)
                0x00001876                SPKR_beep_clk
 .text          0x000018c4      0x15c ../../../../../Libraries\libcapi324v221.a(STEPPER_clk.o)
                0x000018c4                STEPPER_clk
 .text          0x00001a20       0x8a ../../../../../Libraries\libcapi324v221.a(STEPPER_process_accel.o)
                0x00001a20                STEPPER_process_accel
 .text          0x00001aaa      0x1fc ../../../../../Libraries\libcapi324v221.a(STEPPER_process_run_mode.o)
                0x00001aaa                STEPPER_process_run_mode
 .text          0x00001ca6       0xa4 ../../../../../Libraries\libcapi324v221.a(STEPPER_process_step_mode.o)
                0x00001ca6                STEPPER_process_step_mode
 .text          0x00001d4a       0x44 ../../../../../Libraries\libcapi324v221.a(STEPPER_set_speed.o)
                0x00001d4a                STEPPER_set_speed
 .text          0x00001d8e       0x46 ../../../../../Libraries\libcapi324v221.a(STEPPER_stop.o)
                0x00001d8e                STEPPER_stop
 .text          0x00001dd4       0xd2 ../../../../../Libraries\libcapi324v221.a(TMRSRVC_process.o)
                0x00001dd4                TMRSRVC_process
 .text          0x00001ea6        0x6 ../../../../../Libraries\libcapi324v221.a(TMRSRVC_stop.o)
                0x00001ea6                TMRSRVC_stop
 .text          0x00001eac      0x130 ../../../../../Libraries\libcapi324v221.a(STEPPER_process_pwm.o)
                0x00001eac                STEPPER_process_pwm
 .text          0x00001fdc       0x36 ../../../../../Libraries\libcapi324v221.a(STEPPER_set_steps.o)
                0x00001fdc                STEPPER_set_steps
                0x00002012                . = ALIGN (0x2)
 *(.text.*)
 .text.CBOT_main
                0x00002012       0x16 HelloDolly.o
                0x00002012                CBOT_main
 .text.avr-libc
                0x00002028      0x716 c:/program files (x86)/atmel/atmel toolchain/avr8 gcc/native/3.4.1061/avr8-gnu-toolchain/bin/../lib/gcc/avr/4.8.1/../../../../avr/lib/avr51\libprintf_flt.a(vfprintf_flt.o)
                0x00002028                vfprintf
 .text.avr-libc.fplib
                0x0000273e        0x4 c:/program files (x86)/atmel/atmel toolchain/avr8 gcc/native/3.4.1061/avr8-gnu-toolchain/bin/../lib/gcc/avr/4.8.1/../../../../avr/lib/avr51\libm.a(divsf3.o)
                0x0000273e                __divsf3
 .text.avr-libc.fplib
                0x00002742       0xcc c:/program files (x86)/atmel/atmel toolchain/avr8 gcc/native/3.4.1061/avr8-gnu-toolchain/bin/../lib/gcc/avr/4.8.1/../../../../avr/lib/avr51\libm.a(divsf3x.o)
                0x00002758                __divsf3x
                0x0000275c                __divsf3_pse
 .text.avr-libc.fplib
                0x0000280e       0x7a c:/program files (x86)/atmel/atmel toolchain/avr8 gcc/native/3.4.1061/avr8-gnu-toolchain/bin/../lib/gcc/avr/4.8.1/../../../../avr/lib/avr51\libm.a(floatsisf.o)
                0x0000280e                __floatunsisf
                0x00002812                __floatsisf
 .text.avr-libc.fplib
                0x00002888        0xc c:/program files (x86)/atmel/atmel toolchain/avr8 gcc/native/3.4.1061/avr8-gnu-toolchain/bin/../lib/gcc/avr/4.8.1/../../../../avr/lib/avr51\libm.a(fp_inf.o)
                0x00002888                __fp_inf
 .text.avr-libc.fplib
                0x00002894        0x6 c:/program files (x86)/atmel/atmel toolchain/avr8 gcc/native/3.4.1061/avr8-gnu-toolchain/bin/../lib/gcc/avr/4.8.1/../../../../avr/lib/avr51\libm.a(fp_nan.o)
                0x00002894                __fp_nan
 .text.avr-libc.fplib
                0x0000289a        0xe c:/program files (x86)/atmel/atmel toolchain/avr8 gcc/native/3.4.1061/avr8-gnu-toolchain/bin/../lib/gcc/avr/4.8.1/../../../../avr/lib/avr51\libm.a(fp_pscA.o)
                0x0000289a                __fp_pscA
 .text.avr-libc.fplib
                0x000028a8        0xe c:/program files (x86)/atmel/atmel toolchain/avr8 gcc/native/3.4.1061/avr8-gnu-toolchain/bin/../lib/gcc/avr/4.8.1/../../../../avr/lib/avr51\libm.a(fp_pscB.o)
                0x000028a8                __fp_pscB
 .text.avr-libc.fplib
                0x000028b6       0x22 c:/program files (x86)/atmel/atmel toolchain/avr8 gcc/native/3.4.1061/avr8-gnu-toolchain/bin/../lib/gcc/avr/4.8.1/../../../../avr/lib/avr51\libm.a(fp_round.o)
                0x000028b6                __fp_round
 .text.avr-libc.fplib
                0x000028d8       0x44 c:/program files (x86)/atmel/atmel toolchain/avr8 gcc/native/3.4.1061/avr8-gnu-toolchain/bin/../lib/gcc/avr/4.8.1/../../../../avr/lib/avr51\libm.a(fp_split3.o)
                0x000028d8                __fp_split3
                0x000028e8                __fp_splitA
 .text.avr-libc.fplib
                0x0000291c        0xe c:/program files (x86)/atmel/atmel toolchain/avr8 gcc/native/3.4.1061/avr8-gnu-toolchain/bin/../lib/gcc/avr/4.8.1/../../../../avr/lib/avr51\libm.a(fp_zero.o)
                0x0000291c                __fp_zero
                0x0000291e                __fp_szero
 .text.avr-libc.fplib
                0x0000292a       0x74 c:/program files (x86)/atmel/atmel toolchain/avr8 gcc/native/3.4.1061/avr8-gnu-toolchain/bin/../lib/gcc/avr/4.8.1/../../../../avr/lib/avr51\libm.a(lrint.o)
                0x0000292a                lrint
 .text.avr-libc.fplib
                0x0000299e        0x4 c:/program files (x86)/atmel/atmel toolchain/avr8 gcc/native/3.4.1061/avr8-gnu-toolchain/bin/../lib/gcc/avr/4.8.1/../../../../avr/lib/avr51\libm.a(mulsf3.o)
                0x0000299e                __mulsf3
 .text.avr-libc.fplib
                0x000029a2       0xc2 c:/program files (x86)/atmel/atmel toolchain/avr8 gcc/native/3.4.1061/avr8-gnu-toolchain/bin/../lib/gcc/avr/4.8.1/../../../../avr/lib/avr51\libm.a(mulsf3x.o)
                0x000029b6                __mulsf3x
                0x000029ba                __mulsf3_pse
 .text.avr-libc.fplib
                0x00002a64       0x98 c:/program files (x86)/atmel/atmel toolchain/avr8 gcc/native/3.4.1061/avr8-gnu-toolchain/bin/../lib/gcc/avr/4.8.1/../../../../avr/lib/avr51\libm.a(pow.o)
                0x00002a64                pow
 .text.avr-libc.fplib
                0x00002afc       0x62 c:/program files (x86)/atmel/atmel toolchain/avr8 gcc/native/3.4.1061/avr8-gnu-toolchain/bin/../lib/gcc/avr/4.8.1/../../../../avr/lib/avr51\libm.a(exp.o)
                0x00002b06                exp
 .text.avr-libc.fplib
                0x00002b5e       0x4a c:/program files (x86)/atmel/atmel toolchain/avr8 gcc/native/3.4.1061/avr8-gnu-toolchain/bin/../lib/gcc/avr/4.8.1/../../../../avr/lib/avr51\libm.a(fp_powser.o)
                0x00002b5e                __fp_powser
 .text.avr-libc.fplib
                0x00002ba8        0xe c:/program files (x86)/atmel/atmel toolchain/avr8 gcc/native/3.4.1061/avr8-gnu-toolchain/bin/../lib/gcc/avr/4.8.1/../../../../avr/lib/avr51\libm.a(inverse.o)
                0x00002ba8                inverse
 .text.avr-libc.fplib
                0x00002bb6       0x6c c:/program files (x86)/atmel/atmel toolchain/avr8 gcc/native/3.4.1061/avr8-gnu-toolchain/bin/../lib/gcc/avr/4.8.1/../../../../avr/lib/avr51\libm.a(ldexp.o)
                0x00002bba                ldexp
 .text.avr-libc.fplib
                0x00002c22       0x8a c:/program files (x86)/atmel/atmel toolchain/avr8 gcc/native/3.4.1061/avr8-gnu-toolchain/bin/../lib/gcc/avr/4.8.1/../../../../avr/lib/avr51\libm.a(log.o)
                0x00002c2c                log
 .text.avr-libc.fplib
                0x00002cac       0x66 c:/program files (x86)/atmel/atmel toolchain/avr8 gcc/native/3.4.1061/avr8-gnu-toolchain/bin/../lib/gcc/avr/4.8.1/../../../../avr/lib/avr51\libm.a(modf.o)
                0x00002cac                modf
                0x00002cac                modff
 .text.avr-libc.fplib
                0x00002d12        0xa c:/program files (x86)/atmel/atmel toolchain/avr8 gcc/native/3.4.1061/avr8-gnu-toolchain/bin/../lib/gcc/avr/4.8.1/../../../../avr/lib/avr51\libm.a(addsf3.o)
                0x00002d12                __subsf3
                0x00002d14                __addsf3
 .text.avr-libc.fplib
                0x00002d1c       0xc0 c:/program files (x86)/atmel/atmel toolchain/avr8 gcc/native/3.4.1061/avr8-gnu-toolchain/bin/../lib/gcc/avr/4.8.1/../../../../avr/lib/avr51\libm.a(addsf3x.o)
                0x00002d36                __addsf3x
 .text.avr-libc.fplib
                0x00002ddc       0x1c c:/program files (x86)/atmel/atmel toolchain/avr8 gcc/native/3.4.1061/avr8-gnu-toolchain/bin/../lib/gcc/avr/4.8.1/../../../../avr/lib/avr51\libm.a(fp_mpack.o)
                0x00002ddc                __fp_mpack
                0x00002de0                __fp_mpack_finite
 .text.libgcc.mul
                0x00002df8       0x1e c:/program files (x86)/atmel/atmel toolchain/avr8 gcc/native/3.4.1061/avr8-gnu-toolchain/bin/../lib/gcc/avr/4.8.1/avr51\libgcc.a(_mulsi3.o)
                0x00002df8                __mulsi3
 .text.libgcc.div
                0x00002e16       0x44 c:/program files (x86)/atmel/atmel toolchain/avr8 gcc/native/3.4.1061/avr8-gnu-toolchain/bin/../lib/gcc/avr/4.8.1/avr51\libgcc.a(_udivmodsi4.o)
                0x00002e16                __udivmodsi4
 .text.libgcc.mul
                0x00002e5a       0x14 c:/program files (x86)/atmel/atmel toolchain/avr8 gcc/native/3.4.1061/avr8-gnu-toolchain/bin/../lib/gcc/avr/4.8.1/avr51\libgcc.a(_muluhisi3.o)
                0x00002e5a                __muluhisi3
 .text.libgcc.mul
                0x00002e6e       0x1e c:/program files (x86)/atmel/atmel toolchain/avr8 gcc/native/3.4.1061/avr8-gnu-toolchain/bin/../lib/gcc/avr/4.8.1/avr51\libgcc.a(_umulhisi3.o)
                0x00002e6e                __umulhisi3
 .text.avr-libc
                0x00002e8c      0x24e c:/program files (x86)/atmel/atmel toolchain/avr8 gcc/native/3.4.1061/avr8-gnu-toolchain/bin/../lib/gcc/avr/4.8.1/../../../../avr/lib/avr51\libc.a(malloc.o)
                0x00002e8c                malloc
                0x00002fbc                free
 .text.avr-libc
                0x000030da      0x1b0 c:/program files (x86)/atmel/atmel toolchain/avr8 gcc/native/3.4.1061/avr8-gnu-toolchain/bin/../lib/gcc/avr/4.8.1/../../../../avr/lib/avr51\libc.a(ftoa_engine.o)
                0x000030da                __ftoa_engine
 .text.avr-libc
                0x0000328a       0x16 c:/program files (x86)/atmel/atmel toolchain/avr8 gcc/native/3.4.1061/avr8-gnu-toolchain/bin/../lib/gcc/avr/4.8.1/../../../../avr/lib/avr51\libc.a(strnlen_P.o)
                0x0000328a                strnlen_P
 .text.avr-libc
                0x000032a0       0x16 c:/program files (x86)/atmel/atmel toolchain/avr8 gcc/native/3.4.1061/avr8-gnu-toolchain/bin/../lib/gcc/avr/4.8.1/../../../../avr/lib/avr51\libc.a(strnlen.o)
                0x000032a0                strnlen
 .text.avr-libc
                0x000032b6       0x64 c:/program files (x86)/atmel/atmel toolchain/avr8 gcc/native/3.4.1061/avr8-gnu-toolchain/bin/../lib/gcc/avr/4.8.1/../../../../avr/lib/avr51\libc.a(fputc.o)
                0x000032b6                fputc
 .text.avr-libc
                0x0000331a       0x24 c:/program files (x86)/atmel/atmel toolchain/avr8 gcc/native/3.4.1061/avr8-gnu-toolchain/bin/../lib/gcc/avr/4.8.1/../../../../avr/lib/avr51\libc.a(printf.o)
                0x0000331a                printf
 .text.avr-libc
                0x0000333e       0xbc c:/program files (x86)/atmel/atmel toolchain/avr8 gcc/native/3.4.1061/avr8-gnu-toolchain/bin/../lib/gcc/avr/4.8.1/../../../../avr/lib/avr51\libc.a(ultoa_invert.o)
                0x0000333e                __ultoa_invert
                0x000033fa                . = ALIGN (0x2)
 *(.fini9)
 .fini9         0x000033fa        0x0 c:/program files (x86)/atmel/atmel toolchain/avr8 gcc/native/3.4.1061/avr8-gnu-toolchain/bin/../lib/gcc/avr/4.8.1/avr51\libgcc.a(_exit.o)
                0x000033fa                _exit
                0x000033fa                exit
 *(.fini9)
 *(.fini8)
 *(.fini8)
 *(.fini7)
 *(.fini7)
 *(.fini6)
 *(.fini6)
 *(.fini5)
 *(.fini5)
 *(.fini4)
 *(.fini4)
 *(.fini3)
 *(.fini3)
 *(.fini2)
 *(.fini2)
 *(.fini1)
 *(.fini1)
 *(.fini0)
 .fini0         0x000033fa        0x4 c:/program files (x86)/atmel/atmel toolchain/avr8 gcc/native/3.4.1061/avr8-gnu-toolchain/bin/../lib/gcc/avr/4.8.1/avr51\libgcc.a(_exit.o)
 *(.fini0)
                0x000033fe                _etext = .

.data           0x00800100       0x2a load address 0x000033fe
                0x00800100                PROVIDE (__data_start, .)
 *(.data)
 .data          0x00800100        0xe ../../../../../Libraries\libcapi324v221.a(LCD_globals.o)
                0x00800100                LCD_stdout
 .data          0x0080010e        0x8 ../../../../../Libraries\libcapi324v221.a(STEPPER_globals.o)
                0x0080010e                Motor_L_LUT
                0x00800112                Motor_R_LUT
 .data          0x00800116        0x6 c:/program files (x86)/atmel/atmel toolchain/avr8 gcc/native/3.4.1061/avr8-gnu-toolchain/bin/../lib/gcc/avr/4.8.1/../../../../avr/lib/avr51\libc.a(malloc.o)
                0x00800116                __malloc_heap_end
                0x00800118                __malloc_heap_start
                0x0080011a                __malloc_margin
 *(.data*)
 *(.rodata)
 *(.rodata*)
 .rodata.str1.1
                0x0080011c        0xe HelloDolly.o
 *(.gnu.linkonce.d*)
                0x0080012a                . = ALIGN (0x2)
                0x0080012a                _edata = .
                0x0080012a                PROVIDE (__data_end, .)

.bss            0x0080012a       0xe4
                0x0080012a                PROVIDE (__bss_start, .)
 *(.bss)
 .bss           0x0080012a       0x40 ../../../../../Libraries\libcapi324v221.a(ISR_globals.o)
                0x0080012a                CBOT_ISR_vtable
 .bss           0x0080016a       0x10 ../../../../../Libraries\libcapi324v221.a(SPI_globals.o)
                0x0080016a                spi_config_func_LUT
 .bss           0x0080017a       0x10 ../../../../../Libraries\libcapi324v221.a(SPKR_globals.o)
                0x0080017a                tone_mode_active
                0x0080017b                beep_mode_active
                0x0080017c                spkr_accum32
                0x00800180                spkr_freq
                0x00800184                beep_accum16
                0x00800186                beep_freq
                0x00800188                p_Freq_LUT
 .bss           0x0080018a        0x2 ../../../../../Libraries\libcapi324v221.a(TMRSRVC_globals.o)
                0x0080018a                timer_busy_status
                0x0080018b                timer_run_status
 .bss           0x0080018c        0x1 ../../../../../Libraries\libcapi324v221.a(STEPPER_process_run_mode.o)
 .bss           0x0080018d        0x4 ../../../../../Libraries\libcapi324v221.a(STEPPER_process_pwm.o)
 *(.bss*)
 *(COMMON)
 COMMON         0x00800191       0x13 ../../../../../Libraries\libcapi324v221.a(SYS_globals.o)
                0x00800191                CBOT_system
 COMMON         0x008001a4        0x5 ../../../../../Libraries\libcapi324v221.a(LCD_globals.o)
                0x008001a4                LCD_params
 COMMON         0x008001a9        0x1 ../../../../../Libraries\libcapi324v221.a(SPI_globals.o)
                0x008001a9                curr_spi_addr
 COMMON         0x008001aa       0x1e ../../../../../Libraries\libcapi324v221.a(ATTINY_globals.o)
                0x008001aa                ATTINY_params
 COMMON         0x008001c8        0x3 ../../../../../Libraries\libcapi324v221.a(TMRSRVC_globals.o)
                0x008001c8                tmrNodes
 COMMON         0x008001cb       0x39 ../../../../../Libraries\libcapi324v221.a(STEPPER_globals.o)
                0x008001cb                STEPPER_params
                0x00800202                step_done
 COMMON         0x00800204        0x4 c:/program files (x86)/atmel/atmel toolchain/avr8 gcc/native/3.4.1061/avr8-gnu-toolchain/bin/../lib/gcc/avr/4.8.1/../../../../avr/lib/avr51\libc.a(malloc.o)
                0x00800204                __brkval
                0x00800206                __flp
 COMMON         0x00800208        0x6 c:/program files (x86)/atmel/atmel toolchain/avr8 gcc/native/3.4.1061/avr8-gnu-toolchain/bin/../lib/gcc/avr/4.8.1/../../../../avr/lib/avr51\libc.a(iob.o)
                0x00800208                __iob
                0x0080020e                PROVIDE (__bss_end, .)
                0x000033fe                __data_load_start = LOADADDR (.data)
                0x00003428                __data_load_end = (__data_load_start + SIZEOF (.data))

.noinit         0x0080020e        0x0
                0x0080020e                PROVIDE (__noinit_start, .)
 *(.noinit*)
                0x0080020e                PROVIDE (__noinit_end, .)
                0x0080020e                _end = .
                0x0080020e                PROVIDE (__heap_start, .)

.eeprom         0x00810000        0x0
 *(.eeprom*)
                0x00810000                __eeprom_end = .

.fuse
 *(.fuse)
 *(.lfuse)
 *(.hfuse)
 *(.efuse)

.lock
 *(.lock*)

.signature
 *(.signature*)

.user_signatures
 *(.user_signatures*)

.stab
 *(.stab)

.stabstr
 *(.stabstr)

.stab.excl
 *(.stab.excl)

.stab.exclstr
 *(.stab.exclstr)

.stab.index
 *(.stab.index)

.stab.indexstr
 *(.stab.indexstr)

.comment        0x00000000       0x5c
 *(.comment)
 .comment       0x00000000       0x30 HelloDolly.o
                                 0x31 (size before relaxing)
 .comment       0x00000030       0x2c c:/program files (x86)/atmel/atmel toolchain/avr8 gcc/native/3.4.1061/avr8-gnu-toolchain/bin/../lib/gcc/avr/4.8.1/../../../../avr/lib/avr51\libprintf_flt.a(vfprintf_flt.o)
                                 0x2d (size before relaxing)
 .comment       0x00000000       0x31 c:/program files (x86)/atmel/atmel toolchain/avr8 gcc/native/3.4.1061/avr8-gnu-toolchain/bin/../lib/gcc/avr/4.8.1/../../../../avr/lib/avr51\libc.a(malloc.o)
 .comment       0x00000000       0x31 c:/program files (x86)/atmel/atmel toolchain/avr8 gcc/native/3.4.1061/avr8-gnu-toolchain/bin/../lib/gcc/avr/4.8.1/../../../../avr/lib/avr51\libc.a(fputc.o)
 .comment       0x00000000       0x31 c:/program files (x86)/atmel/atmel toolchain/avr8 gcc/native/3.4.1061/avr8-gnu-toolchain/bin/../lib/gcc/avr/4.8.1/../../../../avr/lib/avr51\libc.a(iob.o)
 .comment       0x00000000       0x31 c:/program files (x86)/atmel/atmel toolchain/avr8 gcc/native/3.4.1061/avr8-gnu-toolchain/bin/../lib/gcc/avr/4.8.1/../../../../avr/lib/avr51\libc.a(printf.o)

.note.gnu.build-id
 *(.note.gnu.build-id)

.debug
 *(.debug)

.line
 *(.line)

.debug_srcinfo
 *(.debug_srcinfo)

.debug_sfnames
 *(.debug_sfnames)

.debug_aranges  0x00000000       0x20
 *(.debug_aranges)
 .debug_aranges
                0x00000000       0x20 HelloDolly.o

.debug_pubnames
 *(.debug_pubnames)

.debug_info     0x00000000      0x1d7
 *(.debug_info .gnu.linkonce.wi.*)
 .debug_info    0x00000000      0x1d7 HelloDolly.o

.debug_abbrev   0x00000000       0xd8
 *(.debug_abbrev)
 .debug_abbrev  0x00000000       0xd8 HelloDolly.o

.debug_line     0x00000000       0xff
 *(.debug_line .debug_line.* .debug_line_end)
 .debug_line    0x00000000       0xff HelloDolly.o

.debug_frame    0x00000000       0x30
 *(.debug_frame)
 .debug_frame   0x00000000       0x30 HelloDolly.o

.debug_str      0x00000000      0x321
 *(.debug_str)
 .debug_str     0x00000000      0x321 HelloDolly.o
                                0x35a (size before relaxing)

.debug_loc      0x00000000       0x3c
 *(.debug_loc)
 .debug_loc     0x00000000       0x3c HelloDolly.o

.debug_macinfo
 *(.debug_macinfo)

.debug_weaknames
 *(.debug_weaknames)

.debug_funcnames
 *(.debug_funcnames)

.debug_typenames
 *(.debug_typenames)

.debug_varnames
 *(.debug_varnames)

.debug_pubtypes
 *(.debug_pubtypes)

.debug_ranges   0x00000000       0x10
 *(.debug_ranges)
 .debug_ranges  0x00000000       0x10 HelloDolly.o

.debug_macro
 *(.debug_macro)
OUTPUT(HelloDolly.elf elf32-avr)
LOAD linker stubs
