Archive member included because of file (symbol)

../../../../../Libraries\libcapi324v221.a(CBOT_main.o)
                              c:/program files (x86)/atmel/atmel toolchain/avr8 gcc/native/3.4.1061/avr8-gnu-toolchain/bin/../lib/gcc/avr/4.8.1/../../../../avr/lib/avr5/crtm324p.o (main)
../../../../../Libraries\libcapi324v221.a(LCD_open.o)
                              HelloDolly.o (LCD_open)
../../../../../Libraries\libcapi324v221.a(LCD_set_backlight.o)
                              ../../../../../Libraries\libcapi324v221.a(LCD_open.o) (LCD_set_backlight)
../../../../../Libraries\libcapi324v221.a(LCD_set_next_PGC.o)
                              ../../../../../Libraries\libcapi324v221.a(LCD_open.o) (LCD_set_next_PGC)
../../../../../Libraries\libcapi324v221.a(LCD_set_PGC_addr.o)
                              ../../../../../Libraries\libcapi324v221.a(LCD_open.o) (LCD_set_PGC_addr)
../../../../../Libraries\libcapi324v221.a(LCD_write.o)
                              ../../../../../Libraries\libcapi324v221.a(LCD_open.o) (LCD_write)
../../../../../Libraries\libcapi324v221.a(SPI_set_slave_addr.o)
                              ../../../../../Libraries\libcapi324v221.a(LCD_set_backlight.o) (SPI_set_slave_addr)
../../../../../Libraries\libcapi324v221.a(SPI_transmit.o)
                              ../../../../../Libraries\libcapi324v221.a(LCD_set_backlight.o) (SPI_transmit)
../../../../../Libraries\libcapi324v221.a(SYS_get_state.o)
                              ../../../../../Libraries\libcapi324v221.a(LCD_open.o) (SYS_get_state)
../../../../../Libraries\libcapi324v221.a(SYS_globals.o)
                              ../../../../../Libraries\libcapi324v221.a(SYS_get_state.o) (CBOT_system)
../../../../../Libraries\libcapi324v221.a(SYS_set_state.o)
                              ../../../../../Libraries\libcapi324v221.a(LCD_open.o) (SYS_set_state)
../../../../../Libraries\libcapi324v221.a(CBOT_init.o)
                              ../../../../../Libraries\libcapi324v221.a(CBOT_main.o) (CBOT_init)
../../../../../Libraries\libcapi324v221.a(CBOT_isr.o)
                              ../../../../../Libraries\libcapi324v221.a(CBOT_main.o) (CBOT_ISR_init)
../../../../../Libraries\libcapi324v221.a(ISR_globals.o)
                              ../../../../../Libraries\libcapi324v221.a(CBOT_isr.o) (CBOT_ISR_vtable)
../../../../../Libraries\libcapi324v221.a(ISR_open.o)
                              ../../../../../Libraries\libcapi324v221.a(CBOT_init.o) (ISR_open)
../../../../../Libraries\libcapi324v221.a(LCD_clear.o)
                              ../../../../../Libraries\libcapi324v221.a(LCD_open.o) (LCD_clear)
../../../../../Libraries\libcapi324v221.a(LCD_globals.o)
                              ../../../../../Libraries\libcapi324v221.a(LCD_open.o) (LCD_stdout)
../../../../../Libraries\libcapi324v221.a(__LCD_init.o)
                              ../../../../../Libraries\libcapi324v221.a(LCD_open.o) (__LCD_init)
../../../../../Libraries\libcapi324v221.a(__LCD_putchar.o)
                              ../../../../../Libraries\libcapi324v221.a(LCD_globals.o) (__LCD_putchar)
../../../../../Libraries\libcapi324v221.a(ATMEGA_open.o)
                              ../../../../../Libraries\libcapi324v221.a(CBOT_init.o) (ATMEGA_open)
../../../../../Libraries\libcapi324v221.a(ATMEGA_set_clk_mode.o)
                              ../../../../../Libraries\libcapi324v221.a(ATMEGA_open.o) (ATMEGA_set_clk_mode)
../../../../../Libraries\libcapi324v221.a(SPI_globals.o)
                              ../../../../../Libraries\libcapi324v221.a(SPI_set_slave_addr.o) (spi_config_func_LUT)
../../../../../Libraries\libcapi324v221.a(SPI_open.o)
                              ../../../../../Libraries\libcapi324v221.a(CBOT_init.o) (SPI_open)
../../../../../Libraries\libcapi324v221.a(SPI_set_config_func.o)
                              ../../../../../Libraries\libcapi324v221.a(SPI_open.o) (SPI_set_config_func)
../../../../../Libraries\libcapi324v221.a(SPKR_close.o)
                              ../../../../../Libraries\libcapi324v221.a(__LCD_putchar.o) (SPKR_close)
../../../../../Libraries\libcapi324v221.a(SPKR_globals.o)
                              ../../../../../Libraries\libcapi324v221.a(SPKR_close.o) (tone_mode_active)
../../../../../Libraries\libcapi324v221.a(SPKR_open.o)
                              ../../../../../Libraries\libcapi324v221.a(__LCD_putchar.o) (SPKR_open)
../../../../../Libraries\libcapi324v221.a(SPKR_play_beep.o)
                              ../../../../../Libraries\libcapi324v221.a(__LCD_putchar.o) (SPKR_play_beep)
../../../../../Libraries\libcapi324v221.a(__SPKR_stop.o)
                              ../../../../../Libraries\libcapi324v221.a(SPKR_close.o) (__SPKR_stop)
../../../../../Libraries\libcapi324v221.a(SYS_init.o)
                              ../../../../../Libraries\libcapi324v221.a(CBOT_init.o) (SYS_init)
../../../../../Libraries\libcapi324v221.a(ATTINY_open.o)
[...]
Memory Configuration

Name             Origin             Length             Attributes
text             0x00000000         0x00020000         xr
data             0x00800060         0x0000ffa0         rw !x
eeprom           0x00810000         0x00010000         rw !x
fuse             0x00820000         0x00000400         rw !x
lock             0x00830000         0x00000400         rw !x
signature        0x00840000         0x00000400         rw !x
user_signatures  0x00850000         0x00000400         rw !x
*default*        0x00000000         0xffffffff

Linker script and memory map

Address of section .data set to 0x800100
LOAD c:/program files (x86)/atmel/atmel toolchain/avr8 gcc/native/3.4.1061/avr8-gnu-toolchain/bin/../lib/gcc/avr/4.8.1/../../../../avr/lib/avr5/crtm324p.o
LOAD HelloDolly.o
START GROUP
LOAD c:/program files (x86)/atmel/atmel toolchain/avr8 gcc/native/3.4.1061/avr8-gnu-toolchain/bin/../lib/gcc/avr/4.8.1/../../../../avr/lib/avr5\libm.a
LOAD c:/program files (x86)/atmel/atmel toolchain/avr8 gcc/native/3.4.1061/avr8-gnu-toolchain/bin/../lib/gcc/avr/4.8.1/../../../../avr/lib/avr5\libm.a
LOAD ../../../../../Libraries\libcapi324v221.a
LOAD c:/program files (x86)/atmel/atmel toolchain/avr8 gcc/native/3.4.1061/avr8-gnu-toolchain/bin/../lib/gcc/avr/4.8.1/../../../../avr/lib/avr5\libprintf_flt.a
END GROUP
START GROUP
LOAD c:/program files (x86)/atmel/atmel toolchain/avr8 gcc/native/3.4.1061/avr8-gnu-toolchain/bin/../lib/gcc/avr/4.8.1/avr5\libgcc.a
LOAD c:/program files (x86)/atmel/atmel toolchain/avr8 gcc/native/3.4.1061/avr8-gnu-toolchain/bin/../lib/gcc/avr/4.8.1/../../../../avr/lib/avr5\libm.a
LOAD c:/program files (x86)/atmel/atmel toolchain/avr8 gcc/native/3.4.1061/avr8-gnu-toolchain/bin/../lib/gcc/avr/4.8.1/../../../../avr/lib/avr5\libc.a
END GROUP

.hash
 *(.hash)

.dynsym
 *(.dynsym)

.dynstr
 *(.dynstr)

.gnu.version
 *(.gnu.version)

.gnu.version_d
 *(.gnu.version_d)

.gnu.version_r
 *(.gnu.version_r)

.rel.init
 *(.rel.init)

.rela.init
 *(.rela.init)

.rel.text
 *(.rel.text)
 *(.rel.text.*)
 *(.rel.gnu.linkonce.t*)

.rela.text
 *(.rela.text)
 *(.rela.text.*)
 *(.rela.gnu.linkonce.t*)

.rel.fini
 *(.rel.fini)

.rela.fini
 *(.rela.fini)

.rel.rodata
 *(.rel.rodata)
 *(.rel.rodata.*)
 *(.rel.gnu.linkonce.r*)

.rela.rodata
 *(.rela.rodata)
 *(.rela.rodata.*)
 *(.rela.gnu.linkonce.r*)

.rel.data
 *(.rel.data)
 *(.rel.data.*)
 *(.rel.gnu.linkonce.d*)

.rela.data
 *(.rela.data)
 *(.rela.data.*)
 *(.rela.gnu.linkonce.d*)

.rel.ctors
 *(.rel.ctors)

.rela.ctors
 *(.rela.ctors)

.rel.dtors
 *(.rel.dtors)

.rela.dtors
 *(.rela.dtors)

.rel.got
 *(.rel.got)

.rela.got
 *(.rela.got)

.rel.bss
 *(.rel.bss)

.rela.bss
 *(.rela.bss)

.rel.plt
 *(.rel.plt)

.rela.plt
 *(.rela.plt)

.text           0x00000000     0x3402
 *(.vectors)
 .vectors       0x00000000       0x7c c:/program files (x86)/atmel/atmel toolchain/avr8 gcc/native/3.4.1061/avr8-gnu-toolchain/bin/../lib/gcc/avr/4.8.1/../../../../avr/lib/avr5/crtm324p.o
                0x00000000                __vector_default
                0x00000000                __vectors
 *(.vectors)
 *(.progmem.gcc*)
 .progmem.gcc_sw_table
                0x0000007c       0x26 ../../../../../Libraries\libcapi324v221.a(SYS_get_state.o)
 .progmem.gcc_sw_table
                0x000000a2       0x26 ../../../../../Libraries\libcapi324v221.a(SYS_set_state.o)
 .progmem.gcc_fplib
                0x000000c8       0x28 c:/program files (x86)/atmel/atmel toolchain/avr8 gcc/native/3.4.1061/avr8-gnu-toolchain/bin/../lib/gcc/avr/4.8.1/../../../../avr/lib/avr5\libm.a(exp.o)
 .progmem.gcc_fplib
                0x000000f0       0x5a c:/program files (x86)/atmel/atmel toolchain/avr8 gcc/native/3.4.1061/avr8-gnu-toolchain/bin/../lib/gcc/avr/4.8.1/../../../../avr/lib/avr5\libm.a(log.o)
                0x0000014a                . = ALIGN (0x2)
                0x0000014a                __trampolines_start = .
 *(.trampolines)
 .trampolines   0x0000014a        0x0 linker stubs
 *(.trampolines*)
                0x0000014a                __trampolines_end = .
 *(.progmem*)
 .progmem.data  0x0000014a      0x415 ../../../../../Libraries\libcapi324v221.a(LCD_globals.o)
                0x0000014a                char_bitmap
                0x0000035f                CEENBoT_Inc_logo_bitmap
 .progmem.data  0x0000055f        0x8 c:/program files (x86)/atmel/atmel toolchain/avr8 gcc/native/3.4.1061/avr8-gnu-toolchain/bin/../lib/gcc/avr/4.8.1/../../../../avr/lib/avr5\libprintf_flt.a(vfprintf_flt.o)
 .progmem.data  0x00000567       0xfa c:/program files (x86)/atmel/atmel toolchain/avr8 gcc/native/3.4.1061/avr8-gnu-toolchain/bin/../lib/gcc/avr/4.8.1/../../../../avr/lib/avr5\libc.a(ftoa_engine.o)
                0x00000662                . = ALIGN (0x2)
 *fill*         0x00000661        0x1 
 *(.jumptables)
 *(.jumptables*)
 *(.lowtext)
 *(.lowtext*)
                0x00000662                __ctors_start = .
 *(.ctors)
                0x00000662                __ctors_end = .
                0x00000662                __dtors_start = .
 *(.dtors)
                0x00000662                __dtors_end = .
 SORT(*)(.ctors)
 SORT(*)(.dtors)
 *(.init0)
 .init0         0x00000662        0x0 c:/program files (x86)/atmel/atmel toolchain/avr8 gcc/native/3.4.1061/avr8-gnu-toolchain/bin/../lib/gcc/avr/4.8.1/../../../../avr/lib/avr5/crtm324p.o
                0x00000662                __init
 *(.init0)
 *(.init1)
 *(.init1)
 *(.init2)
 .init2         0x00000662        0xc c:/program files (x86)/atmel/atmel toolchain/avr8 gcc/native/3.4.1061/avr8-gnu-toolchain/bin/../lib/gcc/avr/4.8.1/../../../../avr/lib/avr5/crtm324p.o
 *(.init2)
 *(.init3)
 *(.init3)
 *(.init4)
 .init4         0x0000066e       0x16 c:/program files (x86)/atmel/atmel toolchain/avr8 gcc/native/3.4.1061/avr8-gnu-toolchain/bin/../lib/gcc/avr/4.8.1/avr5\libgcc.a(_copy_data.o)
                0x0000066e                __do_copy_data
 .init4         0x00000684       0x10 c:/program files (x86)/atmel/atmel toolchain/avr8 gcc/native/3.4.1061/avr8-gnu-toolchain/bin/../lib/gcc/avr/4.8.1/avr5\libgcc.a(_clear_bss.o)
                0x00000684                __do_clear_bss
 *(.init4)
 *(.init5)
 *(.init5)
 *(.init6)
 *(.init6)
 *(.init7)
 *(.init7)
 *(.init8)
 *(.init8)
 *(.init9)
 .init9         0x00000694        0x6 c:/program files (x86)/atmel/atmel toolchain/avr8 gcc/native/3.4.1061/avr8-gnu-toolchain/bin/../lib/gcc/avr/4.8.1/../../../../avr/lib/avr5/crtm324p.o
 *(.init9)
 *(.text)
 .text          0x0000069a        0x2 c:/program files (x86)/atmel/atmel toolchain/avr8 gcc/native/3.4.1061/avr8-gnu-toolchain/bin/../lib/gcc/avr/4.8.1/../../../../avr/lib/avr5/crtm324p.o
                0x0000069a                __vector_22
                0x0000069a                __vector_28
                0x0000069a                __vector_1
                0x0000069a                __vector_24
                0x0000069a                __bad_interrupt
                0x0000069a                __vector_3
                0x0000069a                __vector_23
                0x0000069a                __vector_30
                0x0000069a                __vector_25
                0x0000069a                __vector_19
                0x0000069a                __vector_27
                0x0000069a                __vector_2
                0x0000069a                __vector_21
                0x0000069a                __vector_29
                0x0000069a                __vector_8
                0x0000069a                __vector_26
                0x0000069a                __vector_20
 .text          0x0000069c        0xe ../../../../../Libraries\libcapi324v221.a(CBOT_main.o)
                0x0000069c                main
 .text          0x000006aa       0xd6 ../../../../../Libraries\libcapi324v221.a(LCD_open.o)
                0x000006aa                LCD_open
 .text          0x00000780       0x36 ../../../../../Libraries\libcapi324v221.a(LCD_set_backlight.o)
                0x00000780                LCD_set_backlight
 .text          0x000007b6        0xe ../../../../../Libraries\libcapi324v221.a(LCD_set_next_PGC.o)
                0x000007b6                LCD_set_next_PGC
 .text          0x000007c4       0x2c ../../../../../Libraries\libcapi324v221.a(LCD_set_PGC_addr.o)
                0x000007c4                LCD_set_PGC_addr
 .text          0x000007f0       0x32 ../../../../../Libraries\libcapi324v221.a(LCD_write.o)
                0x000007f0                LCD_write
 .text          0x00000822       0xa0 ../../../../../Libraries\libcapi324v221.a(SPI_set_slave_addr.o)
                0x00000822                SPI_set_slave_addr
 .text          0x000008c2       0x1a ../../../../../Libraries\libcapi324v221.a(SPI_transmit.o)
                0x000008c2                SPI_transmit
 .text          0x000008dc       0x90 ../../../../../Libraries\libcapi324v221.a(SYS_get_state.o)
                0x000008dc                SYS_get_state
 .text          0x0000096c       0x8e ../../../../../Libraries\libcapi324v221.a(SYS_set_state.o)
                0x0000096c                SYS_set_state
 .text          0x000009fa       0x10 ../../../../../Libraries\libcapi324v221.a(CBOT_init.o)
                0x000009fa                CBOT_init
 .text          0x00000a0a      0x480 ../../../../../Libraries\libcapi324v221.a(CBOT_isr.o)
                0x00000a0a                CBOT_ISR_init
                0x00000a0e                __vector_16
                0x00000a60                __vector_17
                0x00000ab2                __vector_18
                0x00000b04                __vector_9
                0x00000b56                __vector_10
                0x00000ba8                __vector_11
                0x00000bfa                __vector_13
                0x00000c4c                __vector_14
                0x00000c9e                __vector_12
                0x00000cf0                __vector_15
                0x00000d42                __vector_4
                0x00000d94                __vector_5
                0x00000de6                __vector_6
                0x00000e38                __vector_7
 .text          0x00000e8a       0x24 ../../../../../Libraries\libcapi324v221.a(ISR_open.o)
                0x00000e8a                ISR_open
 .text          0x00000eae       0x32 ../../../../../Libraries\libcapi324v221.a(LCD_clear.o)
                0x00000eae                LCD_clear
 .text          0x00000ee0        0x4 ../../../../../Libraries\libcapi324v221.a(__LCD_init.o)
                0x00000ee0                __LCD_init
 .text          0x00000ee4      0x14a ../../../../../Libraries\libcapi324v221.a(__LCD_putchar.o)
                0x00000ee4                __LCD_putchar
 .text          0x0000102e       0x1c ../../../../../Libraries\libcapi324v221.a(ATMEGA_open.o)
                0x0000102e                ATMEGA_open
 .text          0x0000104a       0xa6 ../../../../../Libraries\libcapi324v221.a(ATMEGA_set_clk_mode.o)
                0x0000104a                ATMEGA_set_clk_mode
 .text          0x000010f0       0x5c ../../../../../Libraries\libcapi324v221.a(SPI_open.o)
                0x000010f0                SPI_open
 .text          0x0000114c       0x12 ../../../../../Libraries\libcapi324v221.a(SPI_set_config_func.o)
                0x0000114c                SPI_set_config_func
 .text          0x0000115e       0x5e ../../../../../Libraries\libcapi324v221.a(SPKR_close.o)
                0x0000115e                __SPKR_close_beep_mode
                0x00001174                __SPKR_close_tone_mode
                0x000011ae                SPKR_close
 .text          0x000011bc      0x122 ../../../../../Libraries\libcapi324v221.a(SPKR_open.o)
                0x000011bc                __SPKR_set_up_freq_LUT
                0x0000125a                __SPKR_open_beep_mode
                0x00001280                __SPKR_open_tone_mode
                0x000012cc                SPKR_open
 .text          0x000012de       0x92 ../../../../../Libraries\libcapi324v221.a(SPKR_play_beep.o)
                0x000012de                SPKR_play_beep
 .text          0x00001370        0xc ../../../../../Libraries\libcapi324v221.a(__SPKR_stop.o)
                0x00001370                __SPKR_stop
 .text          0x0000137c       0x46 ../../../../../Libraries\libcapi324v221.a(SYS_init.o)
                0x0000137c                SYS_init
 .text          0x000013c2       0x9a ../../../../../Libraries\libcapi324v221.a(ATTINY_open.o)
                0x000013c2                ATTINY_open
 .text          0x0000145c       0x40 ../../../../../Libraries\libcapi324v221.a(TMRSRVC_delay.o)
                0x0000145c                TMRSRVC_delay
 .text          0x0000149c       0x78 ../../../../../Libraries\libcapi324v221.a(TMRSRVC_new.o)
                0x0000149c                TMRSRVC_new
 .text          0x00001514       0x34 ../../../../../Libraries\libcapi324v221.a(TMRSRVC_open.o)
                0x00001514                TMRSRVC_open
 .text          0x00001548        0xc ../../../../../Libraries\libcapi324v221.a(__TMRSRVC_start.o)
                0x00001548                __TMRSRVC_start
 .text          0x00001554       0x22 ../../../../../Libraries\libcapi324v221.a(__ISR_attach.o)
                0x00001554                __ISR_attach
 .text          0x00001576       0x28 ../../../../../Libraries\libcapi324v221.a(ISR_attach.o)
                0x00001576                ISR_attach
 .text          0x0000159e        0x6 ../../../../../Libraries\libcapi324v221.a(__ATMEGA_init.o)
                0x0000159e                __ATMEGA_init
 .text          0x000015a4       0x52 ../../../../../Libraries\libcapi324v221.a(SPI_cfgrs.o)
                0x000015a4                SPI_default_config
                0x000015b4                SPI_ATtiny0_config
                0x000015c4                SPI_PSXC_config
                0x000015d4                SPI_LCD_config
                0x000015e4                SPI_FLASH_config
 .text          0x000015f6        0xe ../../../../../Libraries\libcapi324v221.a(__SPI_init.o)
                0x000015f6                __SPI_init
 .text          0x00001604        0x4 ../../../../../Libraries\libcapi324v221.a(ISR__SPKR__TIMER1_COMPA_vect.o)
                0x00001604                __SPKR_TIMER1_COMPA_vect
 .text          0x00001608       0x2e ../../../../../Libraries\libcapi324v221.a(SPKR_beep.o)
                0x00001608                SPKR_beep
 .text          0x00001636       0x82 ../../../../../Libraries\libcapi324v221.a(SPKR_clk.o)
                0x00001636                SPKR_clk
 .text          0x000016b8       0x38 ../../../../../Libraries\libcapi324v221.a(__SPKR_close.o)
                0x000016b8                __SPKR_close
 .text          0x000016f0       0x54 ../../../../../Libraries\libcapi324v221.a(__SPKR_init.o)
                0x000016f0                __SPKR_init
 .text          0x00001744        0x6 ../../../../../Libraries\libcapi324v221.a(ISR__TIMER0_COMPA_vect.o)
                0x00001744                __TIMER0_COMPA_vect
 .text          0x0000174a       0x12 ../../../../../Libraries\libcapi324v221.a(__TMRSRVC_init.o)
                0x0000174a                __TMRSRVC_init
 .text          0x0000175c       0xd0 ../../../../../Libraries\libcapi324v221.a(__TMRSRVC_insert.o)
                0x0000175c                TMRSRVC_insert
 .text          0x0000182c        0x8 ../../../../../Libraries\libcapi324v221.a(TMRSRVC_start.o)
                0x0000182c                TMRSRVC_start
 .text          0x00001834       0x2e ../../../../../Libraries\libcapi324v221.a(TMRSRVC_tick.o)
                0x00001834                TMRSRVC_tick
 .text          0x00001862       0x4e ../../../../../Libraries\libcapi324v221.a(SPKR_beep_clk.o)
                0x00001862                SPKR_beep_clk
 .text          0x000018b0      0x15c ../../../../../Libraries\libcapi324v221.a(STEPPER_clk.o)
                0x000018b0                STEPPER_clk
 .text          0x00001a0c       0x8a ../../../../../Libraries\libcapi324v221.a(STEPPER_process_accel.o)
                0x00001a0c                STEPPER_process_accel
 .text          0x00001a96      0x1fc ../../../../../Libraries\libcapi324v221.a(STEPPER_process_run_mode.o)
                0x00001a96                STEPPER_process_run_mode
 .text          0x00001c92       0xa4 ../../../../../Libraries\libcapi324v221.a(STEPPER_process_step_mode.o)
                0x00001c92                STEPPER_process_step_mode
 .text          0x00001d36       0x44 ../../../../../Libraries\libcapi324v221.a(STEPPER_set_speed.o)
                0x00001d36                STEPPER_set_speed
 .text          0x00001d7a       0x46 ../../../../../Libraries\libcapi324v221.a(STEPPER_stop.o)
                0x00001d7a                STEPPER_stop
 .text          0x00001dc0       0xd2 ../../../../../Libraries\libcapi324v221.a(TMRSRVC_process.o)
                0x00001dc0                TMRSRVC_process
 .text          0x00001e92        0x6 ../../../../../Libraries\libcapi324v221.a(TMRSRVC_stop.o)
                0x00001e92                TMRSRVC_stop
 .text          0x00001e98      0x130 ../../../../../Libraries\libcapi324v221.a(STEPPER_process_pwm.o)
                0x00001e98                STEPPER_process_pwm
 .text          0x00001fc8       0x36 ../../../../../Libraries\libcapi324v221.a(STEPPER_set_steps.o)
                0x00001fc8                STEPPER_set_steps
                0x00001ffe                . = ALIGN (0x2)
 *(.text.*)
 .text.CBOT_main
                0x00001ffe       0x16 HelloDolly.o
                0x00001ffe                CBOT_main
 .text.avr-libc
                0x00002014      0x6c0 c:/program files (x86)/atmel/atmel toolchain/avr8 gcc/native/3.4.1061/avr8-gnu-toolchain/bin/../lib/gcc/avr/4.8.1/../../../../avr/lib/avr5\libprintf_flt.a(vfprintf_flt.o)
                0x00002014                vfprintf
 .text.avr-libc.fplib
                0x000026d4        0x4 c:/program files (x86)/atmel/atmel toolchain/avr8 gcc/native/3.4.1061/avr8-gnu-toolchain/bin/../lib/gcc/avr/4.8.1/../../../../avr/lib/avr5\libm.a(divsf3.o)
                0x000026d4                __divsf3
 .text.avr-libc.fplib
                0x000026d8       0xcc c:/program files (x86)/atmel/atmel toolchain/avr8 gcc/native/3.4.1061/avr8-gnu-toolchain/bin/../lib/gcc/avr/4.8.1/../../../../avr/lib/avr5\libm.a(divsf3x.o)
                0x000026ee                __divsf3x
                0x000026f2                __divsf3_pse
 .text.avr-libc.fplib
                0x000027a4       0x7a c:/program files (x86)/atmel/atmel toolchain/avr8 gcc/native/3.4.1061/avr8-gnu-toolchain/bin/../lib/gcc/avr/4.8.1/../../../../avr/lib/avr5\libm.a(floatsisf.o)
                0x000027a4                __floatunsisf
                0x000027a8                __floatsisf
 .text.avr-libc.fplib
                0x0000281e        0xc c:/program files (x86)/atmel/atmel toolchain/avr8 gcc/native/3.4.1061/avr8-gnu-toolchain/bin/../lib/gcc/avr/4.8.1/../../../../avr/lib/avr5\libm.a(fp_inf.o)
                0x0000281e                __fp_inf
 .text.avr-libc.fplib
                0x0000282a        0x6 c:/program files (x86)/atmel/atmel toolchain/avr8 gcc/native/3.4.1061/avr8-gnu-toolchain/bin/../lib/gcc/avr/4.8.1/../../../../avr/lib/avr5\libm.a(fp_nan.o)
                0x0000282a                __fp_nan
 .text.avr-libc.fplib
                0x00002830        0xe c:/program files (x86)/atmel/atmel toolchain/avr8 gcc/native/3.4.1061/avr8-gnu-toolchain/bin/../lib/gcc/avr/4.8.1/../../../../avr/lib/avr5\libm.a(fp_pscA.o)
                0x00002830                __fp_pscA
 .text.avr-libc.fplib
                0x0000283e        0xe c:/program files (x86)/atmel/atmel toolchain/avr8 gcc/native/3.4.1061/avr8-gnu-toolchain/bin/../lib/gcc/avr/4.8.1/../../../../avr/lib/avr5\libm.a(fp_pscB.o)
                0x0000283e                __fp_pscB
 .text.avr-libc.fplib
                0x0000284c       0x22 c:/program files (x86)/atmel/atmel toolchain/avr8 gcc/native/3.4.1061/avr8-gnu-toolchain/bin/../lib/gcc/avr/4.8.1/../../../../avr/lib/avr5\libm.a(fp_round.o)
                0x0000284c                __fp_round
 .text.avr-libc.fplib
                0x0000286e       0x44 c:/program files (x86)/atmel/atmel toolchain/avr8 gcc/native/3.4.1061/avr8-gnu-toolchain/bin/../lib/gcc/avr/4.8.1/../../../../avr/lib/avr5\libm.a(fp_split3.o)
                0x0000286e                __fp_split3
                0x0000287e                __fp_splitA
 .text.avr-libc.fplib
                0x000028b2        0xe c:/program files (x86)/atmel/atmel toolchain/avr8 gcc/native/3.4.1061/avr8-gnu-toolchain/bin/../lib/gcc/avr/4.8.1/../../../../avr/lib/avr5\libm.a(fp_zero.o)
                0x000028b2                __fp_zero
                0x000028b4                __fp_szero
 .text.avr-libc.fplib
                0x000028c0       0x74 c:/program files (x86)/atmel/atmel toolchain/avr8 gcc/native/3.4.1061/avr8-gnu-toolchain/bin/../lib/gcc/avr/4.8.1/../../../../avr/lib/avr5\libm.a(lrint.o)
                0x000028c0                lrint
 .text.avr-libc.fplib
                0x00002934        0x4 c:/program files (x86)/atmel/atmel toolchain/avr8 gcc/native/3.4.1061/avr8-gnu-toolchain/bin/../lib/gcc/avr/4.8.1/../../../../avr/lib/avr5\libm.a(mulsf3.o)
                0x00002934                __mulsf3
 .text.avr-libc.fplib
                0x00002938       0xc2 c:/program files (x86)/atmel/atmel toolchain/avr8 gcc/native/3.4.1061/avr8-gnu-toolchain/bin/../lib/gcc/avr/4.8.1/../../../../avr/lib/avr5\libm.a(mulsf3x.o)
                0x0000294c                __mulsf3x
                0x00002950                __mulsf3_pse
 .text.avr-libc.fplib
                0x000029fa       0x98 c:/program files (x86)/atmel/atmel toolchain/avr8 gcc/native/3.4.1061/avr8-gnu-toolchain/bin/../lib/gcc/avr/4.8.1/../../../../avr/lib/avr5\libm.a(pow.o)
                0x000029fa                pow
 .text.avr-libc.fplib
                0x00002a92       0x62 c:/program files (x86)/atmel/atmel toolchain/avr8 gcc/native/3.4.1061/avr8-gnu-toolchain/bin/../lib/gcc/avr/4.8.1/../../../../avr/lib/avr5\libm.a(exp.o)
                0x00002a9c                exp
 .text.avr-libc.fplib
                0x00002af4       0x4a c:/program files (x86)/atmel/atmel toolchain/avr8 gcc/native/3.4.1061/avr8-gnu-toolchain/bin/../lib/gcc/avr/4.8.1/../../../../avr/lib/avr5\libm.a(fp_powser.o)
                0x00002af4                __fp_powser
 .text.avr-libc.fplib
                0x00002b3e        0xe c:/program files (x86)/atmel/atmel toolchain/avr8 gcc/native/3.4.1061/avr8-gnu-toolchain/bin/../lib/gcc/avr/4.8.1/../../../../avr/lib/avr5\libm.a(inverse.o)
                0x00002b3e                inverse
 .text.avr-libc.fplib
                0x00002b4c       0x6c c:/program files (x86)/atmel/atmel toolchain/avr8 gcc/native/3.4.1061/avr8-gnu-toolchain/bin/../lib/gcc/avr/4.8.1/../../../../avr/lib/avr5\libm.a(ldexp.o)
                0x00002b50                ldexp
 .text.avr-libc.fplib
                0x00002bb8       0x8a c:/program files (x86)/atmel/atmel toolchain/avr8 gcc/native/3.4.1061/avr8-gnu-toolchain/bin/../lib/gcc/avr/4.8.1/../../../../avr/lib/avr5\libm.a(log.o)
                0x00002bc2                log
 .text.avr-libc.fplib
                0x00002c42       0x66 c:/program files (x86)/atmel/atmel toolchain/avr8 gcc/native/3.4.1061/avr8-gnu-toolchain/bin/../lib/gcc/avr/4.8.1/../../../../avr/lib/avr5\libm.a(modf.o)
                0x00002c42                modf
                0x00002c42                modff
 .text.avr-libc.fplib
                0x00002ca8        0xa c:/program files (x86)/atmel/atmel toolchain/avr8 gcc/native/3.4.1061/avr8-gnu-toolchain/bin/../lib/gcc/avr/4.8.1/../../../../avr/lib/avr5\libm.a(addsf3.o)
                0x00002ca8                __subsf3
                0x00002caa                __addsf3
 .text.avr-libc.fplib
                0x00002cb2       0xc0 c:/program files (x86)/atmel/atmel toolchain/avr8 gcc/native/3.4.1061/avr8-gnu-toolchain/bin/../lib/gcc/avr/4.8.1/../../../../avr/lib/avr5\libm.a(addsf3x.o)
                0x00002ccc                __addsf3x
 .text.avr-libc.fplib
                0x00002d72       0x1c c:/program files (x86)/atmel/atmel toolchain/avr8 gcc/native/3.4.1061/avr8-gnu-toolchain/bin/../lib/gcc/avr/4.8.1/../../../../avr/lib/avr5\libm.a(fp_mpack.o)
                0x00002d72                __fp_mpack
                0x00002d76                __fp_mpack_finite
 .text.libgcc.mul
                0x00002d8e       0x1e c:/program files (x86)/atmel/atmel toolchain/avr8 gcc/native/3.4.1061/avr8-gnu-toolchain/bin/../lib/gcc/avr/4.8.1/avr5\libgcc.a(_mulsi3.o)
                0x00002d8e                __mulsi3
 .text.libgcc.div
                0x00002dac       0x44 c:/program files (x86)/atmel/atmel toolchain/avr8 gcc/native/3.4.1061/avr8-gnu-toolchain/bin/../lib/gcc/avr/4.8.1/avr5\libgcc.a(_udivmodsi4.o)
                0x00002dac                __udivmodsi4
 .text.libgcc.mul
                0x00002df0       0x14 c:/program files (x86)/atmel/atmel toolchain/avr8 gcc/native/3.4.1061/avr8-gnu-toolchain/bin/../lib/gcc/avr/4.8.1/avr5\libgcc.a(_muluhisi3.o)
                0x00002df0                __muluhisi3
 .text.libgcc.prologue
                0x00002e04       0x38 c:/program files (x86)/atmel/atmel toolchain/avr8 gcc/native/3.4.1061/avr8-gnu-toolchain/bin/../lib/gcc/avr/4.8.1/avr5\libgcc.a(_prologue.o)
                0x00002e04                __prologue_saves__
 .text.libgcc.prologue
                0x00002e3c       0x36 c:/program files (x86)/atmel/atmel toolchain/avr8 gcc/native/3.4.1061/avr8-gnu-toolchain/bin/../lib/gcc/avr/4.8.1/avr5\libgcc.a(_epilogue.o)
                0x00002e3c                __epilogue_restores__
 .text.libgcc.mul
                0x00002e72       0x1e c:/program files (x86)/atmel/atmel toolchain/avr8 gcc/native/3.4.1061/avr8-gnu-toolchain/bin/../lib/gcc/avr/4.8.1/avr5\libgcc.a(_umulhisi3.o)
                0x00002e72                __umulhisi3
 .text.avr-libc
                0x00002e90      0x24e c:/program files (x86)/atmel/atmel toolchain/avr8 gcc/native/3.4.1061/avr8-gnu-toolchain/bin/../lib/gcc/avr/4.8.1/../../../../avr/lib/avr5\libc.a(malloc.o)
                0x00002e90                malloc
                0x00002fc0                free
 .text.avr-libc
                0x000030de      0x1b0 c:/program files (x86)/atmel/atmel toolchain/avr8 gcc/native/3.4.1061/avr8-gnu-toolchain/bin/../lib/gcc/avr/4.8.1/../../../../avr/lib/avr5\libc.a(ftoa_engine.o)
                0x000030de                __ftoa_engine
 .text.avr-libc
                0x0000328e       0x16 c:/program files (x86)/atmel/atmel toolchain/avr8 gcc/native/3.4.1061/avr8-gnu-toolchain/bin/../lib/gcc/avr/4.8.1/../../../../avr/lib/avr5\libc.a(strnlen_P.o)
                0x0000328e                strnlen_P
 .text.avr-libc
                0x000032a4       0x16 c:/program files (x86)/atmel/atmel toolchain/avr8 gcc/native/3.4.1061/avr8-gnu-toolchain/bin/../lib/gcc/avr/4.8.1/../../../../avr/lib/avr5\libc.a(strnlen.o)
                0x000032a4                strnlen
 .text.avr-libc
                0x000032ba       0x64 c:/program files (x86)/atmel/atmel toolchain/avr8 gcc/native/3.4.1061/avr8-gnu-toolchain/bin/../lib/gcc/avr/4.8.1/../../../../avr/lib/avr5\libc.a(fputc.o)
                0x000032ba                fputc
 .text.avr-libc
                0x0000331e       0x24 c:/program files (x86)/atmel/atmel toolchain/avr8 gcc/native/3.4.1061/avr8-gnu-toolchain/bin/../lib/gcc/avr/4.8.1/../../../../avr/lib/avr5\libc.a(printf.o)
                0x0000331e                printf
 .text.avr-libc
                0x00003342       0xbc c:/program files (x86)/atmel/atmel toolchain/avr8 gcc/native/3.4.1061/avr8-gnu-toolchain/bin/../lib/gcc/avr/4.8.1/../../../../avr/lib/avr5\libc.a(ultoa_invert.o)
                0x00003342                __ultoa_invert
                0x000033fe                . = ALIGN (0x2)
 *(.fini9)
 .fini9         0x000033fe        0x0 c:/program files (x86)/atmel/atmel toolchain/avr8 gcc/native/3.4.1061/avr8-gnu-toolchain/bin/../lib/gcc/avr/4.8.1/avr5\libgcc.a(_exit.o)
                0x000033fe                _exit
                0x000033fe                exit
 *(.fini9)
 *(.fini8)
 *(.fini8)
 *(.fini7)
 *(.fini7)
 *(.fini6)
 *(.fini6)
 *(.fini5)
 *(.fini5)
 *(.fini4)
 *(.fini4)
 *(.fini3)
 *(.fini3)
 *(.fini2)
 *(.fini2)
 *(.fini1)
 *(.fini1)
 *(.fini0)
 .fini0         0x000033fe        0x4 c:/program files (x86)/atmel/atmel toolchain/avr8 gcc/native/3.4.1061/avr8-gnu-toolchain/bin/../lib/gcc/avr/4.8.1/avr5\libgcc.a(_exit.o)
 *(.fini0)
                0x00003402                _etext = .

.data           0x00800100       0x2a load address 0x00003402
                0x00800100                PROVIDE (__data_start, .)
 *(.data)
 .data          0x00800100        0xe ../../../../../Libraries\libcapi324v221.a(LCD_globals.o)
                0x00800100                LCD_stdout
 .data          0x0080010e        0x8 ../../../../../Libraries\libcapi324v221.a(STEPPER_globals.o)
                0x0080010e                Motor_L_LUT
                0x00800112                Motor_R_LUT
 .data          0x00800116        0x6 c:/program files (x86)/atmel/atmel toolchain/avr8 gcc/native/3.4.1061/avr8-gnu-toolchain/bin/../lib/gcc/avr/4.8.1/../../../../avr/lib/avr5\libc.a(malloc.o)
                0x00800116                __malloc_heap_end
                0x00800118                __malloc_heap_start
                0x0080011a                __malloc_margin
 *(.data*)
 *(.rodata)
 *(.rodata*)
 .rodata.str1.1
                0x0080011c        0xe HelloDolly.o
 *(.gnu.linkonce.d*)
                0x0080012a                . = ALIGN (0x2)
                0x0080012a                _edata = .
                0x0080012a                PROVIDE (__data_end, .)

.bss            0x0080012a       0xe4
                0x0080012a                PROVIDE (__bss_start, .)
 *(.bss)
 .bss           0x0080012a       0x40 ../../../../../Libraries\libcapi324v221.a(ISR_globals.o)
                0x0080012a                CBOT_ISR_vtable
 .bss           0x0080016a       0x10 ../../../../../Libraries\libcapi324v221.a(SPI_globals.o)
                0x0080016a                spi_config_func_LUT
 .bss           0x0080017a       0x10 ../../../../../Libraries\libcapi324v221.a(SPKR_globals.o)
                0x0080017a                tone_mode_active
                0x0080017b                beep_mode_active
                0x0080017c                spkr_accum32
                0x00800180                spkr_freq
                0x00800184                beep_accum16
                0x00800186                beep_freq
                0x00800188                p_Freq_LUT
 .bss           0x0080018a        0x2 ../../../../../Libraries\libcapi324v221.a(TMRSRVC_globals.o)
                0x0080018a                timer_busy_status
                0x0080018b                timer_run_status
 .bss           0x0080018c        0x1 ../../../../../Libraries\libcapi324v221.a(STEPPER_process_run_mode.o)
 .bss           0x0080018d        0x4 ../../../../../Libraries\libcapi324v221.a(STEPPER_process_pwm.o)
 *(.bss*)
 *(COMMON)
 COMMON         0x00800191       0x13 ../../../../../Libraries\libcapi324v221.a(SYS_globals.o)
                0x00800191                CBOT_system
 COMMON         0x008001a4        0x5 ../../../../../Libraries\libcapi324v221.a(LCD_globals.o)
                0x008001a4                LCD_params
 COMMON         0x008001a9        0x1 ../../../../../Libraries\libcapi324v221.a(SPI_globals.o)
                0x008001a9                curr_spi_addr
 COMMON         0x008001aa       0x1e ../../../../../Libraries\libcapi324v221.a(ATTINY_globals.o)
                0x008001aa                ATTINY_params
 COMMON         0x008001c8        0x3 ../../../../../Libraries\libcapi324v221.a(TMRSRVC_globals.o)
                0x008001c8                tmrNodes
 COMMON         0x008001cb       0x39 ../../../../../Libraries\libcapi324v221.a(STEPPER_globals.o)
                0x008001cb                STEPPER_params
                0x00800202                step_done
 COMMON         0x00800204        0x4 c:/program files (x86)/atmel/atmel toolchain/avr8 gcc/native/3.4.1061/avr8-gnu-toolchain/bin/../lib/gcc/avr/4.8.1/../../../../avr/lib/avr5\libc.a(malloc.o)
                0x00800204                __brkval
                0x00800206                __flp
 COMMON         0x00800208        0x6 c:/program files (x86)/atmel/atmel toolchain/avr8 gcc/native/3.4.1061/avr8-gnu-toolchain/bin/../lib/gcc/avr/4.8.1/../../../../avr/lib/avr5\libc.a(iob.o)
                0x00800208                __iob
                0x0080020e                PROVIDE (__bss_end, .)
                0x00003402                __data_load_start = LOADADDR (.data)
                0x0000342c                __data_load_end = (__data_load_start + SIZEOF (.data))

.noinit         0x0080020e        0x0
                0x0080020e                PROVIDE (__noinit_start, .)
 *(.noinit*)
                0x0080020e                PROVIDE (__noinit_end, .)
                0x0080020e                _end = .
                0x0080020e                PROVIDE (__heap_start, .)

.eeprom         0x00810000        0x0
 *(.eeprom*)
                0x00810000                __eeprom_end = .

.fuse
 *(.fuse)
 *(.lfuse)
 *(.hfuse)
 *(.efuse)

.lock
 *(.lock*)

.signature
 *(.signature*)

.user_signatures
 *(.user_signatures*)

.stab
 *(.stab)

.stabstr
 *(.stabstr)

.stab.excl
 *(.stab.excl)

.stab.exclstr
 *(.stab.exclstr)

.stab.index
 *(.stab.index)

.stab.indexstr
 *(.stab.indexstr)

.comment        0x00000000       0x5c
 *(.comment)
 .comment       0x00000000       0x30 HelloDolly.o
                                 0x31 (size before relaxing)
 .comment       0x00000030       0x2c c:/program files (x86)/atmel/atmel toolchain/avr8 gcc/native/3.4.1061/avr8-gnu-toolchain/bin/../lib/gcc/avr/4.8.1/../../../../avr/lib/avr5\libprintf_flt.a(vfprintf_flt.o)
                                 0x2d (size before relaxing)
 .comment       0x00000000       0x31 c:/program files (x86)/atmel/atmel toolchain/avr8 gcc/native/3.4.1061/avr8-gnu-toolchain/bin/../lib/gcc/avr/4.8.1/../../../../avr/lib/avr5\libc.a(malloc.o)
 .comment       0x00000000       0x31 c:/program files (x86)/atmel/atmel toolchain/avr8 gcc/native/3.4.1061/avr8-gnu-toolchain/bin/../lib/gcc/avr/4.8.1/../../../../avr/lib/avr5\libc.a(fputc.o)
 .comment       0x00000000       0x31 c:/program files (x86)/atmel/atmel toolchain/avr8 gcc/native/3.4.1061/avr8-gnu-toolchain/bin/../lib/gcc/avr/4.8.1/../../../../avr/lib/avr5\libc.a(iob.o)
 .comment       0x00000000       0x31 c:/program files (x86)/atmel/atmel toolchain/avr8 gcc/native/3.4.1061/avr8-gnu-toolchain/bin/../lib/gcc/avr/4.8.1/../../../../avr/lib/avr5\libc.a(printf.o)

.note.gnu.build-id
 *(.note.gnu.build-id)

.debug
 *(.debug)

.line
 *(.line)

.debug_srcinfo
 *(.debug_srcinfo)

.debug_sfnames
 *(.debug_sfnames)

.debug_aranges  0x00000000       0x20
 *(.debug_aranges)
 .debug_aranges
                0x00000000       0x20 HelloDolly.o

.debug_pubnames
 *(.debug_pubnames)

.debug_info     0x00000000      0x1d7
 *(.debug_info .gnu.linkonce.wi.*)
 .debug_info    0x00000000      0x1d7 HelloDolly.o

.debug_abbrev   0x00000000       0xd8
 *(.debug_abbrev)
 .debug_abbrev  0x00000000       0xd8 HelloDolly.o

.debug_line     0x00000000       0xff
 *(.debug_line .debug_line.* .debug_line_end)
 .debug_line    0x00000000       0xff HelloDolly.o

.debug_frame    0x00000000       0x30
 *(.debug_frame)
 .debug_frame   0x00000000       0x30 HelloDolly.o

.debug_str      0x00000000      0x321
 *(.debug_str)
 .debug_str     0x00000000      0x321 HelloDolly.o
                                0x35a (size before relaxing)

.debug_loc      0x00000000       0x3c
 *(.debug_loc)
 .debug_loc     0x00000000       0x3c HelloDolly.o

.debug_macinfo
 *(.debug_macinfo)

.debug_weaknames
 *(.debug_weaknames)

.debug_funcnames
 *(.debug_funcnames)

.debug_typenames
 *(.debug_typenames)

.debug_varnames
 *(.debug_varnames)

.debug_pubtypes
 *(.debug_pubtypes)

.debug_ranges   0x00000000       0x10
 *(.debug_ranges)
 .debug_ranges  0x00000000       0x10 HelloDolly.o

.debug_macro
 *(.debug_macro)
OUTPUT(HelloDolly.elf elf32-avr)
LOAD linker stubs
